Archive member included to satisfy reference by file (symbol)

/home/lucie/Documents/LELEC210X/lelec210X_GroupeF/goldenProject/STM/GoldenProject/ARM_CMSIS/CMSIS/DSP/Lib/GCC/libarm_cortexM4lf_math.a(arm_q15_to_float.o)
                              ./Core/Src/adc_dblbuf.o (arm_q15_to_float)
/home/lucie/Documents/LELEC210X/lelec210X_GroupeF/goldenProject/STM/GoldenProject/ARM_CMSIS/CMSIS/DSP/Lib/GCC/libarm_cortexM4lf_math.a(arm_rfft_q15.o)
                              ./Core/Src/spectrogram.o (arm_rfft_q15)
/home/lucie/Documents/LELEC210X/lelec210X_GroupeF/goldenProject/STM/GoldenProject/ARM_CMSIS/CMSIS/DSP/Lib/GCC/libarm_cortexM4lf_math.a(arm_rfft_init_q15.o)
                              ./Core/Src/spectrogram.o (arm_rfft_init_q15)
/home/lucie/Documents/LELEC210X/lelec210X_GroupeF/goldenProject/STM/GoldenProject/ARM_CMSIS/CMSIS/DSP/Lib/GCC/libarm_cortexM4lf_math.a(arm_mat_mult_fast_q15.o)
                              ./Core/Src/spectrogram.o (arm_mat_mult_fast_q15)
/home/lucie/Documents/LELEC210X/lelec210X_GroupeF/goldenProject/STM/GoldenProject/ARM_CMSIS/CMSIS/DSP/Lib/GCC/libarm_cortexM4lf_math.a(arm_mat_init_q15.o)
                              ./Core/Src/spectrogram.o (arm_mat_init_q15)
/home/lucie/Documents/LELEC210X/lelec210X_GroupeF/goldenProject/STM/GoldenProject/ARM_CMSIS/CMSIS/DSP/Lib/GCC/libarm_cortexM4lf_math.a(arm_cmplx_mag_q15.o)
                              ./Core/Src/spectrogram.o (arm_cmplx_mag_q15)
/home/lucie/Documents/LELEC210X/lelec210X_GroupeF/goldenProject/STM/GoldenProject/ARM_CMSIS/CMSIS/DSP/Lib/GCC/libarm_cortexM4lf_math.a(arm_sqrt_q15.o)
                              /home/lucie/Documents/LELEC210X/lelec210X_GroupeF/goldenProject/STM/GoldenProject/ARM_CMSIS/CMSIS/DSP/Lib/GCC/libarm_cortexM4lf_math.a(arm_cmplx_mag_q15.o) (arm_sqrt_q15)
/home/lucie/Documents/LELEC210X/lelec210X_GroupeF/goldenProject/STM/GoldenProject/ARM_CMSIS/CMSIS/DSP/Lib/GCC/libarm_cortexM4lf_math.a(arm_shift_q15.o)
                              ./Core/Src/spectrogram.o (arm_shift_q15)
/home/lucie/Documents/LELEC210X/lelec210X_GroupeF/goldenProject/STM/GoldenProject/ARM_CMSIS/CMSIS/DSP/Lib/GCC/libarm_cortexM4lf_math.a(arm_mult_q15.o)
                              ./Core/Src/spectrogram.o (arm_mult_q15)
/home/lucie/Documents/LELEC210X/lelec210X_GroupeF/goldenProject/STM/GoldenProject/ARM_CMSIS/CMSIS/DSP/Lib/GCC/libarm_cortexM4lf_math.a(arm_const_structs.o)
                              /home/lucie/Documents/LELEC210X/lelec210X_GroupeF/goldenProject/STM/GoldenProject/ARM_CMSIS/CMSIS/DSP/Lib/GCC/libarm_cortexM4lf_math.a(arm_rfft_init_q15.o) (arm_cfft_sR_q15_len4096)
/home/lucie/Documents/LELEC210X/lelec210X_GroupeF/goldenProject/STM/GoldenProject/ARM_CMSIS/CMSIS/DSP/Lib/GCC/libarm_cortexM4lf_math.a(arm_common_tables.o)
                              /home/lucie/Documents/LELEC210X/lelec210X_GroupeF/goldenProject/STM/GoldenProject/ARM_CMSIS/CMSIS/DSP/Lib/GCC/libarm_cortexM4lf_math.a(arm_rfft_init_q15.o) (realCoefBQ15)
/home/lucie/Documents/LELEC210X/lelec210X_GroupeF/goldenProject/STM/GoldenProject/ARM_CMSIS/CMSIS/DSP/Lib/GCC/libarm_cortexM4lf_math.a(arm_cfft_q15.o)
                              /home/lucie/Documents/LELEC210X/lelec210X_GroupeF/goldenProject/STM/GoldenProject/ARM_CMSIS/CMSIS/DSP/Lib/GCC/libarm_cortexM4lf_math.a(arm_rfft_q15.o) (arm_cfft_q15)
/home/lucie/Documents/LELEC210X/lelec210X_GroupeF/goldenProject/STM/GoldenProject/ARM_CMSIS/CMSIS/DSP/Lib/GCC/libarm_cortexM4lf_math.a(arm_cfft_radix4_q15.o)
                              /home/lucie/Documents/LELEC210X/lelec210X_GroupeF/goldenProject/STM/GoldenProject/ARM_CMSIS/CMSIS/DSP/Lib/GCC/libarm_cortexM4lf_math.a(arm_cfft_q15.o) (arm_radix4_butterfly_q15)
/home/lucie/Documents/LELEC210X/lelec210X_GroupeF/goldenProject/STM/GoldenProject/ARM_CMSIS/CMSIS/DSP/Lib/GCC/libarm_cortexM4lf_math.a(arm_bitreversal2.o)
                              /home/lucie/Documents/LELEC210X/lelec210X_GroupeF/goldenProject/STM/GoldenProject/ARM_CMSIS/CMSIS/DSP/Lib/GCC/libarm_cortexM4lf_math.a(arm_cfft_q15.o) (arm_bitreversal_16)
/home/lucie/Documents/LELEC210X/lelec210X_GroupeF/goldenProject/STM/GoldenProject/ARM_CMSIS/CMSIS/DSP/Lib/GCC/libarm_cortexM4lf_math.a(arm_bitreversal.o)
                              /home/lucie/Documents/LELEC210X/lelec210X_GroupeF/goldenProject/STM/GoldenProject/ARM_CMSIS/CMSIS/DSP/Lib/GCC/libarm_cortexM4lf_math.a(arm_cfft_radix4_q15.o) (arm_bitreversal_q15)
/opt/st/stm32cubeide_1.14.0/plugins/com.st.stm32cube.ide.mcu.externaltools.gnu-tools-for-stm32.11.3.rel1.linux64_1.1.100.202309141235/tools/bin/../lib/gcc/arm-none-eabi/11.3.1/../../../../arm-none-eabi/lib/thumb/v7e-m+fp/hard/libc_nano.a(libc_a-exit.o)
                              /opt/st/stm32cubeide_1.14.0/plugins/com.st.stm32cube.ide.mcu.externaltools.gnu-tools-for-stm32.11.3.rel1.linux64_1.1.100.202309141235/tools/bin/../lib/gcc/arm-none-eabi/11.3.1/../../../../arm-none-eabi/lib/thumb/v7e-m+fp/hard/crt0.o (exit)
[...]
Memory Configuration

Name             Origin             Length             Attributes
RAM              0x0000000020000000 0x0000000000050000 xrw
FLASH            0x0000000008000000 0x0000000000100000 xr
*default*        0x0000000000000000 0xffffffffffffffff

Linker script and memory map

LOAD /opt/st/stm32cubeide_1.14.0/plugins/com.st.stm32cube.ide.mcu.externaltools.gnu-tools-for-stm32.11.3.rel1.linux64_1.1.100.202309141235/tools/bin/../lib/gcc/arm-none-eabi/11.3.1/thumb/v7e-m+fp/hard/crti.o
LOAD /opt/st/stm32cubeide_1.14.0/plugins/com.st.stm32cube.ide.mcu.externaltools.gnu-tools-for-stm32.11.3.rel1.linux64_1.1.100.202309141235/tools/bin/../lib/gcc/arm-none-eabi/11.3.1/thumb/v7e-m+fp/hard/crtbegin.o
LOAD /opt/st/stm32cubeide_1.14.0/plugins/com.st.stm32cube.ide.mcu.externaltools.gnu-tools-for-stm32.11.3.rel1.linux64_1.1.100.202309141235/tools/bin/../lib/gcc/arm-none-eabi/11.3.1/../../../../arm-none-eabi/lib/thumb/v7e-m+fp/hard/crt0.o
LOAD ./Core/Src/adc.o
LOAD ./Core/Src/adc_dblbuf.o
LOAD ./Core/Src/aes_ref.o
LOAD ./Core/Src/arm_absmax_q15.o
LOAD ./Core/Src/dma.o
LOAD ./Core/Src/eval_radio.o
LOAD ./Core/Src/gpio.o
LOAD ./Core/Src/main.o
LOAD ./Core/Src/packet.o
LOAD ./Core/Src/retarget.o
LOAD ./Core/Src/s2lp.o
LOAD ./Core/Src/spectrogram.o
LOAD ./Core/Src/spi.o
LOAD ./Core/Src/stm32l4xx_hal_msp.o
LOAD ./Core/Src/stm32l4xx_it.o
LOAD ./Core/Src/sysmem.o
LOAD ./Core/Src/system_stm32l4xx.o
LOAD ./Core/Src/tim.o
LOAD ./Core/Src/usart.o
LOAD ./Core/Src/utils.o
LOAD ./Core/Startup/startup_stm32l4a6zgtx.o
LOAD ./Drivers/STM32L4xx_HAL_Driver/Src/stm32l4xx_hal.o
LOAD ./Drivers/STM32L4xx_HAL_Driver/Src/stm32l4xx_hal_adc.o
LOAD ./Drivers/STM32L4xx_HAL_Driver/Src/stm32l4xx_hal_adc_ex.o
LOAD ./Drivers/STM32L4xx_HAL_Driver/Src/stm32l4xx_hal_cortex.o
LOAD ./Drivers/STM32L4xx_HAL_Driver/Src/stm32l4xx_hal_dma.o
LOAD ./Drivers/STM32L4xx_HAL_Driver/Src/stm32l4xx_hal_dma_ex.o
LOAD ./Drivers/STM32L4xx_HAL_Driver/Src/stm32l4xx_hal_exti.o
LOAD ./Drivers/STM32L4xx_HAL_Driver/Src/stm32l4xx_hal_flash.o
LOAD ./Drivers/STM32L4xx_HAL_Driver/Src/stm32l4xx_hal_flash_ex.o
LOAD ./Drivers/STM32L4xx_HAL_Driver/Src/stm32l4xx_hal_flash_ramfunc.o
LOAD ./Drivers/STM32L4xx_HAL_Driver/Src/stm32l4xx_hal_gpio.o
LOAD ./Drivers/STM32L4xx_HAL_Driver/Src/stm32l4xx_hal_i2c.o
LOAD ./Drivers/STM32L4xx_HAL_Driver/Src/stm32l4xx_hal_i2c_ex.o
LOAD ./Drivers/STM32L4xx_HAL_Driver/Src/stm32l4xx_hal_pwr.o
LOAD ./Drivers/STM32L4xx_HAL_Driver/Src/stm32l4xx_hal_pwr_ex.o
LOAD ./Drivers/STM32L4xx_HAL_Driver/Src/stm32l4xx_hal_rcc.o
LOAD ./Drivers/STM32L4xx_HAL_Driver/Src/stm32l4xx_hal_rcc_ex.o
LOAD ./Drivers/STM32L4xx_HAL_Driver/Src/stm32l4xx_hal_spi.o
LOAD ./Drivers/STM32L4xx_HAL_Driver/Src/stm32l4xx_hal_spi_ex.o
LOAD ./Drivers/STM32L4xx_HAL_Driver/Src/stm32l4xx_hal_tim.o
LOAD ./Drivers/STM32L4xx_HAL_Driver/Src/stm32l4xx_hal_tim_ex.o
LOAD ./Drivers/STM32L4xx_HAL_Driver/Src/stm32l4xx_hal_uart.o
LOAD ./Drivers/STM32L4xx_HAL_Driver/Src/stm32l4xx_hal_uart_ex.o
LOAD /home/lucie/Documents/LELEC210X/lelec210X_GroupeF/goldenProject/STM/GoldenProject/ARM_CMSIS/CMSIS/DSP/Lib/GCC/libarm_cortexM4lf_math.a
START GROUP
LOAD /opt/st/stm32cubeide_1.14.0/plugins/com.st.stm32cube.ide.mcu.externaltools.gnu-tools-for-stm32.11.3.rel1.linux64_1.1.100.202309141235/tools/bin/../lib/gcc/arm-none-eabi/11.3.1/../../../../arm-none-eabi/lib/thumb/v7e-m+fp/hard/libc_nano.a
LOAD /opt/st/stm32cubeide_1.14.0/plugins/com.st.stm32cube.ide.mcu.externaltools.gnu-tools-for-stm32.11.3.rel1.linux64_1.1.100.202309141235/tools/bin/../lib/gcc/arm-none-eabi/11.3.1/../../../../arm-none-eabi/lib/thumb/v7e-m+fp/hard/libm.a
END GROUP
START GROUP
LOAD /opt/st/stm32cubeide_1.14.0/plugins/com.st.stm32cube.ide.mcu.externaltools.gnu-tools-for-stm32.11.3.rel1.linux64_1.1.100.202309141235/tools/bin/../lib/gcc/arm-none-eabi/11.3.1/thumb/v7e-m+fp/hard/libgcc.a
LOAD /opt/st/stm32cubeide_1.14.0/plugins/com.st.stm32cube.ide.mcu.externaltools.gnu-tools-for-stm32.11.3.rel1.linux64_1.1.100.202309141235/tools/bin/../lib/gcc/arm-none-eabi/11.3.1/../../../../arm-none-eabi/lib/thumb/v7e-m+fp/hard/libc_nano.a
END GROUP
START GROUP
LOAD /opt/st/stm32cubeide_1.14.0/plugins/com.st.stm32cube.ide.mcu.externaltools.gnu-tools-for-stm32.11.3.rel1.linux64_1.1.100.202309141235/tools/bin/../lib/gcc/arm-none-eabi/11.3.1/thumb/v7e-m+fp/hard/libgcc.a
LOAD /opt/st/stm32cubeide_1.14.0/plugins/com.st.stm32cube.ide.mcu.externaltools.gnu-tools-for-stm32.11.3.rel1.linux64_1.1.100.202309141235/tools/bin/../lib/gcc/arm-none-eabi/11.3.1/../../../../arm-none-eabi/lib/thumb/v7e-m+fp/hard/libc_nano.a
LOAD /opt/st/stm32cubeide_1.14.0/plugins/com.st.stm32cube.ide.mcu.externaltools.gnu-tools-for-stm32.11.3.rel1.linux64_1.1.100.202309141235/tools/bin/../lib/gcc/arm-none-eabi/11.3.1/../../../../arm-none-eabi/lib/thumb/v7e-m+fp/hard/libnosys.a
END GROUP
START GROUP
LOAD /opt/st/stm32cubeide_1.14.0/plugins/com.st.stm32cube.ide.mcu.externaltools.gnu-tools-for-stm32.11.3.rel1.linux64_1.1.100.202309141235/tools/bin/../lib/gcc/arm-none-eabi/11.3.1/thumb/v7e-m+fp/hard/libgcc.a
LOAD /opt/st/stm32cubeide_1.14.0/plugins/com.st.stm32cube.ide.mcu.externaltools.gnu-tools-for-stm32.11.3.rel1.linux64_1.1.100.202309141235/tools/bin/../lib/gcc/arm-none-eabi/11.3.1/../../../../arm-none-eabi/lib/thumb/v7e-m+fp/hard/libc_nano.a
LOAD /opt/st/stm32cubeide_1.14.0/plugins/com.st.stm32cube.ide.mcu.externaltools.gnu-tools-for-stm32.11.3.rel1.linux64_1.1.100.202309141235/tools/bin/../lib/gcc/arm-none-eabi/11.3.1/../../../../arm-none-eabi/lib/thumb/v7e-m+fp/hard/libnosys.a
END GROUP
LOAD /opt/st/stm32cubeide_1.14.0/plugins/com.st.stm32cube.ide.mcu.externaltools.gnu-tools-for-stm32.11.3.rel1.linux64_1.1.100.202309141235/tools/bin/../lib/gcc/arm-none-eabi/11.3.1/thumb/v7e-m+fp/hard/crtend.o
LOAD /opt/st/stm32cubeide_1.14.0/plugins/com.st.stm32cube.ide.mcu.externaltools.gnu-tools-for-stm32.11.3.rel1.linux64_1.1.100.202309141235/tools/bin/../lib/gcc/arm-none-eabi/11.3.1/thumb/v7e-m+fp/hard/crtn.o
                0x0000000020050000                _estack = (ORIGIN (RAM) + LENGTH (RAM))
                0x0000000000000200                _Min_Heap_Size = 0x200
                0x0000000000000400                _Min_Stack_Size = 0x400

.isr_vector     0x0000000008000000      0x1ac
                0x0000000008000000                . = ALIGN (0x4)
 *(.isr_vector)
 .isr_vector    0x0000000008000000      0x1ac ./Core/Startup/startup_stm32l4a6zgtx.o
                0x0000000008000000                g_pfnVectors
                0x00000000080001ac                . = ALIGN (0x4)

.text           0x00000000080001b0     0xdb40
                0x00000000080001b0                . = ALIGN (0x4)
 *(.text)
 .text          0x00000000080001b0       0x40 /opt/st/stm32cubeide_1.14.0/plugins/com.st.stm32cube.ide.mcu.externaltools.gnu-tools-for-stm32.11.3.rel1.linux64_1.1.100.202309141235/tools/bin/../lib/gcc/arm-none-eabi/11.3.1/thumb/v7e-m+fp/hard/crtbegin.o
 .text          0x00000000080001f0       0xa0 /opt/st/stm32cubeide_1.14.0/plugins/com.st.stm32cube.ide.mcu.externaltools.gnu-tools-for-stm32.11.3.rel1.linux64_1.1.100.202309141235/tools/bin/../lib/gcc/arm-none-eabi/11.3.1/../../../../arm-none-eabi/lib/thumb/v7e-m+fp/hard/libc_nano.a(libc_a-memchr.o)
                0x00000000080001f0                memchr
 .text          0x0000000008000290       0x10 /opt/st/stm32cubeide_1.14.0/plugins/com.st.stm32cube.ide.mcu.externaltools.gnu-tools-for-stm32.11.3.rel1.linux64_1.1.100.202309141235/tools/bin/../lib/gcc/arm-none-eabi/11.3.1/../../../../arm-none-eabi/lib/thumb/v7e-m+fp/hard/libc_nano.a(libc_a-strlen.o)
                0x0000000008000290                strlen
 .text          0x00000000080002a0      0x378 /opt/st/stm32cubeide_1.14.0/plugins/com.st.stm32cube.ide.mcu.externaltools.gnu-tools-for-stm32.11.3.rel1.linux64_1.1.100.202309141235/tools/bin/../lib/gcc/arm-none-eabi/11.3.1/thumb/v7e-m+fp/hard/libgcc.a(_arm_addsubdf3.o)
                0x00000000080002a0                __aeabi_drsub
                0x00000000080002a8                __aeabi_dsub
                0x00000000080002a8                __subdf3
                0x00000000080002ac                __adddf3
                0x00000000080002ac                __aeabi_dadd
                0x0000000008000524                __aeabi_ui2d
                0x0000000008000524                __floatunsidf
                0x0000000008000544                __floatsidf
                0x0000000008000544                __aeabi_i2d
                0x0000000008000568                __extendsfdf2
                0x0000000008000568                __aeabi_f2d
                0x00000000080005ac                __aeabi_ul2d
                0x00000000080005ac                __floatundidf
                0x00000000080005bc                __floatdidf
                0x00000000080005bc                __aeabi_l2d
 .text          0x0000000008000618      0x424 /opt/st/stm32cubeide_1.14.0/plugins/com.st.stm32cube.ide.mcu.externaltools.gnu-tools-for-stm32.11.3.rel1.linux64_1.1.100.202309141235/tools/bin/../lib/gcc/arm-none-eabi/11.3.1/thumb/v7e-m+fp/hard/libgcc.a(_arm_muldivdf3.o)
                0x0000000008000618                __aeabi_dmul
                0x0000000008000618                __muldf3
                0x000000000800086c                __aeabi_ddiv
                0x000000000800086c                __divdf3
 .text          0x0000000008000a3c      0x110 /opt/st/stm32cubeide_1.14.0/plugins/com.st.stm32cube.ide.mcu.externaltools.gnu-tools-for-stm32.11.3.rel1.linux64_1.1.100.202309141235/tools/bin/../lib/gcc/arm-none-eabi/11.3.1/thumb/v7e-m+fp/hard/libgcc.a(_arm_cmpdf2.o)
                0x0000000008000a3c                __gtdf2
                0x0000000008000a3c                __gedf2
                0x0000000008000a44                __ltdf2
                0x0000000008000a44                __ledf2
                0x0000000008000a4c                __cmpdf2
                0x0000000008000a4c                __eqdf2
                0x0000000008000a4c                __nedf2
                0x0000000008000ac8                __aeabi_cdrcmple
                0x0000000008000ad8                __aeabi_cdcmple
                0x0000000008000ad8                __aeabi_cdcmpeq
                0x0000000008000ae8                __aeabi_dcmpeq
                0x0000000008000afc                __aeabi_dcmplt
                0x0000000008000b10                __aeabi_dcmple
                0x0000000008000b24                __aeabi_dcmpge
                0x0000000008000b38                __aeabi_dcmpgt
 .text          0x0000000008000b4c       0x2c /opt/st/stm32cubeide_1.14.0/plugins/com.st.stm32cube.ide.mcu.externaltools.gnu-tools-for-stm32.11.3.rel1.linux64_1.1.100.202309141235/tools/bin/../lib/gcc/arm-none-eabi/11.3.1/thumb/v7e-m+fp/hard/libgcc.a(_arm_unorddf2.o)
                0x0000000008000b4c                __aeabi_dcmpun
                0x0000000008000b4c                __unorddf2
 .text          0x0000000008000b78       0x50 /opt/st/stm32cubeide_1.14.0/plugins/com.st.stm32cube.ide.mcu.externaltools.gnu-tools-for-stm32.11.3.rel1.linux64_1.1.100.202309141235/tools/bin/../lib/gcc/arm-none-eabi/11.3.1/thumb/v7e-m+fp/hard/libgcc.a(_arm_fixdfsi.o)
                0x0000000008000b78                __fixdfsi
                0x0000000008000b78                __aeabi_d2iz
 .text          0x0000000008000bc8       0x30 /opt/st/stm32cubeide_1.14.0/plugins/com.st.stm32cube.ide.mcu.externaltools.gnu-tools-for-stm32.11.3.rel1.linux64_1.1.100.202309141235/tools/bin/../lib/gcc/arm-none-eabi/11.3.1/thumb/v7e-m+fp/hard/libgcc.a(_aeabi_uldivmod.o)
                0x0000000008000bc8                __aeabi_uldivmod
 .text          0x0000000008000bf8      0x2c8 /opt/st/stm32cubeide_1.14.0/plugins/com.st.stm32cube.ide.mcu.externaltools.gnu-tools-for-stm32.11.3.rel1.linux64_1.1.100.202309141235/tools/bin/../lib/gcc/arm-none-eabi/11.3.1/thumb/v7e-m+fp/hard/libgcc.a(_udivmoddi4.o)
                0x0000000008000bf8                __udivmoddi4
 .text          0x0000000008000ec0        0x4 /opt/st/stm32cubeide_1.14.0/plugins/com.st.stm32cube.ide.mcu.externaltools.gnu-tools-for-stm32.11.3.rel1.linux64_1.1.100.202309141235/tools/bin/../lib/gcc/arm-none-eabi/11.3.1/thumb/v7e-m+fp/hard/libgcc.a(_dvmd_tls.o)
                0x0000000008000ec0                __aeabi_ldiv0
                0x0000000008000ec0                __aeabi_idiv0
 *(.text*)
 .text.MX_ADC1_Init
                0x0000000008000ec4       0xf4 ./Core/Src/adc.o
                0x0000000008000ec4                MX_ADC1_Init
 .text.HAL_ADC_MspInit
                0x0000000008000fb8      0x110 ./Core/Src/adc.o
                0x0000000008000fb8                HAL_ADC_MspInit
 .text.q15_to_float
                0x00000000080010c8       0x28 ./Core/Src/adc_dblbuf.o
 .text.StartADCAcq
                0x00000000080010f0       0x48 ./Core/Src/adc_dblbuf.o
                0x00000000080010f0                StartADCAcq
 .text.IsADCFinished
                0x0000000008001138       0x20 ./Core/Src/adc_dblbuf.o
                0x0000000008001138                IsADCFinished
 .text.StopADCAcq
                0x0000000008001158       0x14 ./Core/Src/adc_dblbuf.o
 .text.print_spectrogram
                0x000000000800116c       0x9c ./Core/Src/adc_dblbuf.o
 .text.print_encoded_packet
                0x0000000008001208       0x44 ./Core/Src/adc_dblbuf.o
 .text.encode_packet
                0x000000000800124c       0xd0 ./Core/Src/adc_dblbuf.o
 .text.send_spectrogram
                0x000000000800131c       0x50 ./Core/Src/adc_dblbuf.o
 .text.get_signal_power
                0x000000000800136c      0x12c ./Core/Src/adc_dblbuf.o
                0x000000000800136c                get_signal_power
 .text.ADC_Callback
                0x0000000008001498      0x124 ./Core/Src/adc_dblbuf.o
 .text.HAL_ADC_ConvCpltCallback
                0x00000000080015bc       0x16 ./Core/Src/adc_dblbuf.o
                0x00000000080015bc                HAL_ADC_ConvCpltCallback
 .text.HAL_ADC_ConvHalfCpltCallback
                0x00000000080015d2       0x16 ./Core/Src/adc_dblbuf.o
                0x00000000080015d2                HAL_ADC_ConvHalfCpltCallback
 .text.mul      0x00000000080015e8       0x64 ./Core/Src/aes_ref.o
                0x00000000080015e8                mul
 .text.AddRoundKey
                0x000000000800164c       0x6e ./Core/Src/aes_ref.o
                0x000000000800164c                AddRoundKey
 .text.SubBytes
                0x00000000080016ba       0x64 ./Core/Src/aes_ref.o
                0x00000000080016ba                SubBytes
 *fill*         0x000000000800171e        0x2 
 .text.ShiftRows
                0x0000000008001720      0x140 ./Core/Src/aes_ref.o
                0x0000000008001720                ShiftRows
 .text.MixColumns
                0x0000000008001860      0x11a ./Core/Src/aes_ref.o
                0x0000000008001860                MixColumns
 *fill*         0x000000000800197a        0x2 
 .text.KeyExpansion
                0x000000000800197c      0x338 ./Core/Src/aes_ref.o
                0x000000000800197c                KeyExpansion
 .text.Encrypt  0x0000000008001cb4       0x7c ./Core/Src/aes_ref.o
                0x0000000008001cb4                Encrypt
 .text.AES128_encrypt
                0x0000000008001d30      0x14c ./Core/Src/aes_ref.o
                0x0000000008001d30                AES128_encrypt
 .text.arm_absmax_q15
                0x0000000008001e7c      0x22e ./Core/Src/arm_absmax_q15.o
                0x0000000008001e7c                arm_absmax_q15
 *fill*         0x00000000080020aa        0x2 
 .text.MX_DMA_Init
                0x00000000080020ac       0x3c ./Core/Src/dma.o
                0x00000000080020ac                MX_DMA_Init
 .text.MX_GPIO_Init
                0x00000000080020e8      0x334 ./Core/Src/gpio.o
                0x00000000080020e8                MX_GPIO_Init
 .text.HAL_GPIO_EXTI_Callback
                0x000000000800241c       0x30 ./Core/Src/main.o
                0x000000000800241c                HAL_GPIO_EXTI_Callback
 .text.acquire_and_send_packet
                0x000000000800244c       0x30 ./Core/Src/main.o
 .text.run      0x000000000800247c       0x5c ./Core/Src/main.o
                0x000000000800247c                run
 .text.main     0x00000000080024d8       0xb8 ./Core/Src/main.o
                0x00000000080024d8                main
 .text.SystemClock_Config
                0x0000000008002590       0x8c ./Core/Src/main.o
                0x0000000008002590                SystemClock_Config
 .text.Error_Handler
                0x000000000800261c       0x78 ./Core/Src/main.o
                0x000000000800261c                Error_Handler
 .text.tag_cbc_mac
                0x0000000008002694      0x180 ./Core/Src/packet.o
                0x0000000008002694                tag_cbc_mac
 .text.make_packet
                0x0000000008002814       0x86 ./Core/Src/packet.o
                0x0000000008002814                make_packet
 *fill*         0x000000000800289a        0x2 
 .text.RetargetInit
                0x000000000800289c       0x30 ./Core/Src/retarget.o
                0x000000000800289c                RetargetInit
 .text._isatty  0x00000000080028cc       0x2c ./Core/Src/retarget.o
                0x00000000080028cc                _isatty
 .text._write   0x00000000080028f8       0x58 ./Core/Src/retarget.o
                0x00000000080028f8                _write
 .text._close   0x0000000008002950       0x2e ./Core/Src/retarget.o
                0x0000000008002950                _close
 .text._lseek   0x000000000800297e       0x22 ./Core/Src/retarget.o
                0x000000000800297e                _lseek
 .text._read    0x00000000080029a0       0x50 ./Core/Src/retarget.o
                0x00000000080029a0                _read
 .text._fstat   0x00000000080029f0       0x36 ./Core/Src/retarget.o
                0x00000000080029f0                _fstat
 *fill*         0x0000000008002a26        0x2 
 .text.S2LP_Command
                0x0000000008002a28       0x64 ./Core/Src/s2lp.o
                0x0000000008002a28                S2LP_Command
 .text.S2LP_ReadReg
                0x0000000008002a8c       0x7c ./Core/Src/s2lp.o
                0x0000000008002a8c                S2LP_ReadReg
 .text.S2LP_WriteReg
                0x0000000008002b08       0x74 ./Core/Src/s2lp.o
                0x0000000008002b08                S2LP_WriteReg
 .text.S2LP_WriteTxFIFO
                0x0000000008002b7c       0x88 ./Core/Src/s2lp.o
                0x0000000008002b7c                S2LP_WriteTxFIFO
 .text.S2LP_Send
                0x0000000008002c04      0x1e0 ./Core/Src/s2lp.o
                0x0000000008002c04                S2LP_Send
 .text.S2LP_PrintStatus
                0x0000000008002de4      0x200 ./Core/Src/s2lp.o
                0x0000000008002de4                S2LP_PrintStatus
 *fill*         0x0000000008002fe4        0x4 
 .text.S2LP_PLLConf
                0x0000000008002fe8      0x23c ./Core/Src/s2lp.o
                0x0000000008002fe8                S2LP_PLLConf
 .text.ComputeDatarate
                0x0000000008003224      0x11c ./Core/Src/s2lp.o
                0x0000000008003224                ComputeDatarate
 .text.SearchDatarateME
                0x0000000008003340      0x2b4 ./Core/Src/s2lp.o
                0x0000000008003340                SearchDatarateME
 .text.ComputeFreqDeviation
                0x00000000080035f4       0xfc ./Core/Src/s2lp.o
                0x00000000080035f4                ComputeFreqDeviation
 .text.SearchFreqDevME
                0x00000000080036f0      0x254 ./Core/Src/s2lp.o
                0x00000000080036f0                SearchFreqDevME
 .text.S2LP_SetModulation
                0x0000000008003944       0x80 ./Core/Src/s2lp.o
                0x0000000008003944                S2LP_SetModulation
 .text.S2LP_SetPALeveldBm
                0x00000000080039c4       0x54 ./Core/Src/s2lp.o
                0x00000000080039c4                S2LP_SetPALeveldBm
 .text.S2LP_Init
                0x0000000008003a18      0x144 ./Core/Src/s2lp.o
                0x0000000008003a18                S2LP_Init
 .text.S2LP_IRQ_Handler
                0x0000000008003b5c       0x64 ./Core/Src/s2lp.o
                0x0000000008003b5c                S2LP_IRQ_Handler
 .text.Spectrogram_Format
                0x0000000008003bc0       0x54 ./Core/Src/spectrogram.o
                0x0000000008003bc0                Spectrogram_Format
 .text.Spectrogram_Compute
                0x0000000008003c14      0x114 ./Core/Src/spectrogram.o
                0x0000000008003c14                Spectrogram_Compute
 .text.MX_SPI1_Init
                0x0000000008003d28       0x7c ./Core/Src/spi.o
                0x0000000008003d28                MX_SPI1_Init
 .text.HAL_SPI_MspInit
                0x0000000008003da4       0xc4 ./Core/Src/spi.o
                0x0000000008003da4                HAL_SPI_MspInit
 .text.HAL_MspInit
                0x0000000008003e68       0x48 ./Core/Src/stm32l4xx_hal_msp.o
                0x0000000008003e68                HAL_MspInit
 .text.NMI_Handler
                0x0000000008003eb0        0x6 ./Core/Src/stm32l4xx_it.o
                0x0000000008003eb0                NMI_Handler
 .text.HardFault_Handler
                0x0000000008003eb6        0x6 ./Core/Src/stm32l4xx_it.o
                0x0000000008003eb6                HardFault_Handler
 .text.MemManage_Handler
                0x0000000008003ebc        0x6 ./Core/Src/stm32l4xx_it.o
                0x0000000008003ebc                MemManage_Handler
 .text.BusFault_Handler
                0x0000000008003ec2        0x6 ./Core/Src/stm32l4xx_it.o
                0x0000000008003ec2                BusFault_Handler
 .text.UsageFault_Handler
                0x0000000008003ec8        0x6 ./Core/Src/stm32l4xx_it.o
                0x0000000008003ec8                UsageFault_Handler
 .text.SVC_Handler
                0x0000000008003ece        0xe ./Core/Src/stm32l4xx_it.o
                0x0000000008003ece                SVC_Handler
 .text.DebugMon_Handler
                0x0000000008003edc        0xe ./Core/Src/stm32l4xx_it.o
                0x0000000008003edc                DebugMon_Handler
 .text.PendSV_Handler
                0x0000000008003eea        0xe ./Core/Src/stm32l4xx_it.o
                0x0000000008003eea                PendSV_Handler
 .text.SysTick_Handler
                0x0000000008003ef8        0xc ./Core/Src/stm32l4xx_it.o
                0x0000000008003ef8                SysTick_Handler
 .text.EXTI3_IRQHandler
                0x0000000008003f04        0xe ./Core/Src/stm32l4xx_it.o
                0x0000000008003f04                EXTI3_IRQHandler
 *fill*         0x0000000008003f12        0x2 
 .text.DMA1_Channel1_IRQHandler
                0x0000000008003f14       0x14 ./Core/Src/stm32l4xx_it.o
                0x0000000008003f14                DMA1_Channel1_IRQHandler
 .text.TIM3_IRQHandler
                0x0000000008003f28       0x14 ./Core/Src/stm32l4xx_it.o
                0x0000000008003f28                TIM3_IRQHandler
 .text.EXTI15_10_IRQHandler
                0x0000000008003f3c       0x10 ./Core/Src/stm32l4xx_it.o
                0x0000000008003f3c                EXTI15_10_IRQHandler
 .text._sbrk    0x0000000008003f4c       0x6c ./Core/Src/sysmem.o
                0x0000000008003f4c                _sbrk
 .text.SystemInit
                0x0000000008003fb8       0x64 ./Core/Src/system_stm32l4xx.o
                0x0000000008003fb8                SystemInit
 .text.MX_TIM3_Init
                0x000000000800401c       0x9c ./Core/Src/tim.o
                0x000000000800401c                MX_TIM3_Init
 .text.HAL_TIM_Base_MspInit
                0x00000000080040b8       0x4c ./Core/Src/tim.o
                0x00000000080040b8                HAL_TIM_Base_MspInit
 .text.MX_LPUART1_UART_Init
                0x0000000008004104       0x58 ./Core/Src/usart.o
                0x0000000008004104                MX_LPUART1_UART_Init
 .text.HAL_UART_MspInit
                0x000000000800415c       0xc4 ./Core/Src/usart.o
                0x000000000800415c                HAL_UART_MspInit
 .text.start_cycle_count
                0x0000000008004220       0x60 ./Core/Src/utils.o
                0x0000000008004220                start_cycle_count
 .text.stop_cycle_count
                0x0000000008004280       0x40 ./Core/Src/utils.o
                0x0000000008004280                stop_cycle_count
 .text.hex_encode
                0x00000000080042c0       0x78 ./Core/Src/utils.o
                0x00000000080042c0                hex_encode
 .text.Reset_Handler
                0x0000000008004338       0x50 ./Core/Startup/startup_stm32l4a6zgtx.o
                0x0000000008004338                Reset_Handler
 .text.Default_Handler
                0x0000000008004388        0x2 ./Core/Startup/startup_stm32l4a6zgtx.o
                0x0000000008004388                RTC_Alarm_IRQHandler
                0x0000000008004388                HASH_RNG_IRQHandler
                0x0000000008004388                EXTI2_IRQHandler
                0x0000000008004388                TIM8_TRG_COM_IRQHandler
                0x0000000008004388                TIM8_CC_IRQHandler
                0x0000000008004388                TIM1_CC_IRQHandler
                0x0000000008004388                TSC_IRQHandler
                0x0000000008004388                TAMP_STAMP_IRQHandler
                0x0000000008004388                CAN2_RX1_IRQHandler
                0x0000000008004388                LPTIM2_IRQHandler
                0x0000000008004388                DFSDM1_FLT1_IRQHandler
                0x0000000008004388                I2C3_ER_IRQHandler
                0x0000000008004388                DFSDM1_FLT2_IRQHandler
                0x0000000008004388                EXTI0_IRQHandler
                0x0000000008004388                I2C2_EV_IRQHandler
                0x0000000008004388                CAN1_RX0_IRQHandler
                0x0000000008004388                FPU_IRQHandler
                0x0000000008004388                TIM1_UP_TIM16_IRQHandler
                0x0000000008004388                CAN2_SCE_IRQHandler
                0x0000000008004388                ADC1_2_IRQHandler
                0x0000000008004388                SPI1_IRQHandler
                0x0000000008004388                TIM6_DAC_IRQHandler
                0x0000000008004388                DCMI_IRQHandler
                0x0000000008004388                CAN2_RX0_IRQHandler
                0x0000000008004388                TIM8_UP_IRQHandler
                0x0000000008004388                DMA2_Channel2_IRQHandler
                0x0000000008004388                DMA1_Channel4_IRQHandler
                0x0000000008004388                SAI2_IRQHandler
                0x0000000008004388                DFSDM1_FLT3_IRQHandler
                0x0000000008004388                USART3_IRQHandler
                0x0000000008004388                DMA1_Channel7_IRQHandler
                0x0000000008004388                CAN1_RX1_IRQHandler
                0x0000000008004388                LCD_IRQHandler
                0x0000000008004388                UART5_IRQHandler
                0x0000000008004388                ADC3_IRQHandler
                0x0000000008004388                TIM4_IRQHandler
                0x0000000008004388                DMA2_Channel1_IRQHandler
                0x0000000008004388                QUADSPI_IRQHandler
                0x0000000008004388                I2C1_EV_IRQHandler
                0x0000000008004388                DMA1_Channel6_IRQHandler
                0x0000000008004388                UART4_IRQHandler
                0x0000000008004388                DMA2_Channel4_IRQHandler
                0x0000000008004388                RCC_IRQHandler
                0x0000000008004388                Default_Handler
                0x0000000008004388                DMA2_Channel7_IRQHandler
                0x0000000008004388                TIM7_IRQHandler
                0x0000000008004388                SDMMC1_IRQHandler
                0x0000000008004388                CAN2_TX_IRQHandler
                0x0000000008004388                TIM5_IRQHandler
                0x0000000008004388                I2C3_EV_IRQHandler
                0x0000000008004388                EXTI9_5_IRQHandler
                0x0000000008004388                RTC_WKUP_IRQHandler
                0x0000000008004388                PVD_PVM_IRQHandler
                0x0000000008004388                SPI2_IRQHandler
                0x0000000008004388                CAN1_TX_IRQHandler
                0x0000000008004388                DMA2_Channel5_IRQHandler
                0x0000000008004388                CRS_IRQHandler
                0x0000000008004388                DMA1_Channel5_IRQHandler
                0x0000000008004388                EXTI4_IRQHandler
                0x0000000008004388                TIM1_TRG_COM_TIM17_IRQHandler
                0x0000000008004388                DMA1_Channel3_IRQHandler
                0x0000000008004388                COMP_IRQHandler
                0x0000000008004388                WWDG_IRQHandler
                0x0000000008004388                I2C4_EV_IRQHandler
                0x0000000008004388                LPUART1_IRQHandler
                0x0000000008004388                DMA2_Channel6_IRQHandler
                0x0000000008004388                TIM2_IRQHandler
                0x0000000008004388                DMA2D_IRQHandler
                0x0000000008004388                EXTI1_IRQHandler
                0x0000000008004388                AES_IRQHandler
                0x0000000008004388                USART2_IRQHandler
                0x0000000008004388                DFSDM1_FLT0_IRQHandler
                0x0000000008004388                I2C2_ER_IRQHandler
                0x0000000008004388                DMA1_Channel2_IRQHandler
                0x0000000008004388                TIM8_BRK_IRQHandler
                0x0000000008004388                CAN1_SCE_IRQHandler
                0x0000000008004388                FLASH_IRQHandler
                0x0000000008004388                USART1_IRQHandler
                0x0000000008004388                OTG_FS_IRQHandler
                0x0000000008004388                SPI3_IRQHandler
                0x0000000008004388                I2C1_ER_IRQHandler
                0x0000000008004388                FMC_IRQHandler
                0x0000000008004388                SWPMI1_IRQHandler
                0x0000000008004388                LPTIM1_IRQHandler
                0x0000000008004388                I2C4_ER_IRQHandler
                0x0000000008004388                SAI1_IRQHandler
                0x0000000008004388                DMA2_Channel3_IRQHandler
                0x0000000008004388                TIM1_BRK_TIM15_IRQHandler
 .text.HAL_Init
                0x000000000800438a       0x30 ./Drivers/STM32L4xx_HAL_Driver/Src/stm32l4xx_hal.o
                0x000000000800438a                HAL_Init
 *fill*         0x00000000080043ba        0x2 
 .text.HAL_InitTick
                0x00000000080043bc       0x78 ./Drivers/STM32L4xx_HAL_Driver/Src/stm32l4xx_hal.o
                0x00000000080043bc                HAL_InitTick
 .text.HAL_IncTick
                0x0000000008004434       0x28 ./Drivers/STM32L4xx_HAL_Driver/Src/stm32l4xx_hal.o
                0x0000000008004434                HAL_IncTick
 .text.HAL_GetTick
                0x000000000800445c       0x18 ./Drivers/STM32L4xx_HAL_Driver/Src/stm32l4xx_hal.o
                0x000000000800445c                HAL_GetTick
 .text.HAL_Delay
                0x0000000008004474       0x48 ./Drivers/STM32L4xx_HAL_Driver/Src/stm32l4xx_hal.o
                0x0000000008004474                HAL_Delay
 .text.LL_ADC_SetCommonClock
                0x00000000080044bc       0x26 ./Drivers/STM32L4xx_HAL_Driver/Src/stm32l4xx_hal_adc.o
 .text.LL_ADC_SetCommonPathInternalCh
                0x00000000080044e2       0x26 ./Drivers/STM32L4xx_HAL_Driver/Src/stm32l4xx_hal_adc.o
 .text.LL_ADC_GetCommonPathInternalCh
                0x0000000008004508       0x1c ./Drivers/STM32L4xx_HAL_Driver/Src/stm32l4xx_hal_adc.o
 .text.LL_ADC_SetOffset
                0x0000000008004524       0x48 ./Drivers/STM32L4xx_HAL_Driver/Src/stm32l4xx_hal_adc.o
 .text.LL_ADC_GetOffsetChannel
                0x000000000800456c       0x2c ./Drivers/STM32L4xx_HAL_Driver/Src/stm32l4xx_hal_adc.o
 .text.LL_ADC_SetOffsetState
                0x0000000008004598       0x36 ./Drivers/STM32L4xx_HAL_Driver/Src/stm32l4xx_hal_adc.o
 .text.LL_ADC_SetSamplingTimeCommonConfig
                0x00000000080045ce       0x26 ./Drivers/STM32L4xx_HAL_Driver/Src/stm32l4xx_hal_adc.o
 .text.LL_ADC_REG_IsTriggerSourceSWStart
                0x00000000080045f4       0x26 ./Drivers/STM32L4xx_HAL_Driver/Src/stm32l4xx_hal_adc.o
 .text.LL_ADC_REG_SetSequencerRanks
                0x000000000800461a       0x58 ./Drivers/STM32L4xx_HAL_Driver/Src/stm32l4xx_hal_adc.o
 .text.LL_ADC_SetChannelSamplingTime
                0x0000000008004672       0x56 ./Drivers/STM32L4xx_HAL_Driver/Src/stm32l4xx_hal_adc.o
 .text.LL_ADC_SetChannelSingleDiff
                0x00000000080046c8       0x48 ./Drivers/STM32L4xx_HAL_Driver/Src/stm32l4xx_hal_adc.o
 .text.LL_ADC_GetMultimode
                0x0000000008004710       0x1c ./Drivers/STM32L4xx_HAL_Driver/Src/stm32l4xx_hal_adc.o
 .text.LL_ADC_DisableDeepPowerDown
                0x000000000800472c       0x24 ./Drivers/STM32L4xx_HAL_Driver/Src/stm32l4xx_hal_adc.o
 .text.LL_ADC_IsDeepPowerDownEnabled
                0x0000000008004750       0x28 ./Drivers/STM32L4xx_HAL_Driver/Src/stm32l4xx_hal_adc.o
 .text.LL_ADC_EnableInternalRegulator
                0x0000000008004778       0x28 ./Drivers/STM32L4xx_HAL_Driver/Src/stm32l4xx_hal_adc.o
 .text.LL_ADC_IsInternalRegulatorEnabled
                0x00000000080047a0       0x28 ./Drivers/STM32L4xx_HAL_Driver/Src/stm32l4xx_hal_adc.o
 .text.LL_ADC_Enable
                0x00000000080047c8       0x28 ./Drivers/STM32L4xx_HAL_Driver/Src/stm32l4xx_hal_adc.o
 .text.LL_ADC_Disable
                0x00000000080047f0       0x28 ./Drivers/STM32L4xx_HAL_Driver/Src/stm32l4xx_hal_adc.o
 .text.LL_ADC_IsEnabled
                0x0000000008004818       0x26 ./Drivers/STM32L4xx_HAL_Driver/Src/stm32l4xx_hal_adc.o
 .text.LL_ADC_IsDisableOngoing
                0x000000000800483e       0x26 ./Drivers/STM32L4xx_HAL_Driver/Src/stm32l4xx_hal_adc.o
 .text.LL_ADC_REG_StartConversion
                0x0000000008004864       0x28 ./Drivers/STM32L4xx_HAL_Driver/Src/stm32l4xx_hal_adc.o
 .text.LL_ADC_REG_StopConversion
                0x000000000800488c       0x28 ./Drivers/STM32L4xx_HAL_Driver/Src/stm32l4xx_hal_adc.o
 .text.LL_ADC_REG_IsConversionOngoing
                0x00000000080048b4       0x26 ./Drivers/STM32L4xx_HAL_Driver/Src/stm32l4xx_hal_adc.o
 .text.LL_ADC_INJ_StopConversion
                0x00000000080048da       0x28 ./Drivers/STM32L4xx_HAL_Driver/Src/stm32l4xx_hal_adc.o
 .text.LL_ADC_INJ_IsConversionOngoing
                0x0000000008004902       0x26 ./Drivers/STM32L4xx_HAL_Driver/Src/stm32l4xx_hal_adc.o
 .text.HAL_ADC_Init
                0x0000000008004928      0x2a8 ./Drivers/STM32L4xx_HAL_Driver/Src/stm32l4xx_hal_adc.o
                0x0000000008004928                HAL_ADC_Init
 .text.HAL_ADC_Start_DMA
                0x0000000008004bd0      0x178 ./Drivers/STM32L4xx_HAL_Driver/Src/stm32l4xx_hal_adc.o
                0x0000000008004bd0                HAL_ADC_Start_DMA
 .text.HAL_ADC_Stop_DMA
                0x0000000008004d48       0xc2 ./Drivers/STM32L4xx_HAL_Driver/Src/stm32l4xx_hal_adc.o
                0x0000000008004d48                HAL_ADC_Stop_DMA
 .text.HAL_ADC_ErrorCallback
                0x0000000008004e0a       0x14 ./Drivers/STM32L4xx_HAL_Driver/Src/stm32l4xx_hal_adc.o
                0x0000000008004e0a                HAL_ADC_ErrorCallback
 *fill*         0x0000000008004e1e        0x2 
 .text.HAL_ADC_ConfigChannel
                0x0000000008004e20      0x818 ./Drivers/STM32L4xx_HAL_Driver/Src/stm32l4xx_hal_adc.o
                0x0000000008004e20                HAL_ADC_ConfigChannel
 .text.ADC_ConversionStop
                0x0000000008005638      0x178 ./Drivers/STM32L4xx_HAL_Driver/Src/stm32l4xx_hal_adc.o
                0x0000000008005638                ADC_ConversionStop
 .text.ADC_Enable
                0x00000000080057b0      0x10c ./Drivers/STM32L4xx_HAL_Driver/Src/stm32l4xx_hal_adc.o
                0x00000000080057b0                ADC_Enable
 .text.ADC_Disable
                0x00000000080058bc       0xbe ./Drivers/STM32L4xx_HAL_Driver/Src/stm32l4xx_hal_adc.o
                0x00000000080058bc                ADC_Disable
 .text.ADC_DMAConvCplt
                0x000000000800597a       0xd8 ./Drivers/STM32L4xx_HAL_Driver/Src/stm32l4xx_hal_adc.o
                0x000000000800597a                ADC_DMAConvCplt
 .text.ADC_DMAHalfConvCplt
                0x0000000008005a52       0x1c ./Drivers/STM32L4xx_HAL_Driver/Src/stm32l4xx_hal_adc.o
                0x0000000008005a52                ADC_DMAHalfConvCplt
 .text.ADC_DMAError
                0x0000000008005a6e       0x34 ./Drivers/STM32L4xx_HAL_Driver/Src/stm32l4xx_hal_adc.o
                0x0000000008005a6e                ADC_DMAError
 .text.LL_ADC_IsEnabled
                0x0000000008005aa2       0x26 ./Drivers/STM32L4xx_HAL_Driver/Src/stm32l4xx_hal_adc_ex.o
 .text.LL_ADC_StartCalibration
                0x0000000008005ac8       0x32 ./Drivers/STM32L4xx_HAL_Driver/Src/stm32l4xx_hal_adc_ex.o
 .text.LL_ADC_IsCalibrationOnGoing
                0x0000000008005afa       0x28 ./Drivers/STM32L4xx_HAL_Driver/Src/stm32l4xx_hal_adc_ex.o
 .text.LL_ADC_REG_IsConversionOngoing
                0x0000000008005b22       0x26 ./Drivers/STM32L4xx_HAL_Driver/Src/stm32l4xx_hal_adc_ex.o
 .text.HAL_ADCEx_Calibration_Start
                0x0000000008005b48       0xc0 ./Drivers/STM32L4xx_HAL_Driver/Src/stm32l4xx_hal_adc_ex.o
                0x0000000008005b48                HAL_ADCEx_Calibration_Start
 .text.HAL_ADCEx_MultiModeConfigChannel
                0x0000000008005c08      0x160 ./Drivers/STM32L4xx_HAL_Driver/Src/stm32l4xx_hal_adc_ex.o
                0x0000000008005c08                HAL_ADCEx_MultiModeConfigChannel
 .text.__NVIC_SetPriorityGrouping
                0x0000000008005d68       0x48 ./Drivers/STM32L4xx_HAL_Driver/Src/stm32l4xx_hal_cortex.o
 .text.__NVIC_GetPriorityGrouping
                0x0000000008005db0       0x1c ./Drivers/STM32L4xx_HAL_Driver/Src/stm32l4xx_hal_cortex.o
 .text.__NVIC_EnableIRQ
                0x0000000008005dcc       0x3c ./Drivers/STM32L4xx_HAL_Driver/Src/stm32l4xx_hal_cortex.o
 .text.__NVIC_SetPriority
                0x0000000008005e08       0x54 ./Drivers/STM32L4xx_HAL_Driver/Src/stm32l4xx_hal_cortex.o
 .text.NVIC_EncodePriority
                0x0000000008005e5c       0x66 ./Drivers/STM32L4xx_HAL_Driver/Src/stm32l4xx_hal_cortex.o
 *fill*         0x0000000008005ec2        0x2 
 .text.SysTick_Config
                0x0000000008005ec4       0x44 ./Drivers/STM32L4xx_HAL_Driver/Src/stm32l4xx_hal_cortex.o
 .text.HAL_NVIC_SetPriorityGrouping
                0x0000000008005f08       0x16 ./Drivers/STM32L4xx_HAL_Driver/Src/stm32l4xx_hal_cortex.o
                0x0000000008005f08                HAL_NVIC_SetPriorityGrouping
 .text.HAL_NVIC_SetPriority
                0x0000000008005f1e       0x38 ./Drivers/STM32L4xx_HAL_Driver/Src/stm32l4xx_hal_cortex.o
                0x0000000008005f1e                HAL_NVIC_SetPriority
 .text.HAL_NVIC_EnableIRQ
                0x0000000008005f56       0x1c ./Drivers/STM32L4xx_HAL_Driver/Src/stm32l4xx_hal_cortex.o
                0x0000000008005f56                HAL_NVIC_EnableIRQ
 .text.HAL_SYSTICK_Config
                0x0000000008005f72       0x18 ./Drivers/STM32L4xx_HAL_Driver/Src/stm32l4xx_hal_cortex.o
                0x0000000008005f72                HAL_SYSTICK_Config
 *fill*         0x0000000008005f8a        0x2 
 .text.HAL_DMA_Init
                0x0000000008005f8c      0x170 ./Drivers/STM32L4xx_HAL_Driver/Src/stm32l4xx_hal_dma.o
                0x0000000008005f8c                HAL_DMA_Init
 .text.HAL_DMA_Start_IT
                0x00000000080060fc       0xc0 ./Drivers/STM32L4xx_HAL_Driver/Src/stm32l4xx_hal_dma.o
                0x00000000080060fc                HAL_DMA_Start_IT
 .text.HAL_DMA_Abort
                0x00000000080061bc       0x7c ./Drivers/STM32L4xx_HAL_Driver/Src/stm32l4xx_hal_dma.o
                0x00000000080061bc                HAL_DMA_Abort
 .text.HAL_DMA_IRQHandler
                0x0000000008006238      0x15e ./Drivers/STM32L4xx_HAL_Driver/Src/stm32l4xx_hal_dma.o
                0x0000000008006238                HAL_DMA_IRQHandler
 .text.DMA_SetConfig
                0x0000000008006396       0x60 ./Drivers/STM32L4xx_HAL_Driver/Src/stm32l4xx_hal_dma.o
 *fill*         0x00000000080063f6        0x2 
 .text.HAL_GPIO_Init
                0x00000000080063f8      0x324 ./Drivers/STM32L4xx_HAL_Driver/Src/stm32l4xx_hal_gpio.o
                0x00000000080063f8                HAL_GPIO_Init
 .text.HAL_GPIO_WritePin
                0x000000000800671c       0x30 ./Drivers/STM32L4xx_HAL_Driver/Src/stm32l4xx_hal_gpio.o
                0x000000000800671c                HAL_GPIO_WritePin
 .text.HAL_GPIO_EXTI_IRQHandler
                0x000000000800674c       0x30 ./Drivers/STM32L4xx_HAL_Driver/Src/stm32l4xx_hal_gpio.o
                0x000000000800674c                HAL_GPIO_EXTI_IRQHandler
 .text.HAL_PWREx_GetVoltageRange
                0x000000000800677c       0x1c ./Drivers/STM32L4xx_HAL_Driver/Src/stm32l4xx_hal_pwr_ex.o
                0x000000000800677c                HAL_PWREx_GetVoltageRange
 .text.HAL_PWREx_ControlVoltageScaling
                0x0000000008006798       0xac ./Drivers/STM32L4xx_HAL_Driver/Src/stm32l4xx_hal_pwr_ex.o
                0x0000000008006798                HAL_PWREx_ControlVoltageScaling
 .text.HAL_PWREx_EnableVddIO2
                0x0000000008006844       0x20 ./Drivers/STM32L4xx_HAL_Driver/Src/stm32l4xx_hal_pwr_ex.o
                0x0000000008006844                HAL_PWREx_EnableVddIO2
 .text.HAL_RCC_OscConfig
                0x0000000008006864      0x834 ./Drivers/STM32L4xx_HAL_Driver/Src/stm32l4xx_hal_rcc.o
                0x0000000008006864                HAL_RCC_OscConfig
 .text.HAL_RCC_ClockConfig
                0x0000000008007098      0x200 ./Drivers/STM32L4xx_HAL_Driver/Src/stm32l4xx_hal_rcc.o
                0x0000000008007098                HAL_RCC_ClockConfig
 .text.HAL_RCC_GetSysClockFreq
                0x0000000008007298      0x118 ./Drivers/STM32L4xx_HAL_Driver/Src/stm32l4xx_hal_rcc.o
                0x0000000008007298                HAL_RCC_GetSysClockFreq
 .text.HAL_RCC_GetHCLKFreq
                0x00000000080073b0       0x18 ./Drivers/STM32L4xx_HAL_Driver/Src/stm32l4xx_hal_rcc.o
                0x00000000080073b0                HAL_RCC_GetHCLKFreq
 .text.HAL_RCC_GetPCLK1Freq
                0x00000000080073c8       0x2c ./Drivers/STM32L4xx_HAL_Driver/Src/stm32l4xx_hal_rcc.o
                0x00000000080073c8                HAL_RCC_GetPCLK1Freq
 .text.HAL_RCC_GetPCLK2Freq
                0x00000000080073f4       0x2c ./Drivers/STM32L4xx_HAL_Driver/Src/stm32l4xx_hal_rcc.o
                0x00000000080073f4                HAL_RCC_GetPCLK2Freq
 .text.RCC_SetFlashLatencyFromMSIRange
                0x0000000008007420       0xc0 ./Drivers/STM32L4xx_HAL_Driver/Src/stm32l4xx_hal_rcc.o
 .text.HAL_RCCEx_PeriphCLKConfig
                0x00000000080074e0      0x5f8 ./Drivers/STM32L4xx_HAL_Driver/Src/stm32l4xx_hal_rcc_ex.o
                0x00000000080074e0                HAL_RCCEx_PeriphCLKConfig
 .text.RCCEx_PLLSAI1_Config
                0x0000000008007ad8      0x1e4 ./Drivers/STM32L4xx_HAL_Driver/Src/stm32l4xx_hal_rcc_ex.o
 .text.RCCEx_PLLSAI2_Config
                0x0000000008007cbc      0x1b8 ./Drivers/STM32L4xx_HAL_Driver/Src/stm32l4xx_hal_rcc_ex.o
 .text.HAL_SPI_Init
                0x0000000008007e74      0x146 ./Drivers/STM32L4xx_HAL_Driver/Src/stm32l4xx_hal_spi.o
                0x0000000008007e74                HAL_SPI_Init
 .text.HAL_SPI_TransmitReceive
                0x0000000008007fba      0x444 ./Drivers/STM32L4xx_HAL_Driver/Src/stm32l4xx_hal_spi.o
                0x0000000008007fba                HAL_SPI_TransmitReceive
 *fill*         0x00000000080083fe        0x2 
 .text.SPI_WaitFlagStateUntilTimeout
                0x0000000008008400      0x110 ./Drivers/STM32L4xx_HAL_Driver/Src/stm32l4xx_hal_spi.o
 .text.SPI_WaitFifoStateUntilTimeout
                0x0000000008008510      0x12c ./Drivers/STM32L4xx_HAL_Driver/Src/stm32l4xx_hal_spi.o
 .text.SPI_EndRxTxTransaction
                0x000000000800863c       0x8c ./Drivers/STM32L4xx_HAL_Driver/Src/stm32l4xx_hal_spi.o
 .text.HAL_TIM_Base_Init
                0x00000000080086c8       0xae ./Drivers/STM32L4xx_HAL_Driver/Src/stm32l4xx_hal_tim.o
                0x00000000080086c8                HAL_TIM_Base_Init
 *fill*         0x0000000008008776        0x2 
 .text.HAL_TIM_Base_Start
                0x0000000008008778       0xd0 ./Drivers/STM32L4xx_HAL_Driver/Src/stm32l4xx_hal_tim.o
                0x0000000008008778                HAL_TIM_Base_Start
 .text.HAL_TIM_IRQHandler
                0x0000000008008848      0x204 ./Drivers/STM32L4xx_HAL_Driver/Src/stm32l4xx_hal_tim.o
                0x0000000008008848                HAL_TIM_IRQHandler
 .text.HAL_TIM_ConfigClockSource
                0x0000000008008a4c      0x192 ./Drivers/STM32L4xx_HAL_Driver/Src/stm32l4xx_hal_tim.o
                0x0000000008008a4c                HAL_TIM_ConfigClockSource
 .text.HAL_TIM_PeriodElapsedCallback
                0x0000000008008bde       0x14 ./Drivers/STM32L4xx_HAL_Driver/Src/stm32l4xx_hal_tim.o
                0x0000000008008bde                HAL_TIM_PeriodElapsedCallback
 .text.HAL_TIM_OC_DelayElapsedCallback
                0x0000000008008bf2       0x14 ./Drivers/STM32L4xx_HAL_Driver/Src/stm32l4xx_hal_tim.o
                0x0000000008008bf2                HAL_TIM_OC_DelayElapsedCallback
 .text.HAL_TIM_IC_CaptureCallback
                0x0000000008008c06       0x14 ./Drivers/STM32L4xx_HAL_Driver/Src/stm32l4xx_hal_tim.o
                0x0000000008008c06                HAL_TIM_IC_CaptureCallback
 .text.HAL_TIM_PWM_PulseFinishedCallback
                0x0000000008008c1a       0x14 ./Drivers/STM32L4xx_HAL_Driver/Src/stm32l4xx_hal_tim.o
                0x0000000008008c1a                HAL_TIM_PWM_PulseFinishedCallback
 .text.HAL_TIM_TriggerCallback
                0x0000000008008c2e       0x14 ./Drivers/STM32L4xx_HAL_Driver/Src/stm32l4xx_hal_tim.o
                0x0000000008008c2e                HAL_TIM_TriggerCallback
 *fill*         0x0000000008008c42        0x2 
 .text.TIM_Base_SetConfig
                0x0000000008008c44      0x134 ./Drivers/STM32L4xx_HAL_Driver/Src/stm32l4xx_hal_tim.o
                0x0000000008008c44                TIM_Base_SetConfig
 .text.TIM_TI1_ConfigInputStage
                0x0000000008008d78       0x5e ./Drivers/STM32L4xx_HAL_Driver/Src/stm32l4xx_hal_tim.o
 .text.TIM_TI2_ConfigInputStage
                0x0000000008008dd6       0x60 ./Drivers/STM32L4xx_HAL_Driver/Src/stm32l4xx_hal_tim.o
 .text.TIM_ITRx_SetConfig
                0x0000000008008e36       0x36 ./Drivers/STM32L4xx_HAL_Driver/Src/stm32l4xx_hal_tim.o
 .text.TIM_ETR_SetConfig
                0x0000000008008e6c       0x40 ./Drivers/STM32L4xx_HAL_Driver/Src/stm32l4xx_hal_tim.o
                0x0000000008008e6c                TIM_ETR_SetConfig
 .text.HAL_TIMEx_MasterConfigSynchronization
                0x0000000008008eac      0x110 ./Drivers/STM32L4xx_HAL_Driver/Src/stm32l4xx_hal_tim_ex.o
                0x0000000008008eac                HAL_TIMEx_MasterConfigSynchronization
 .text.HAL_TIMEx_CommutCallback
                0x0000000008008fbc       0x14 ./Drivers/STM32L4xx_HAL_Driver/Src/stm32l4xx_hal_tim_ex.o
                0x0000000008008fbc                HAL_TIMEx_CommutCallback
 .text.HAL_TIMEx_BreakCallback
                0x0000000008008fd0       0x14 ./Drivers/STM32L4xx_HAL_Driver/Src/stm32l4xx_hal_tim_ex.o
                0x0000000008008fd0                HAL_TIMEx_BreakCallback
 .text.HAL_TIMEx_Break2Callback
                0x0000000008008fe4       0x14 ./Drivers/STM32L4xx_HAL_Driver/Src/stm32l4xx_hal_tim_ex.o
                0x0000000008008fe4                HAL_TIMEx_Break2Callback
 .text.HAL_UART_Init
                0x0000000008008ff8       0x9c ./Drivers/STM32L4xx_HAL_Driver/Src/stm32l4xx_hal_uart.o
                0x0000000008008ff8                HAL_UART_Init
 .text.HAL_UART_Transmit
                0x0000000008009094      0x114 ./Drivers/STM32L4xx_HAL_Driver/Src/stm32l4xx_hal_uart.o
                0x0000000008009094                HAL_UART_Transmit
 .text.HAL_UART_Receive
                0x00000000080091a8      0x192 ./Drivers/STM32L4xx_HAL_Driver/Src/stm32l4xx_hal_uart.o
                0x00000000080091a8                HAL_UART_Receive
 *fill*         0x000000000800933a        0x2 
 .text.UART_SetConfig
                0x000000000800933c      0x570 ./Drivers/STM32L4xx_HAL_Driver/Src/stm32l4xx_hal_uart.o
                0x000000000800933c                UART_SetConfig
 .text.UART_AdvFeatureConfig
                0x00000000080098ac      0x144 ./Drivers/STM32L4xx_HAL_Driver/Src/stm32l4xx_hal_uart.o
                0x00000000080098ac                UART_AdvFeatureConfig
 .text.UART_CheckIdleState
                0x00000000080099f0      0x150 ./Drivers/STM32L4xx_HAL_Driver/Src/stm32l4xx_hal_uart.o
                0x00000000080099f0                UART_CheckIdleState
 .text.UART_WaitOnFlagUntilTimeout
                0x0000000008009b40       0xce ./Drivers/STM32L4xx_HAL_Driver/Src/stm32l4xx_hal_uart.o
                0x0000000008009b40                UART_WaitOnFlagUntilTimeout
 .text.UART_EndRxTransfer
                0x0000000008009c0e       0xc8 ./Drivers/STM32L4xx_HAL_Driver/Src/stm32l4xx_hal_uart.o
 *fill*         0x0000000008009cd6        0x2 
 .text.arm_q15_to_float
                0x0000000008009cd8       0xd0 /home/lucie/Documents/LELEC210X/lelec210X_GroupeF/goldenProject/STM/GoldenProject/ARM_CMSIS/CMSIS/DSP/Lib/GCC/libarm_cortexM4lf_math.a(arm_q15_to_float.o)
                0x0000000008009cd8                arm_q15_to_float
 .text.arm_split_rfft_q15
                0x0000000008009da8      0x10c /home/lucie/Documents/LELEC210X/lelec210X_GroupeF/goldenProject/STM/GoldenProject/ARM_CMSIS/CMSIS/DSP/Lib/GCC/libarm_cortexM4lf_math.a(arm_rfft_q15.o)
                0x0000000008009da8                arm_split_rfft_q15
 .text.arm_rfft_q15
                0x0000000008009eb4       0xf8 /home/lucie/Documents/LELEC210X/lelec210X_GroupeF/goldenProject/STM/GoldenProject/ARM_CMSIS/CMSIS/DSP/Lib/GCC/libarm_cortexM4lf_math.a(arm_rfft_q15.o)
                0x0000000008009eb4                arm_rfft_q15
 .text.arm_rfft_init_q15
                0x0000000008009fac       0xf8 /home/lucie/Documents/LELEC210X/lelec210X_GroupeF/goldenProject/STM/GoldenProject/ARM_CMSIS/CMSIS/DSP/Lib/GCC/libarm_cortexM4lf_math.a(arm_rfft_init_q15.o)
                0x0000000008009fac                arm_rfft_init_q15
 .text.arm_mat_mult_fast_q15
                0x000000000800a0a4      0x404 /home/lucie/Documents/LELEC210X/lelec210X_GroupeF/goldenProject/STM/GoldenProject/ARM_CMSIS/CMSIS/DSP/Lib/GCC/libarm_cortexM4lf_math.a(arm_mat_mult_fast_q15.o)
                0x000000000800a0a4                arm_mat_mult_fast_q15
 .text.arm_mat_init_q15
                0x000000000800a4a8        0x8 /home/lucie/Documents/LELEC210X/lelec210X_GroupeF/goldenProject/STM/GoldenProject/ARM_CMSIS/CMSIS/DSP/Lib/GCC/libarm_cortexM4lf_math.a(arm_mat_init_q15.o)
                0x000000000800a4a8                arm_mat_init_q15
 .text.arm_cmplx_mag_q15
                0x000000000800a4b0       0x88 /home/lucie/Documents/LELEC210X/lelec210X_GroupeF/goldenProject/STM/GoldenProject/ARM_CMSIS/CMSIS/DSP/Lib/GCC/libarm_cortexM4lf_math.a(arm_cmplx_mag_q15.o)
                0x000000000800a4b0                arm_cmplx_mag_q15
 .text.arm_sqrt_q15
                0x000000000800a538       0xcc /home/lucie/Documents/LELEC210X/lelec210X_GroupeF/goldenProject/STM/GoldenProject/ARM_CMSIS/CMSIS/DSP/Lib/GCC/libarm_cortexM4lf_math.a(arm_sqrt_q15.o)
                0x000000000800a538                arm_sqrt_q15
 .text.arm_shift_q15
                0x000000000800a604      0x124 /home/lucie/Documents/LELEC210X/lelec210X_GroupeF/goldenProject/STM/GoldenProject/ARM_CMSIS/CMSIS/DSP/Lib/GCC/libarm_cortexM4lf_math.a(arm_shift_q15.o)
                0x000000000800a604                arm_shift_q15
 .text.arm_mult_q15
                0x000000000800a728       0xbc /home/lucie/Documents/LELEC210X/lelec210X_GroupeF/goldenProject/STM/GoldenProject/ARM_CMSIS/CMSIS/DSP/Lib/GCC/libarm_cortexM4lf_math.a(arm_mult_q15.o)
                0x000000000800a728                arm_mult_q15
 .text.arm_cfft_radix4by2_q15
                0x000000000800a7e4       0xbc /home/lucie/Documents/LELEC210X/lelec210X_GroupeF/goldenProject/STM/GoldenProject/ARM_CMSIS/CMSIS/DSP/Lib/GCC/libarm_cortexM4lf_math.a(arm_cfft_q15.o)
                0x000000000800a7e4                arm_cfft_radix4by2_q15
 .text.arm_cfft_radix4by2_inverse_q15
                0x000000000800a8a0       0xbc /home/lucie/Documents/LELEC210X/lelec210X_GroupeF/goldenProject/STM/GoldenProject/ARM_CMSIS/CMSIS/DSP/Lib/GCC/libarm_cortexM4lf_math.a(arm_cfft_q15.o)
                0x000000000800a8a0                arm_cfft_radix4by2_inverse_q15
 .text.arm_cfft_q15
                0x000000000800a95c       0xbc /home/lucie/Documents/LELEC210X/lelec210X_GroupeF/goldenProject/STM/GoldenProject/ARM_CMSIS/CMSIS/DSP/Lib/GCC/libarm_cortexM4lf_math.a(arm_cfft_q15.o)
                0x000000000800a95c                arm_cfft_q15
 .text.arm_radix4_butterfly_q15
                0x000000000800aa18      0x354 /home/lucie/Documents/LELEC210X/lelec210X_GroupeF/goldenProject/STM/GoldenProject/ARM_CMSIS/CMSIS/DSP/Lib/GCC/libarm_cortexM4lf_math.a(arm_cfft_radix4_q15.o)
                0x000000000800aa18                arm_radix4_butterfly_q15
 .text.arm_radix4_butterfly_inverse_q15
                0x000000000800ad6c      0x354 /home/lucie/Documents/LELEC210X/lelec210X_GroupeF/goldenProject/STM/GoldenProject/ARM_CMSIS/CMSIS/DSP/Lib/GCC/libarm_cortexM4lf_math.a(arm_cfft_radix4_q15.o)
                0x000000000800ad6c                arm_radix4_butterfly_inverse_q15
 .text.arm_bitreversal_16
                0x000000000800b0c0       0x44 /home/lucie/Documents/LELEC210X/lelec210X_GroupeF/goldenProject/STM/GoldenProject/ARM_CMSIS/CMSIS/DSP/Lib/GCC/libarm_cortexM4lf_math.a(arm_bitreversal2.o)
                0x000000000800b0c0                arm_bitreversal_16
 .text.__cvt    0x000000000800b104       0xc4 /opt/st/stm32cubeide_1.14.0/plugins/com.st.stm32cube.ide.mcu.externaltools.gnu-tools-for-stm32.11.3.rel1.linux64_1.1.100.202309141235/tools/bin/../lib/gcc/arm-none-eabi/11.3.1/../../../../arm-none-eabi/lib/thumb/v7e-m+fp/hard/libc_nano.a(libc_a-nano-vfprintf_float.o)
                0x000000000800b104                __cvt
 .text.__exponent
                0x000000000800b1c8       0x7c /opt/st/stm32cubeide_1.14.0/plugins/com.st.stm32cube.ide.mcu.externaltools.gnu-tools-for-stm32.11.3.rel1.linux64_1.1.100.202309141235/tools/bin/../lib/gcc/arm-none-eabi/11.3.1/../../../../arm-none-eabi/lib/thumb/v7e-m+fp/hard/libc_nano.a(libc_a-nano-vfprintf_float.o)
                0x000000000800b1c8                __exponent
 .text._printf_float
                0x000000000800b244      0x46c /opt/st/stm32cubeide_1.14.0/plugins/com.st.stm32cube.ide.mcu.externaltools.gnu-tools-for-stm32.11.3.rel1.linux64_1.1.100.202309141235/tools/bin/../lib/gcc/arm-none-eabi/11.3.1/../../../../arm-none-eabi/lib/thumb/v7e-m+fp/hard/libc_nano.a(libc_a-nano-vfprintf_float.o)
                0x000000000800b244                _printf_float
 .text._printf_common
                0x000000000800b6b0       0xda /opt/st/stm32cubeide_1.14.0/plugins/com.st.stm32cube.ide.mcu.externaltools.gnu-tools-for-stm32.11.3.rel1.linux64_1.1.100.202309141235/tools/bin/../lib/gcc/arm-none-eabi/11.3.1/../../../../arm-none-eabi/lib/thumb/v7e-m+fp/hard/libc_nano.a(libc_a-nano-vfprintf_i.o)
                0x000000000800b6b0                _printf_common
 *fill*         0x000000000800b78a        0x2 
 .text._printf_i
                0x000000000800b78c      0x244 /opt/st/stm32cubeide_1.14.0/plugins/com.st.stm32cube.ide.mcu.externaltools.gnu-tools-for-stm32.11.3.rel1.linux64_1.1.100.202309141235/tools/bin/../lib/gcc/arm-none-eabi/11.3.1/../../../../arm-none-eabi/lib/thumb/v7e-m+fp/hard/libc_nano.a(libc_a-nano-vfprintf_i.o)
                0x000000000800b78c                _printf_i
 .text.std      0x000000000800b9d0       0x6c /opt/st/stm32cubeide_1.14.0/plugins/com.st.stm32cube.ide.mcu.externaltools.gnu-tools-for-stm32.11.3.rel1.linux64_1.1.100.202309141235/tools/bin/../lib/gcc/arm-none-eabi/11.3.1/../../../../arm-none-eabi/lib/thumb/v7e-m+fp/hard/libc_nano.a(libc_a-findfp.o)
 .text.stdio_exit_handler
                0x000000000800ba3c       0x18 /opt/st/stm32cubeide_1.14.0/plugins/com.st.stm32cube.ide.mcu.externaltools.gnu-tools-for-stm32.11.3.rel1.linux64_1.1.100.202309141235/tools/bin/../lib/gcc/arm-none-eabi/11.3.1/../../../../arm-none-eabi/lib/thumb/v7e-m+fp/hard/libc_nano.a(libc_a-findfp.o)
 .text.cleanup_stdio
                0x000000000800ba54       0x40 /opt/st/stm32cubeide_1.14.0/plugins/com.st.stm32cube.ide.mcu.externaltools.gnu-tools-for-stm32.11.3.rel1.linux64_1.1.100.202309141235/tools/bin/../lib/gcc/arm-none-eabi/11.3.1/../../../../arm-none-eabi/lib/thumb/v7e-m+fp/hard/libc_nano.a(libc_a-findfp.o)
 .text.global_stdio_init.part.0
                0x000000000800ba94       0x3c /opt/st/stm32cubeide_1.14.0/plugins/com.st.stm32cube.ide.mcu.externaltools.gnu-tools-for-stm32.11.3.rel1.linux64_1.1.100.202309141235/tools/bin/../lib/gcc/arm-none-eabi/11.3.1/../../../../arm-none-eabi/lib/thumb/v7e-m+fp/hard/libc_nano.a(libc_a-findfp.o)
 .text.__sfp_lock_acquire
                0x000000000800bad0        0xc /opt/st/stm32cubeide_1.14.0/plugins/com.st.stm32cube.ide.mcu.externaltools.gnu-tools-for-stm32.11.3.rel1.linux64_1.1.100.202309141235/tools/bin/../lib/gcc/arm-none-eabi/11.3.1/../../../../arm-none-eabi/lib/thumb/v7e-m+fp/hard/libc_nano.a(libc_a-findfp.o)
                0x000000000800bad0                __sfp_lock_acquire
 .text.__sfp_lock_release
                0x000000000800badc        0xc /opt/st/stm32cubeide_1.14.0/plugins/com.st.stm32cube.ide.mcu.externaltools.gnu-tools-for-stm32.11.3.rel1.linux64_1.1.100.202309141235/tools/bin/../lib/gcc/arm-none-eabi/11.3.1/../../../../arm-none-eabi/lib/thumb/v7e-m+fp/hard/libc_nano.a(libc_a-findfp.o)
                0x000000000800badc                __sfp_lock_release
 .text.__sinit  0x000000000800bae8       0x30 /opt/st/stm32cubeide_1.14.0/plugins/com.st.stm32cube.ide.mcu.externaltools.gnu-tools-for-stm32.11.3.rel1.linux64_1.1.100.202309141235/tools/bin/../lib/gcc/arm-none-eabi/11.3.1/../../../../arm-none-eabi/lib/thumb/v7e-m+fp/hard/libc_nano.a(libc_a-findfp.o)
                0x000000000800bae8                __sinit
 .text._fwalk_sglue
                0x000000000800bb18       0x3c /opt/st/stm32cubeide_1.14.0/plugins/com.st.stm32cube.ide.mcu.externaltools.gnu-tools-for-stm32.11.3.rel1.linux64_1.1.100.202309141235/tools/bin/../lib/gcc/arm-none-eabi/11.3.1/../../../../arm-none-eabi/lib/thumb/v7e-m+fp/hard/libc_nano.a(libc_a-fwalk.o)
                0x000000000800bb18                _fwalk_sglue
 .text.printf   0x000000000800bb54       0x24 /opt/st/stm32cubeide_1.14.0/plugins/com.st.stm32cube.ide.mcu.externaltools.gnu-tools-for-stm32.11.3.rel1.linux64_1.1.100.202309141235/tools/bin/../lib/gcc/arm-none-eabi/11.3.1/../../../../arm-none-eabi/lib/thumb/v7e-m+fp/hard/libc_nano.a(libc_a-printf.o)
                0x000000000800bb54                printf
                0x000000000800bb54                iprintf
 .text._puts_r  0x000000000800bb78       0xa8 /opt/st/stm32cubeide_1.14.0/plugins/com.st.stm32cube.ide.mcu.externaltools.gnu-tools-for-stm32.11.3.rel1.linux64_1.1.100.202309141235/tools/bin/../lib/gcc/arm-none-eabi/11.3.1/../../../../arm-none-eabi/lib/thumb/v7e-m+fp/hard/libc_nano.a(libc_a-puts.o)
                0x000000000800bb78                _puts_r
 .text.puts     0x000000000800bc20       0x10 /opt/st/stm32cubeide_1.14.0/plugins/com.st.stm32cube.ide.mcu.externaltools.gnu-tools-for-stm32.11.3.rel1.linux64_1.1.100.202309141235/tools/bin/../lib/gcc/arm-none-eabi/11.3.1/../../../../arm-none-eabi/lib/thumb/v7e-m+fp/hard/libc_nano.a(libc_a-puts.o)
                0x000000000800bc20                puts
 .text.setvbuf  0x000000000800bc30      0x15c /opt/st/stm32cubeide_1.14.0/plugins/com.st.stm32cube.ide.mcu.externaltools.gnu-tools-for-stm32.11.3.rel1.linux64_1.1.100.202309141235/tools/bin/../lib/gcc/arm-none-eabi/11.3.1/../../../../arm-none-eabi/lib/thumb/v7e-m+fp/hard/libc_nano.a(libc_a-setvbuf.o)
                0x000000000800bc30                setvbuf
 .text.__sread  0x000000000800bd8c       0x22 /opt/st/stm32cubeide_1.14.0/plugins/com.st.stm32cube.ide.mcu.externaltools.gnu-tools-for-stm32.11.3.rel1.linux64_1.1.100.202309141235/tools/bin/../lib/gcc/arm-none-eabi/11.3.1/../../../../arm-none-eabi/lib/thumb/v7e-m+fp/hard/libc_nano.a(libc_a-stdio.o)
                0x000000000800bd8c                __sread
 .text.__swrite
                0x000000000800bdae       0x38 /opt/st/stm32cubeide_1.14.0/plugins/com.st.stm32cube.ide.mcu.externaltools.gnu-tools-for-stm32.11.3.rel1.linux64_1.1.100.202309141235/tools/bin/../lib/gcc/arm-none-eabi/11.3.1/../../../../arm-none-eabi/lib/thumb/v7e-m+fp/hard/libc_nano.a(libc_a-stdio.o)
                0x000000000800bdae                __swrite
 .text.__sseek  0x000000000800bde6       0x24 /opt/st/stm32cubeide_1.14.0/plugins/com.st.stm32cube.ide.mcu.externaltools.gnu-tools-for-stm32.11.3.rel1.linux64_1.1.100.202309141235/tools/bin/../lib/gcc/arm-none-eabi/11.3.1/../../../../arm-none-eabi/lib/thumb/v7e-m+fp/hard/libc_nano.a(libc_a-stdio.o)
                0x000000000800bde6                __sseek
 .text.__sclose
                0x000000000800be0a        0x8 /opt/st/stm32cubeide_1.14.0/plugins/com.st.stm32cube.ide.mcu.externaltools.gnu-tools-for-stm32.11.3.rel1.linux64_1.1.100.202309141235/tools/bin/../lib/gcc/arm-none-eabi/11.3.1/../../../../arm-none-eabi/lib/thumb/v7e-m+fp/hard/libc_nano.a(libc_a-stdio.o)
                0x000000000800be0a                __sclose
 .text.__swbuf_r
                0x000000000800be12       0x7a /opt/st/stm32cubeide_1.14.0/plugins/com.st.stm32cube.ide.mcu.externaltools.gnu-tools-for-stm32.11.3.rel1.linux64_1.1.100.202309141235/tools/bin/../lib/gcc/arm-none-eabi/11.3.1/../../../../arm-none-eabi/lib/thumb/v7e-m+fp/hard/libc_nano.a(libc_a-wbuf.o)
                0x000000000800be12                __swbuf_r
 .text.__swsetup_r
                0x000000000800be8c       0xb0 /opt/st/stm32cubeide_1.14.0/plugins/com.st.stm32cube.ide.mcu.externaltools.gnu-tools-for-stm32.11.3.rel1.linux64_1.1.100.202309141235/tools/bin/../lib/gcc/arm-none-eabi/11.3.1/../../../../arm-none-eabi/lib/thumb/v7e-m+fp/hard/libc_nano.a(libc_a-wsetup.o)
                0x000000000800be8c                __swsetup_r
 .text.memset   0x000000000800bf3c       0x10 /opt/st/stm32cubeide_1.14.0/plugins/com.st.stm32cube.ide.mcu.externaltools.gnu-tools-for-stm32.11.3.rel1.linux64_1.1.100.202309141235/tools/bin/../lib/gcc/arm-none-eabi/11.3.1/../../../../arm-none-eabi/lib/thumb/v7e-m+fp/hard/libc_nano.a(libc_a-memset.o)
                0x000000000800bf3c                memset
 .text._localeconv_r
                0x000000000800bf4c        0x8 /opt/st/stm32cubeide_1.14.0/plugins/com.st.stm32cube.ide.mcu.externaltools.gnu-tools-for-stm32.11.3.rel1.linux64_1.1.100.202309141235/tools/bin/../lib/gcc/arm-none-eabi/11.3.1/../../../../arm-none-eabi/lib/thumb/v7e-m+fp/hard/libc_nano.a(libc_a-localeconv.o)
                0x000000000800bf4c                _localeconv_r
 .text._close_r
                0x000000000800bf54       0x20 /opt/st/stm32cubeide_1.14.0/plugins/com.st.stm32cube.ide.mcu.externaltools.gnu-tools-for-stm32.11.3.rel1.linux64_1.1.100.202309141235/tools/bin/../lib/gcc/arm-none-eabi/11.3.1/../../../../arm-none-eabi/lib/thumb/v7e-m+fp/hard/libc_nano.a(libc_a-closer.o)
                0x000000000800bf54                _close_r
 .text._lseek_r
                0x000000000800bf74       0x24 /opt/st/stm32cubeide_1.14.0/plugins/com.st.stm32cube.ide.mcu.externaltools.gnu-tools-for-stm32.11.3.rel1.linux64_1.1.100.202309141235/tools/bin/../lib/gcc/arm-none-eabi/11.3.1/../../../../arm-none-eabi/lib/thumb/v7e-m+fp/hard/libc_nano.a(libc_a-lseekr.o)
                0x000000000800bf74                _lseek_r
 .text._read_r  0x000000000800bf98       0x24 /opt/st/stm32cubeide_1.14.0/plugins/com.st.stm32cube.ide.mcu.externaltools.gnu-tools-for-stm32.11.3.rel1.linux64_1.1.100.202309141235/tools/bin/../lib/gcc/arm-none-eabi/11.3.1/../../../../arm-none-eabi/lib/thumb/v7e-m+fp/hard/libc_nano.a(libc_a-readr.o)
                0x000000000800bf98                _read_r
 .text._write_r
                0x000000000800bfbc       0x24 /opt/st/stm32cubeide_1.14.0/plugins/com.st.stm32cube.ide.mcu.externaltools.gnu-tools-for-stm32.11.3.rel1.linux64_1.1.100.202309141235/tools/bin/../lib/gcc/arm-none-eabi/11.3.1/../../../../arm-none-eabi/lib/thumb/v7e-m+fp/hard/libc_nano.a(libc_a-writer.o)
                0x000000000800bfbc                _write_r
 .text.__errno  0x000000000800bfe0        0xc /opt/st/stm32cubeide_1.14.0/plugins/com.st.stm32cube.ide.mcu.externaltools.gnu-tools-for-stm32.11.3.rel1.linux64_1.1.100.202309141235/tools/bin/../lib/gcc/arm-none-eabi/11.3.1/../../../../arm-none-eabi/lib/thumb/v7e-m+fp/hard/libc_nano.a(libc_a-errno.o)
                0x000000000800bfe0                __errno
 .text.__libc_init_array
                0x000000000800bfec       0x48 /opt/st/stm32cubeide_1.14.0/plugins/com.st.stm32cube.ide.mcu.externaltools.gnu-tools-for-stm32.11.3.rel1.linux64_1.1.100.202309141235/tools/bin/../lib/gcc/arm-none-eabi/11.3.1/../../../../arm-none-eabi/lib/thumb/v7e-m+fp/hard/libc_nano.a(libc_a-init.o)
                0x000000000800bfec                __libc_init_array
 .text.__retarget_lock_init_recursive
                0x000000000800c034        0x2 /opt/st/stm32cubeide_1.14.0/plugins/com.st.stm32cube.ide.mcu.externaltools.gnu-tools-for-stm32.11.3.rel1.linux64_1.1.100.202309141235/tools/bin/../lib/gcc/arm-none-eabi/11.3.1/../../../../arm-none-eabi/lib/thumb/v7e-m+fp/hard/libc_nano.a(libc_a-lock.o)
                0x000000000800c034                __retarget_lock_init_recursive
 .text.__retarget_lock_acquire_recursive
                0x000000000800c036        0x2 /opt/st/stm32cubeide_1.14.0/plugins/com.st.stm32cube.ide.mcu.externaltools.gnu-tools-for-stm32.11.3.rel1.linux64_1.1.100.202309141235/tools/bin/../lib/gcc/arm-none-eabi/11.3.1/../../../../arm-none-eabi/lib/thumb/v7e-m+fp/hard/libc_nano.a(libc_a-lock.o)
                0x000000000800c036                __retarget_lock_acquire_recursive
 .text.__retarget_lock_release_recursive
                0x000000000800c038        0x2 /opt/st/stm32cubeide_1.14.0/plugins/com.st.stm32cube.ide.mcu.externaltools.gnu-tools-for-stm32.11.3.rel1.linux64_1.1.100.202309141235/tools/bin/../lib/gcc/arm-none-eabi/11.3.1/../../../../arm-none-eabi/lib/thumb/v7e-m+fp/hard/libc_nano.a(libc_a-lock.o)
                0x000000000800c038                __retarget_lock_release_recursive
 .text.memcpy   0x000000000800c03a       0x1c /opt/st/stm32cubeide_1.14.0/plugins/com.st.stm32cube.ide.mcu.externaltools.gnu-tools-for-stm32.11.3.rel1.linux64_1.1.100.202309141235/tools/bin/../lib/gcc/arm-none-eabi/11.3.1/../../../../arm-none-eabi/lib/thumb/v7e-m+fp/hard/libc_nano.a(libc_a-memcpy-stub.o)
                0x000000000800c03a                memcpy
 .text.quorem   0x000000000800c056      0x110 /opt/st/stm32cubeide_1.14.0/plugins/com.st.stm32cube.ide.mcu.externaltools.gnu-tools-for-stm32.11.3.rel1.linux64_1.1.100.202309141235/tools/bin/../lib/gcc/arm-none-eabi/11.3.1/../../../../arm-none-eabi/lib/thumb/v7e-m+fp/hard/libc_nano.a(libc_a-dtoa.o)
 *fill*         0x000000000800c166        0x2 
 .text._dtoa_r  0x000000000800c168      0xbe4 /opt/st/stm32cubeide_1.14.0/plugins/com.st.stm32cube.ide.mcu.externaltools.gnu-tools-for-stm32.11.3.rel1.linux64_1.1.100.202309141235/tools/bin/../lib/gcc/arm-none-eabi/11.3.1/../../../../arm-none-eabi/lib/thumb/v7e-m+fp/hard/libc_nano.a(libc_a-dtoa.o)
                0x000000000800c168                _dtoa_r
 .text._free_r  0x000000000800cd4c       0x98 /opt/st/stm32cubeide_1.14.0/plugins/com.st.stm32cube.ide.mcu.externaltools.gnu-tools-for-stm32.11.3.rel1.linux64_1.1.100.202309141235/tools/bin/../lib/gcc/arm-none-eabi/11.3.1/../../../../arm-none-eabi/lib/thumb/v7e-m+fp/hard/libc_nano.a(libc_a-freer.o)
                0x000000000800cd4c                _free_r
 .text.malloc   0x000000000800cde4       0x10 /opt/st/stm32cubeide_1.14.0/plugins/com.st.stm32cube.ide.mcu.externaltools.gnu-tools-for-stm32.11.3.rel1.linux64_1.1.100.202309141235/tools/bin/../lib/gcc/arm-none-eabi/11.3.1/../../../../arm-none-eabi/lib/thumb/v7e-m+fp/hard/libc_nano.a(libc_a-malloc.o)
                0x000000000800cde4                malloc
 .text.sbrk_aligned
                0x000000000800cdf4       0x40 /opt/st/stm32cubeide_1.14.0/plugins/com.st.stm32cube.ide.mcu.externaltools.gnu-tools-for-stm32.11.3.rel1.linux64_1.1.100.202309141235/tools/bin/../lib/gcc/arm-none-eabi/11.3.1/../../../../arm-none-eabi/lib/thumb/v7e-m+fp/hard/libc_nano.a(libc_a-mallocr.o)
 .text._malloc_r
                0x000000000800ce34      0x100 /opt/st/stm32cubeide_1.14.0/plugins/com.st.stm32cube.ide.mcu.externaltools.gnu-tools-for-stm32.11.3.rel1.linux64_1.1.100.202309141235/tools/bin/../lib/gcc/arm-none-eabi/11.3.1/../../../../arm-none-eabi/lib/thumb/v7e-m+fp/hard/libc_nano.a(libc_a-mallocr.o)
                0x000000000800ce34                _malloc_r
 .text.__malloc_lock
                0x000000000800cf34        0xc /opt/st/stm32cubeide_1.14.0/plugins/com.st.stm32cube.ide.mcu.externaltools.gnu-tools-for-stm32.11.3.rel1.linux64_1.1.100.202309141235/tools/bin/../lib/gcc/arm-none-eabi/11.3.1/../../../../arm-none-eabi/lib/thumb/v7e-m+fp/hard/libc_nano.a(libc_a-mlock.o)
                0x000000000800cf34                __malloc_lock
 .text.__malloc_unlock
                0x000000000800cf40        0xc /opt/st/stm32cubeide_1.14.0/plugins/com.st.stm32cube.ide.mcu.externaltools.gnu-tools-for-stm32.11.3.rel1.linux64_1.1.100.202309141235/tools/bin/../lib/gcc/arm-none-eabi/11.3.1/../../../../arm-none-eabi/lib/thumb/v7e-m+fp/hard/libc_nano.a(libc_a-mlock.o)
                0x000000000800cf40                __malloc_unlock
 .text._Balloc  0x000000000800cf4c       0x80 /opt/st/stm32cubeide_1.14.0/plugins/com.st.stm32cube.ide.mcu.externaltools.gnu-tools-for-stm32.11.3.rel1.linux64_1.1.100.202309141235/tools/bin/../lib/gcc/arm-none-eabi/11.3.1/../../../../arm-none-eabi/lib/thumb/v7e-m+fp/hard/libc_nano.a(libc_a-mprec.o)
                0x000000000800cf4c                _Balloc
 .text._Bfree   0x000000000800cfcc       0x44 /opt/st/stm32cubeide_1.14.0/plugins/com.st.stm32cube.ide.mcu.externaltools.gnu-tools-for-stm32.11.3.rel1.linux64_1.1.100.202309141235/tools/bin/../lib/gcc/arm-none-eabi/11.3.1/../../../../arm-none-eabi/lib/thumb/v7e-m+fp/hard/libc_nano.a(libc_a-mprec.o)
                0x000000000800cfcc                _Bfree
 .text.__multadd
                0x000000000800d010       0x8c /opt/st/stm32cubeide_1.14.0/plugins/com.st.stm32cube.ide.mcu.externaltools.gnu-tools-for-stm32.11.3.rel1.linux64_1.1.100.202309141235/tools/bin/../lib/gcc/arm-none-eabi/11.3.1/../../../../arm-none-eabi/lib/thumb/v7e-m+fp/hard/libc_nano.a(libc_a-mprec.o)
                0x000000000800d010                __multadd
 .text.__hi0bits
                0x000000000800d09c       0x40 /opt/st/stm32cubeide_1.14.0/plugins/com.st.stm32cube.ide.mcu.externaltools.gnu-tools-for-stm32.11.3.rel1.linux64_1.1.100.202309141235/tools/bin/../lib/gcc/arm-none-eabi/11.3.1/../../../../arm-none-eabi/lib/thumb/v7e-m+fp/hard/libc_nano.a(libc_a-mprec.o)
                0x000000000800d09c                __hi0bits
 .text.__lo0bits
                0x000000000800d0dc       0x5a /opt/st/stm32cubeide_1.14.0/plugins/com.st.stm32cube.ide.mcu.externaltools.gnu-tools-for-stm32.11.3.rel1.linux64_1.1.100.202309141235/tools/bin/../lib/gcc/arm-none-eabi/11.3.1/../../../../arm-none-eabi/lib/thumb/v7e-m+fp/hard/libc_nano.a(libc_a-mprec.o)
                0x000000000800d0dc                __lo0bits
 *fill*         0x000000000800d136        0x2 
 .text.__i2b    0x000000000800d138       0x2c /opt/st/stm32cubeide_1.14.0/plugins/com.st.stm32cube.ide.mcu.externaltools.gnu-tools-for-stm32.11.3.rel1.linux64_1.1.100.202309141235/tools/bin/../lib/gcc/arm-none-eabi/11.3.1/../../../../arm-none-eabi/lib/thumb/v7e-m+fp/hard/libc_nano.a(libc_a-mprec.o)
                0x000000000800d138                __i2b
 .text.__multiply
                0x000000000800d164      0x154 /opt/st/stm32cubeide_1.14.0/plugins/com.st.stm32cube.ide.mcu.externaltools.gnu-tools-for-stm32.11.3.rel1.linux64_1.1.100.202309141235/tools/bin/../lib/gcc/arm-none-eabi/11.3.1/../../../../arm-none-eabi/lib/thumb/v7e-m+fp/hard/libc_nano.a(libc_a-mprec.o)
                0x000000000800d164                __multiply
 .text.__pow5mult
                0x000000000800d2b8       0xb4 /opt/st/stm32cubeide_1.14.0/plugins/com.st.stm32cube.ide.mcu.externaltools.gnu-tools-for-stm32.11.3.rel1.linux64_1.1.100.202309141235/tools/bin/../lib/gcc/arm-none-eabi/11.3.1/../../../../arm-none-eabi/lib/thumb/v7e-m+fp/hard/libc_nano.a(libc_a-mprec.o)
                0x000000000800d2b8                __pow5mult
 .text.__lshift
                0x000000000800d36c       0xd8 /opt/st/stm32cubeide_1.14.0/plugins/com.st.stm32cube.ide.mcu.externaltools.gnu-tools-for-stm32.11.3.rel1.linux64_1.1.100.202309141235/tools/bin/../lib/gcc/arm-none-eabi/11.3.1/../../../../arm-none-eabi/lib/thumb/v7e-m+fp/hard/libc_nano.a(libc_a-mprec.o)
                0x000000000800d36c                __lshift
 .text.__mcmp   0x000000000800d444       0x38 /opt/st/stm32cubeide_1.14.0/plugins/com.st.stm32cube.ide.mcu.externaltools.gnu-tools-for-stm32.11.3.rel1.linux64_1.1.100.202309141235/tools/bin/../lib/gcc/arm-none-eabi/11.3.1/../../../../arm-none-eabi/lib/thumb/v7e-m+fp/hard/libc_nano.a(libc_a-mprec.o)
                0x000000000800d444                __mcmp
 .text.__mdiff  0x000000000800d47c      0x114 /opt/st/stm32cubeide_1.14.0/plugins/com.st.stm32cube.ide.mcu.externaltools.gnu-tools-for-stm32.11.3.rel1.linux64_1.1.100.202309141235/tools/bin/../lib/gcc/arm-none-eabi/11.3.1/../../../../arm-none-eabi/lib/thumb/v7e-m+fp/hard/libc_nano.a(libc_a-mprec.o)
                0x000000000800d47c                __mdiff
 .text.__d2b    0x000000000800d590       0xb4 /opt/st/stm32cubeide_1.14.0/plugins/com.st.stm32cube.ide.mcu.externaltools.gnu-tools-for-stm32.11.3.rel1.linux64_1.1.100.202309141235/tools/bin/../lib/gcc/arm-none-eabi/11.3.1/../../../../arm-none-eabi/lib/thumb/v7e-m+fp/hard/libc_nano.a(libc_a-mprec.o)
                0x000000000800d590                __d2b
 .text.__sfputc_r
                0x000000000800d644       0x2e /opt/st/stm32cubeide_1.14.0/plugins/com.st.stm32cube.ide.mcu.externaltools.gnu-tools-for-stm32.11.3.rel1.linux64_1.1.100.202309141235/tools/bin/../lib/gcc/arm-none-eabi/11.3.1/../../../../arm-none-eabi/lib/thumb/v7e-m+fp/hard/libc_nano.a(libc_a-nano-vfprintf.o)
 .text.__sfputs_r
                0x000000000800d672       0x24 /opt/st/stm32cubeide_1.14.0/plugins/com.st.stm32cube.ide.mcu.externaltools.gnu-tools-for-stm32.11.3.rel1.linux64_1.1.100.202309141235/tools/bin/../lib/gcc/arm-none-eabi/11.3.1/../../../../arm-none-eabi/lib/thumb/v7e-m+fp/hard/libc_nano.a(libc_a-nano-vfprintf.o)
                0x000000000800d672                __sfputs_r
 *fill*         0x000000000800d696        0x2 
 .text._vfprintf_r
                0x000000000800d698      0x234 /opt/st/stm32cubeide_1.14.0/plugins/com.st.stm32cube.ide.mcu.externaltools.gnu-tools-for-stm32.11.3.rel1.linux64_1.1.100.202309141235/tools/bin/../lib/gcc/arm-none-eabi/11.3.1/../../../../arm-none-eabi/lib/thumb/v7e-m+fp/hard/libc_nano.a(libc_a-nano-vfprintf.o)
                0x000000000800d698                _vfiprintf_r
                0x000000000800d698                _vfprintf_r
 .text.__sflush_r
                0x000000000800d8cc      0x10c /opt/st/stm32cubeide_1.14.0/plugins/com.st.stm32cube.ide.mcu.externaltools.gnu-tools-for-stm32.11.3.rel1.linux64_1.1.100.202309141235/tools/bin/../lib/gcc/arm-none-eabi/11.3.1/../../../../arm-none-eabi/lib/thumb/v7e-m+fp/hard/libc_nano.a(libc_a-fflush.o)
                0x000000000800d8cc                __sflush_r
 .text._fflush_r
                0x000000000800d9d8       0x50 /opt/st/stm32cubeide_1.14.0/plugins/com.st.stm32cube.ide.mcu.externaltools.gnu-tools-for-stm32.11.3.rel1.linux64_1.1.100.202309141235/tools/bin/../lib/gcc/arm-none-eabi/11.3.1/../../../../arm-none-eabi/lib/thumb/v7e-m+fp/hard/libc_nano.a(libc_a-fflush.o)
                0x000000000800d9d8                _fflush_r
 .text.__swhatbuf_r
                0x000000000800da28       0x4c /opt/st/stm32cubeide_1.14.0/plugins/com.st.stm32cube.ide.mcu.externaltools.gnu-tools-for-stm32.11.3.rel1.linux64_1.1.100.202309141235/tools/bin/../lib/gcc/arm-none-eabi/11.3.1/../../../../arm-none-eabi/lib/thumb/v7e-m+fp/hard/libc_nano.a(libc_a-makebuf.o)
                0x000000000800da28                __swhatbuf_r
 .text.__smakebuf_r
                0x000000000800da74       0x78 /opt/st/stm32cubeide_1.14.0/plugins/com.st.stm32cube.ide.mcu.externaltools.gnu-tools-for-stm32.11.3.rel1.linux64_1.1.100.202309141235/tools/bin/../lib/gcc/arm-none-eabi/11.3.1/../../../../arm-none-eabi/lib/thumb/v7e-m+fp/hard/libc_nano.a(libc_a-makebuf.o)
                0x000000000800da74                __smakebuf_r
 .text._fstat_r
                0x000000000800daec       0x24 /opt/st/stm32cubeide_1.14.0/plugins/com.st.stm32cube.ide.mcu.externaltools.gnu-tools-for-stm32.11.3.rel1.linux64_1.1.100.202309141235/tools/bin/../lib/gcc/arm-none-eabi/11.3.1/../../../../arm-none-eabi/lib/thumb/v7e-m+fp/hard/libc_nano.a(libc_a-fstatr.o)
                0x000000000800daec                _fstat_r
 .text._isatty_r
                0x000000000800db10       0x20 /opt/st/stm32cubeide_1.14.0/plugins/com.st.stm32cube.ide.mcu.externaltools.gnu-tools-for-stm32.11.3.rel1.linux64_1.1.100.202309141235/tools/bin/../lib/gcc/arm-none-eabi/11.3.1/../../../../arm-none-eabi/lib/thumb/v7e-m+fp/hard/libc_nano.a(libc_a-isattyr.o)
                0x000000000800db10                _isatty_r
 .text._sbrk_r  0x000000000800db30       0x20 /opt/st/stm32cubeide_1.14.0/plugins/com.st.stm32cube.ide.mcu.externaltools.gnu-tools-for-stm32.11.3.rel1.linux64_1.1.100.202309141235/tools/bin/../lib/gcc/arm-none-eabi/11.3.1/../../../../arm-none-eabi/lib/thumb/v7e-m+fp/hard/libc_nano.a(libc_a-sbrkr.o)
                0x000000000800db30                _sbrk_r
 .text.__assert_func
                0x000000000800db50       0x3c /opt/st/stm32cubeide_1.14.0/plugins/com.st.stm32cube.ide.mcu.externaltools.gnu-tools-for-stm32.11.3.rel1.linux64_1.1.100.202309141235/tools/bin/../lib/gcc/arm-none-eabi/11.3.1/../../../../arm-none-eabi/lib/thumb/v7e-m+fp/hard/libc_nano.a(libc_a-assert.o)
                0x000000000800db50                __assert_func
 .text._calloc_r
                0x000000000800db8c       0x2c /opt/st/stm32cubeide_1.14.0/plugins/com.st.stm32cube.ide.mcu.externaltools.gnu-tools-for-stm32.11.3.rel1.linux64_1.1.100.202309141235/tools/bin/../lib/gcc/arm-none-eabi/11.3.1/../../../../arm-none-eabi/lib/thumb/v7e-m+fp/hard/libc_nano.a(libc_a-callocr.o)
                0x000000000800db8c                _calloc_r
 .text.__ascii_mbtowc
                0x000000000800dbb8       0x24 /opt/st/stm32cubeide_1.14.0/plugins/com.st.stm32cube.ide.mcu.externaltools.gnu-tools-for-stm32.11.3.rel1.linux64_1.1.100.202309141235/tools/bin/../lib/gcc/arm-none-eabi/11.3.1/../../../../arm-none-eabi/lib/thumb/v7e-m+fp/hard/libc_nano.a(libc_a-mbtowc_r.o)
                0x000000000800dbb8                __ascii_mbtowc
 .text.__ascii_wctomb
                0x000000000800dbdc       0x1a /opt/st/stm32cubeide_1.14.0/plugins/com.st.stm32cube.ide.mcu.externaltools.gnu-tools-for-stm32.11.3.rel1.linux64_1.1.100.202309141235/tools/bin/../lib/gcc/arm-none-eabi/11.3.1/../../../../arm-none-eabi/lib/thumb/v7e-m+fp/hard/libc_nano.a(libc_a-wctomb_r.o)
                0x000000000800dbdc                __ascii_wctomb
 *fill*         0x000000000800dbf6        0x2 
 .text.fprintf  0x000000000800dbf8       0x24 /opt/st/stm32cubeide_1.14.0/plugins/com.st.stm32cube.ide.mcu.externaltools.gnu-tools-for-stm32.11.3.rel1.linux64_1.1.100.202309141235/tools/bin/../lib/gcc/arm-none-eabi/11.3.1/../../../../arm-none-eabi/lib/thumb/v7e-m+fp/hard/libc_nano.a(libc_a-fprintf.o)
                0x000000000800dbf8                fprintf
                0x000000000800dbf8                fiprintf
 .text.abort    0x000000000800dc1c        0xe /opt/st/stm32cubeide_1.14.0/plugins/com.st.stm32cube.ide.mcu.externaltools.gnu-tools-for-stm32.11.3.rel1.linux64_1.1.100.202309141235/tools/bin/../lib/gcc/arm-none-eabi/11.3.1/../../../../arm-none-eabi/lib/thumb/v7e-m+fp/hard/libc_nano.a(libc_a-abort.o)
                0x000000000800dc1c                abort
 .text._raise_r
                0x000000000800dc2a       0x50 /opt/st/stm32cubeide_1.14.0/plugins/com.st.stm32cube.ide.mcu.externaltools.gnu-tools-for-stm32.11.3.rel1.linux64_1.1.100.202309141235/tools/bin/../lib/gcc/arm-none-eabi/11.3.1/../../../../arm-none-eabi/lib/thumb/v7e-m+fp/hard/libc_nano.a(libc_a-signal.o)
                0x000000000800dc2a                _raise_r
 *fill*         0x000000000800dc7a        0x2 
 .text.raise    0x000000000800dc7c       0x10 /opt/st/stm32cubeide_1.14.0/plugins/com.st.stm32cube.ide.mcu.externaltools.gnu-tools-for-stm32.11.3.rel1.linux64_1.1.100.202309141235/tools/bin/../lib/gcc/arm-none-eabi/11.3.1/../../../../arm-none-eabi/lib/thumb/v7e-m+fp/hard/libc_nano.a(libc_a-signal.o)
                0x000000000800dc7c                raise
 .text._kill_r  0x000000000800dc8c       0x24 /opt/st/stm32cubeide_1.14.0/plugins/com.st.stm32cube.ide.mcu.externaltools.gnu-tools-for-stm32.11.3.rel1.linux64_1.1.100.202309141235/tools/bin/../lib/gcc/arm-none-eabi/11.3.1/../../../../arm-none-eabi/lib/thumb/v7e-m+fp/hard/libc_nano.a(libc_a-signalr.o)
                0x000000000800dc8c                _kill_r
 .text._getpid_r
                0x000000000800dcb0        0x4 /opt/st/stm32cubeide_1.14.0/plugins/com.st.stm32cube.ide.mcu.externaltools.gnu-tools-for-stm32.11.3.rel1.linux64_1.1.100.202309141235/tools/bin/../lib/gcc/arm-none-eabi/11.3.1/../../../../arm-none-eabi/lib/thumb/v7e-m+fp/hard/libc_nano.a(libc_a-signalr.o)
                0x000000000800dcb0                _getpid_r
 .text._getpid  0x000000000800dcb4       0x10 /opt/st/stm32cubeide_1.14.0/plugins/com.st.stm32cube.ide.mcu.externaltools.gnu-tools-for-stm32.11.3.rel1.linux64_1.1.100.202309141235/tools/bin/../lib/gcc/arm-none-eabi/11.3.1/../../../../arm-none-eabi/lib/thumb/v7e-m+fp/hard/libnosys.a(getpid.o)
                0x000000000800dcb4                _getpid
 .text._kill    0x000000000800dcc4       0x10 /opt/st/stm32cubeide_1.14.0/plugins/com.st.stm32cube.ide.mcu.externaltools.gnu-tools-for-stm32.11.3.rel1.linux64_1.1.100.202309141235/tools/bin/../lib/gcc/arm-none-eabi/11.3.1/../../../../arm-none-eabi/lib/thumb/v7e-m+fp/hard/libnosys.a(kill.o)
                0x000000000800dcc4                _kill
 .text._exit    0x000000000800dcd4        0x2 /opt/st/stm32cubeide_1.14.0/plugins/com.st.stm32cube.ide.mcu.externaltools.gnu-tools-for-stm32.11.3.rel1.linux64_1.1.100.202309141235/tools/bin/../lib/gcc/arm-none-eabi/11.3.1/../../../../arm-none-eabi/lib/thumb/v7e-m+fp/hard/libnosys.a(_exit.o)
                0x000000000800dcd4                _exit
 *(.glue_7)
 .glue_7        0x000000000800dcd6        0x0 linker stubs
 *(.glue_7t)
 .glue_7t       0x000000000800dcd6        0x0 linker stubs
 *(.eh_frame)
 *fill*         0x000000000800dcd6        0x2 
 .eh_frame      0x000000000800dcd8        0x0 /opt/st/stm32cubeide_1.14.0/plugins/com.st.stm32cube.ide.mcu.externaltools.gnu-tools-for-stm32.11.3.rel1.linux64_1.1.100.202309141235/tools/bin/../lib/gcc/arm-none-eabi/11.3.1/thumb/v7e-m+fp/hard/crtbegin.o
 *(.init)
 .init          0x000000000800dcd8        0x4 /opt/st/stm32cubeide_1.14.0/plugins/com.st.stm32cube.ide.mcu.externaltools.gnu-tools-for-stm32.11.3.rel1.linux64_1.1.100.202309141235/tools/bin/../lib/gcc/arm-none-eabi/11.3.1/thumb/v7e-m+fp/hard/crti.o
                0x000000000800dcd8                _init
 .init          0x000000000800dcdc        0x8 /opt/st/stm32cubeide_1.14.0/plugins/com.st.stm32cube.ide.mcu.externaltools.gnu-tools-for-stm32.11.3.rel1.linux64_1.1.100.202309141235/tools/bin/../lib/gcc/arm-none-eabi/11.3.1/thumb/v7e-m+fp/hard/crtn.o
 *(.fini)
 .fini          0x000000000800dce4        0x4 /opt/st/stm32cubeide_1.14.0/plugins/com.st.stm32cube.ide.mcu.externaltools.gnu-tools-for-stm32.11.3.rel1.linux64_1.1.100.202309141235/tools/bin/../lib/gcc/arm-none-eabi/11.3.1/thumb/v7e-m+fp/hard/crti.o
                0x000000000800dce4                _fini
 .fini          0x000000000800dce8        0x8 /opt/st/stm32cubeide_1.14.0/plugins/com.st.stm32cube.ide.mcu.externaltools.gnu-tools-for-stm32.11.3.rel1.linux64_1.1.100.202309141235/tools/bin/../lib/gcc/arm-none-eabi/11.3.1/thumb/v7e-m+fp/hard/crtn.o
                0x000000000800dcf0                . = ALIGN (0x4)
                0x000000000800dcf0                _etext = .

.vfp11_veneer   0x000000000800dcf0        0x0
 .vfp11_veneer  0x000000000800dcf0        0x0 linker stubs

.v4_bx          0x000000000800dcf0        0x0
 .v4_bx         0x000000000800dcf0        0x0 linker stubs

.iplt           0x000000000800dcf0        0x0
 .iplt          0x000000000800dcf0        0x0 /opt/st/stm32cubeide_1.14.0/plugins/com.st.stm32cube.ide.mcu.externaltools.gnu-tools-for-stm32.11.3.rel1.linux64_1.1.100.202309141235/tools/bin/../lib/gcc/arm-none-eabi/11.3.1/thumb/v7e-m+fp/hard/crtbegin.o

.rodata         0x000000000800dcf0    0x126bc
                0x000000000800dcf0                . = ALIGN (0x4)
 *(.rodata)
 .rodata        0x000000000800dcf0       0xdc ./Core/Src/adc_dblbuf.o
 .rodata        0x000000000800ddcc       0xc8 ./Core/Src/main.o
 .rodata        0x000000000800de94      0x2a3 ./Core/Src/s2lp.o
 *fill*         0x000000000800e137        0x1 
 .rodata        0x000000000800e138       0x4d ./Core/Src/utils.o
 *(.rodata*)
 *fill*         0x000000000800e185        0x3 
 .rodata.AES_Key
                0x000000000800e188       0x10 ./Core/Src/packet.o
                0x000000000800e188                AES_Key
 .rodata.AHBPrescTable
                0x000000000800e198       0x10 ./Core/Src/system_stm32l4xx.o
                0x000000000800e198                AHBPrescTable
 .rodata.APBPrescTable
                0x000000000800e1a8        0x8 ./Core/Src/system_stm32l4xx.o
                0x000000000800e1a8                APBPrescTable
 .rodata.MSIRangeTable
                0x000000000800e1b0       0x30 ./Core/Src/system_stm32l4xx.o
                0x000000000800e1b0                MSIRangeTable
 .rodata.arm_cfft_sR_q15_len1024
                0x000000000800e1e0       0x10 /home/lucie/Documents/LELEC210X/lelec210X_GroupeF/goldenProject/STM/GoldenProject/ARM_CMSIS/CMSIS/DSP/Lib/GCC/libarm_cortexM4lf_math.a(arm_const_structs.o)
                0x000000000800e1e0                arm_cfft_sR_q15_len1024
 .rodata.arm_cfft_sR_q15_len128
                0x000000000800e1f0       0x10 /home/lucie/Documents/LELEC210X/lelec210X_GroupeF/goldenProject/STM/GoldenProject/ARM_CMSIS/CMSIS/DSP/Lib/GCC/libarm_cortexM4lf_math.a(arm_const_structs.o)
                0x000000000800e1f0                arm_cfft_sR_q15_len128
 .rodata.arm_cfft_sR_q15_len16
                0x000000000800e200       0x10 /home/lucie/Documents/LELEC210X/lelec210X_GroupeF/goldenProject/STM/GoldenProject/ARM_CMSIS/CMSIS/DSP/Lib/GCC/libarm_cortexM4lf_math.a(arm_const_structs.o)
                0x000000000800e200                arm_cfft_sR_q15_len16
 .rodata.arm_cfft_sR_q15_len2048
                0x000000000800e210       0x10 /home/lucie/Documents/LELEC210X/lelec210X_GroupeF/goldenProject/STM/GoldenProject/ARM_CMSIS/CMSIS/DSP/Lib/GCC/libarm_cortexM4lf_math.a(arm_const_structs.o)
                0x000000000800e210                arm_cfft_sR_q15_len2048
 .rodata.arm_cfft_sR_q15_len256
                0x000000000800e220       0x10 /home/lucie/Documents/LELEC210X/lelec210X_GroupeF/goldenProject/STM/GoldenProject/ARM_CMSIS/CMSIS/DSP/Lib/GCC/libarm_cortexM4lf_math.a(arm_const_structs.o)
                0x000000000800e220                arm_cfft_sR_q15_len256
 .rodata.arm_cfft_sR_q15_len32
                0x000000000800e230       0x10 /home/lucie/Documents/LELEC210X/lelec210X_GroupeF/goldenProject/STM/GoldenProject/ARM_CMSIS/CMSIS/DSP/Lib/GCC/libarm_cortexM4lf_math.a(arm_const_structs.o)
                0x000000000800e230                arm_cfft_sR_q15_len32
 .rodata.arm_cfft_sR_q15_len4096
                0x000000000800e240       0x10 /home/lucie/Documents/LELEC210X/lelec210X_GroupeF/goldenProject/STM/GoldenProject/ARM_CMSIS/CMSIS/DSP/Lib/GCC/libarm_cortexM4lf_math.a(arm_const_structs.o)
                0x000000000800e240                arm_cfft_sR_q15_len4096
 .rodata.arm_cfft_sR_q15_len512
                0x000000000800e250       0x10 /home/lucie/Documents/LELEC210X/lelec210X_GroupeF/goldenProject/STM/GoldenProject/ARM_CMSIS/CMSIS/DSP/Lib/GCC/libarm_cortexM4lf_math.a(arm_const_structs.o)
                0x000000000800e250                arm_cfft_sR_q15_len512
 .rodata.arm_cfft_sR_q15_len64
                0x000000000800e260       0x10 /home/lucie/Documents/LELEC210X/lelec210X_GroupeF/goldenProject/STM/GoldenProject/ARM_CMSIS/CMSIS/DSP/Lib/GCC/libarm_cortexM4lf_math.a(arm_const_structs.o)
                0x000000000800e260                arm_cfft_sR_q15_len64
 .rodata.armBitRevIndexTable_fixed_1024
                0x000000000800e270      0x7c0 /home/lucie/Documents/LELEC210X/lelec210X_GroupeF/goldenProject/STM/GoldenProject/ARM_CMSIS/CMSIS/DSP/Lib/GCC/libarm_cortexM4lf_math.a(arm_common_tables.o)
                0x000000000800e270                armBitRevIndexTable_fixed_1024
 .rodata.armBitRevIndexTable_fixed_128
                0x000000000800ea30       0xe0 /home/lucie/Documents/LELEC210X/lelec210X_GroupeF/goldenProject/STM/GoldenProject/ARM_CMSIS/CMSIS/DSP/Lib/GCC/libarm_cortexM4lf_math.a(arm_common_tables.o)
                0x000000000800ea30                armBitRevIndexTable_fixed_128
 .rodata.armBitRevIndexTable_fixed_16
                0x000000000800eb10       0x18 /home/lucie/Documents/LELEC210X/lelec210X_GroupeF/goldenProject/STM/GoldenProject/ARM_CMSIS/CMSIS/DSP/Lib/GCC/libarm_cortexM4lf_math.a(arm_common_tables.o)
                0x000000000800eb10                armBitRevIndexTable_fixed_16
 .rodata.armBitRevIndexTable_fixed_2048
                0x000000000800eb28      0xf80 /home/lucie/Documents/LELEC210X/lelec210X_GroupeF/goldenProject/STM/GoldenProject/ARM_CMSIS/CMSIS/DSP/Lib/GCC/libarm_cortexM4lf_math.a(arm_common_tables.o)
                0x000000000800eb28                armBitRevIndexTable_fixed_2048
 .rodata.armBitRevIndexTable_fixed_256
                0x000000000800faa8      0x1e0 /home/lucie/Documents/LELEC210X/lelec210X_GroupeF/goldenProject/STM/GoldenProject/ARM_CMSIS/CMSIS/DSP/Lib/GCC/libarm_cortexM4lf_math.a(arm_common_tables.o)
                0x000000000800faa8                armBitRevIndexTable_fixed_256
 .rodata.armBitRevIndexTable_fixed_32
                0x000000000800fc88       0x30 /home/lucie/Documents/LELEC210X/lelec210X_GroupeF/goldenProject/STM/GoldenProject/ARM_CMSIS/CMSIS/DSP/Lib/GCC/libarm_cortexM4lf_math.a(arm_common_tables.o)
                0x000000000800fc88                armBitRevIndexTable_fixed_32
 .rodata.armBitRevIndexTable_fixed_4096
                0x000000000800fcb8     0x1f80 /home/lucie/Documents/LELEC210X/lelec210X_GroupeF/goldenProject/STM/GoldenProject/ARM_CMSIS/CMSIS/DSP/Lib/GCC/libarm_cortexM4lf_math.a(arm_common_tables.o)
                0x000000000800fcb8                armBitRevIndexTable_fixed_4096
 .rodata.armBitRevIndexTable_fixed_512
                0x0000000008011c38      0x3c0 /home/lucie/Documents/LELEC210X/lelec210X_GroupeF/goldenProject/STM/GoldenProject/ARM_CMSIS/CMSIS/DSP/Lib/GCC/libarm_cortexM4lf_math.a(arm_common_tables.o)
                0x0000000008011c38                armBitRevIndexTable_fixed_512
 .rodata.armBitRevIndexTable_fixed_64
                0x0000000008011ff8       0x70 /home/lucie/Documents/LELEC210X/lelec210X_GroupeF/goldenProject/STM/GoldenProject/ARM_CMSIS/CMSIS/DSP/Lib/GCC/libarm_cortexM4lf_math.a(arm_common_tables.o)
                0x0000000008011ff8                armBitRevIndexTable_fixed_64
 .rodata.realCoefAQ15
                0x0000000008012068     0x4000 /home/lucie/Documents/LELEC210X/lelec210X_GroupeF/goldenProject/STM/GoldenProject/ARM_CMSIS/CMSIS/DSP/Lib/GCC/libarm_cortexM4lf_math.a(arm_common_tables.o)
                0x0000000008012068                realCoefAQ15
 .rodata.realCoefBQ15
                0x0000000008016068     0x4000 /home/lucie/Documents/LELEC210X/lelec210X_GroupeF/goldenProject/STM/GoldenProject/ARM_CMSIS/CMSIS/DSP/Lib/GCC/libarm_cortexM4lf_math.a(arm_common_tables.o)
                0x0000000008016068                realCoefBQ15
 .rodata.twiddleCoef_1024_q15
                0x000000000801a068      0xc00 /home/lucie/Documents/LELEC210X/lelec210X_GroupeF/goldenProject/STM/GoldenProject/ARM_CMSIS/CMSIS/DSP/Lib/GCC/libarm_cortexM4lf_math.a(arm_common_tables.o)
                0x000000000801a068                twiddleCoef_1024_q15
 .rodata.twiddleCoef_128_q15
                0x000000000801ac68      0x180 /home/lucie/Documents/LELEC210X/lelec210X_GroupeF/goldenProject/STM/GoldenProject/ARM_CMSIS/CMSIS/DSP/Lib/GCC/libarm_cortexM4lf_math.a(arm_common_tables.o)
                0x000000000801ac68                twiddleCoef_128_q15
 .rodata.twiddleCoef_16_q15
                0x000000000801ade8       0x30 /home/lucie/Documents/LELEC210X/lelec210X_GroupeF/goldenProject/STM/GoldenProject/ARM_CMSIS/CMSIS/DSP/Lib/GCC/libarm_cortexM4lf_math.a(arm_common_tables.o)
                0x000000000801ade8                twiddleCoef_16_q15
 .rodata.twiddleCoef_2048_q15
                0x000000000801ae18     0x1800 /home/lucie/Documents/LELEC210X/lelec210X_GroupeF/goldenProject/STM/GoldenProject/ARM_CMSIS/CMSIS/DSP/Lib/GCC/libarm_cortexM4lf_math.a(arm_common_tables.o)
                0x000000000801ae18                twiddleCoef_2048_q15
 .rodata.twiddleCoef_256_q15