Archive member included to satisfy reference by file (symbol)

/home/lucie/Documents/LELEC210X/lelec210X_GroupeF/goldenProject/STM/GoldenProject/ARM_CMSIS/CMSIS/DSP/Lib/GCC/libarm_cortexM4lf_math.a(arm_rfft_q15.o)
                              ./Core/Src/spectrogram.o (arm_rfft_q15)
/home/lucie/Documents/LELEC210X/lelec210X_GroupeF/goldenProject/STM/GoldenProject/ARM_CMSIS/CMSIS/DSP/Lib/GCC/libarm_cortexM4lf_math.a(arm_rfft_init_q15.o)
                              ./Core/Src/spectrogram.o (arm_rfft_init_q15)
/home/lucie/Documents/LELEC210X/lelec210X_GroupeF/goldenProject/STM/GoldenProject/ARM_CMSIS/CMSIS/DSP/Lib/GCC/libarm_cortexM4lf_math.a(arm_mat_mult_fast_q15.o)
                              ./Core/Src/spectrogram.o (arm_mat_mult_fast_q15)
/home/lucie/Documents/LELEC210X/lelec210X_GroupeF/goldenProject/STM/GoldenProject/ARM_CMSIS/CMSIS/DSP/Lib/GCC/libarm_cortexM4lf_math.a(arm_mat_init_q15.o)
                              ./Core/Src/spectrogram.o (arm_mat_init_q15)
/home/lucie/Documents/LELEC210X/lelec210X_GroupeF/goldenProject/STM/GoldenProject/ARM_CMSIS/CMSIS/DSP/Lib/GCC/libarm_cortexM4lf_math.a(arm_cmplx_mag_q15.o)
                              ./Core/Src/spectrogram.o (arm_cmplx_mag_q15)
/home/lucie/Documents/LELEC210X/lelec210X_GroupeF/goldenProject/STM/GoldenProject/ARM_CMSIS/CMSIS/DSP/Lib/GCC/libarm_cortexM4lf_math.a(arm_sqrt_q15.o)
                              /home/lucie/Documents/LELEC210X/lelec210X_GroupeF/goldenProject/STM/GoldenProject/ARM_CMSIS/CMSIS/DSP/Lib/GCC/libarm_cortexM4lf_math.a(arm_cmplx_mag_q15.o) (arm_sqrt_q15)
/home/lucie/Documents/LELEC210X/lelec210X_GroupeF/goldenProject/STM/GoldenProject/ARM_CMSIS/CMSIS/DSP/Lib/GCC/libarm_cortexM4lf_math.a(arm_shift_q15.o)
                              ./Core/Src/spectrogram.o (arm_shift_q15)
/home/lucie/Documents/LELEC210X/lelec210X_GroupeF/goldenProject/STM/GoldenProject/ARM_CMSIS/CMSIS/DSP/Lib/GCC/libarm_cortexM4lf_math.a(arm_mult_q15.o)
                              ./Core/Src/spectrogram.o (arm_mult_q15)
/home/lucie/Documents/LELEC210X/lelec210X_GroupeF/goldenProject/STM/GoldenProject/ARM_CMSIS/CMSIS/DSP/Lib/GCC/libarm_cortexM4lf_math.a(arm_const_structs.o)
                              /home/lucie/Documents/LELEC210X/lelec210X_GroupeF/goldenProject/STM/GoldenProject/ARM_CMSIS/CMSIS/DSP/Lib/GCC/libarm_cortexM4lf_math.a(arm_rfft_init_q15.o) (arm_cfft_sR_q15_len4096)
/home/lucie/Documents/LELEC210X/lelec210X_GroupeF/goldenProject/STM/GoldenProject/ARM_CMSIS/CMSIS/DSP/Lib/GCC/libarm_cortexM4lf_math.a(arm_common_tables.o)
                              /home/lucie/Documents/LELEC210X/lelec210X_GroupeF/goldenProject/STM/GoldenProject/ARM_CMSIS/CMSIS/DSP/Lib/GCC/libarm_cortexM4lf_math.a(arm_rfft_init_q15.o) (realCoefBQ15)
/home/lucie/Documents/LELEC210X/lelec210X_GroupeF/goldenProject/STM/GoldenProject/ARM_CMSIS/CMSIS/DSP/Lib/GCC/libarm_cortexM4lf_math.a(arm_cfft_q15.o)
                              /home/lucie/Documents/LELEC210X/lelec210X_GroupeF/goldenProject/STM/GoldenProject/ARM_CMSIS/CMSIS/DSP/Lib/GCC/libarm_cortexM4lf_math.a(arm_rfft_q15.o) (arm_cfft_q15)
/home/lucie/Documents/LELEC210X/lelec210X_GroupeF/goldenProject/STM/GoldenProject/ARM_CMSIS/CMSIS/DSP/Lib/GCC/libarm_cortexM4lf_math.a(arm_cfft_radix4_q15.o)
                              /home/lucie/Documents/LELEC210X/lelec210X_GroupeF/goldenProject/STM/GoldenProject/ARM_CMSIS/CMSIS/DSP/Lib/GCC/libarm_cortexM4lf_math.a(arm_cfft_q15.o) (arm_radix4_butterfly_q15)
/home/lucie/Documents/LELEC210X/lelec210X_GroupeF/goldenProject/STM/GoldenProject/ARM_CMSIS/CMSIS/DSP/Lib/GCC/libarm_cortexM4lf_math.a(arm_bitreversal2.o)
                              /home/lucie/Documents/LELEC210X/lelec210X_GroupeF/goldenProject/STM/GoldenProject/ARM_CMSIS/CMSIS/DSP/Lib/GCC/libarm_cortexM4lf_math.a(arm_cfft_q15.o) (arm_bitreversal_16)
/home/lucie/Documents/LELEC210X/lelec210X_GroupeF/goldenProject/STM/GoldenProject/ARM_CMSIS/CMSIS/DSP/Lib/GCC/libarm_cortexM4lf_math.a(arm_bitreversal.o)
                              /home/lucie/Documents/LELEC210X/lelec210X_GroupeF/goldenProject/STM/GoldenProject/ARM_CMSIS/CMSIS/DSP/Lib/GCC/libarm_cortexM4lf_math.a(arm_cfft_radix4_q15.o) (arm_bitreversal_q15)
/opt/st/stm32cubeide_1.14.0/plugins/com.st.stm32cube.ide.mcu.externaltools.gnu-tools-for-stm32.11.3.rel1.linux64_1.1.100.202309141235/tools/bin/../lib/gcc/arm-none-eabi/11.3.1/../../../../arm-none-eabi/lib/thumb/v7e-m+fp/hard/libc_nano.a(libc_a-exit.o)
                              /opt/st/stm32cubeide_1.14.0/plugins/com.st.stm32cube.ide.mcu.externaltools.gnu-tools-for-stm32.11.3.rel1.linux64_1.1.100.202309141235/tools/bin/../lib/gcc/arm-none-eabi/11.3.1/../../../../arm-none-eabi/lib/thumb/v7e-m+fp/hard/crt0.o (exit)
/opt/st/stm32cubeide_1.14.0/plugins/com.st.stm32cube.ide.mcu.externaltools.gnu-tools-for-stm32.11.3.rel1.linux64_1.1.100.202309141235/tools/bin/../lib/gcc/arm-none-eabi/11.3.1/../../../../arm-none-eabi/lib/thumb/v7e-m+fp/hard/libc_nano.a(libc_a-nano-vfprintf_float.o)
[...]
Memory Configuration

Name             Origin             Length             Attributes
RAM              0x0000000020000000 0x0000000000050000 xrw
FLASH            0x0000000008000000 0x0000000000100000 xr
*default*        0x0000000000000000 0xffffffffffffffff

Linker script and memory map

LOAD /opt/st/stm32cubeide_1.14.0/plugins/com.st.stm32cube.ide.mcu.externaltools.gnu-tools-for-stm32.11.3.rel1.linux64_1.1.100.202309141235/tools/bin/../lib/gcc/arm-none-eabi/11.3.1/thumb/v7e-m+fp/hard/crti.o
LOAD /opt/st/stm32cubeide_1.14.0/plugins/com.st.stm32cube.ide.mcu.externaltools.gnu-tools-for-stm32.11.3.rel1.linux64_1.1.100.202309141235/tools/bin/../lib/gcc/arm-none-eabi/11.3.1/thumb/v7e-m+fp/hard/crtbegin.o
LOAD /opt/st/stm32cubeide_1.14.0/plugins/com.st.stm32cube.ide.mcu.externaltools.gnu-tools-for-stm32.11.3.rel1.linux64_1.1.100.202309141235/tools/bin/../lib/gcc/arm-none-eabi/11.3.1/../../../../arm-none-eabi/lib/thumb/v7e-m+fp/hard/crt0.o
LOAD ./Core/Src/adc.o
LOAD ./Core/Src/adc_dblbuf.o
LOAD ./Core/Src/aes_ref.o
LOAD ./Core/Src/arm_absmax_q15.o
LOAD ./Core/Src/dma.o
LOAD ./Core/Src/eval_radio.o
LOAD ./Core/Src/gpio.o
LOAD ./Core/Src/main.o
LOAD ./Core/Src/packet.o
LOAD ./Core/Src/retarget.o
LOAD ./Core/Src/s2lp.o
LOAD ./Core/Src/spectrogram.o
LOAD ./Core/Src/spi.o
LOAD ./Core/Src/stm32l4xx_hal_msp.o
LOAD ./Core/Src/stm32l4xx_it.o
LOAD ./Core/Src/sysmem.o
LOAD ./Core/Src/system_stm32l4xx.o
LOAD ./Core/Src/tim.o
LOAD ./Core/Src/usart.o
LOAD ./Core/Src/utils.o
LOAD ./Core/Startup/startup_stm32l4a6zgtx.o
LOAD ./Drivers/STM32L4xx_HAL_Driver/Src/stm32l4xx_hal.o
LOAD ./Drivers/STM32L4xx_HAL_Driver/Src/stm32l4xx_hal_adc.o
LOAD ./Drivers/STM32L4xx_HAL_Driver/Src/stm32l4xx_hal_adc_ex.o
LOAD ./Drivers/STM32L4xx_HAL_Driver/Src/stm32l4xx_hal_cortex.o
LOAD ./Drivers/STM32L4xx_HAL_Driver/Src/stm32l4xx_hal_dma.o
LOAD ./Drivers/STM32L4xx_HAL_Driver/Src/stm32l4xx_hal_dma_ex.o
LOAD ./Drivers/STM32L4xx_HAL_Driver/Src/stm32l4xx_hal_exti.o
LOAD ./Drivers/STM32L4xx_HAL_Driver/Src/stm32l4xx_hal_flash.o
LOAD ./Drivers/STM32L4xx_HAL_Driver/Src/stm32l4xx_hal_flash_ex.o
LOAD ./Drivers/STM32L4xx_HAL_Driver/Src/stm32l4xx_hal_flash_ramfunc.o
LOAD ./Drivers/STM32L4xx_HAL_Driver/Src/stm32l4xx_hal_gpio.o
LOAD ./Drivers/STM32L4xx_HAL_Driver/Src/stm32l4xx_hal_i2c.o
LOAD ./Drivers/STM32L4xx_HAL_Driver/Src/stm32l4xx_hal_i2c_ex.o
LOAD ./Drivers/STM32L4xx_HAL_Driver/Src/stm32l4xx_hal_pwr.o
LOAD ./Drivers/STM32L4xx_HAL_Driver/Src/stm32l4xx_hal_pwr_ex.o
LOAD ./Drivers/STM32L4xx_HAL_Driver/Src/stm32l4xx_hal_rcc.o
LOAD ./Drivers/STM32L4xx_HAL_Driver/Src/stm32l4xx_hal_rcc_ex.o
LOAD ./Drivers/STM32L4xx_HAL_Driver/Src/stm32l4xx_hal_spi.o
LOAD ./Drivers/STM32L4xx_HAL_Driver/Src/stm32l4xx_hal_spi_ex.o
LOAD ./Drivers/STM32L4xx_HAL_Driver/Src/stm32l4xx_hal_tim.o
LOAD ./Drivers/STM32L4xx_HAL_Driver/Src/stm32l4xx_hal_tim_ex.o
LOAD ./Drivers/STM32L4xx_HAL_Driver/Src/stm32l4xx_hal_uart.o
LOAD ./Drivers/STM32L4xx_HAL_Driver/Src/stm32l4xx_hal_uart_ex.o
LOAD /home/lucie/Documents/LELEC210X/lelec210X_GroupeF/goldenProject/STM/GoldenProject/ARM_CMSIS/CMSIS/DSP/Lib/GCC/libarm_cortexM4lf_math.a
START GROUP
LOAD /opt/st/stm32cubeide_1.14.0/plugins/com.st.stm32cube.ide.mcu.externaltools.gnu-tools-for-stm32.11.3.rel1.linux64_1.1.100.202309141235/tools/bin/../lib/gcc/arm-none-eabi/11.3.1/../../../../arm-none-eabi/lib/thumb/v7e-m+fp/hard/libc_nano.a
LOAD /opt/st/stm32cubeide_1.14.0/plugins/com.st.stm32cube.ide.mcu.externaltools.gnu-tools-for-stm32.11.3.rel1.linux64_1.1.100.202309141235/tools/bin/../lib/gcc/arm-none-eabi/11.3.1/../../../../arm-none-eabi/lib/thumb/v7e-m+fp/hard/libm.a
END GROUP
START GROUP
LOAD /opt/st/stm32cubeide_1.14.0/plugins/com.st.stm32cube.ide.mcu.externaltools.gnu-tools-for-stm32.11.3.rel1.linux64_1.1.100.202309141235/tools/bin/../lib/gcc/arm-none-eabi/11.3.1/thumb/v7e-m+fp/hard/libgcc.a
LOAD /opt/st/stm32cubeide_1.14.0/plugins/com.st.stm32cube.ide.mcu.externaltools.gnu-tools-for-stm32.11.3.rel1.linux64_1.1.100.202309141235/tools/bin/../lib/gcc/arm-none-eabi/11.3.1/../../../../arm-none-eabi/lib/thumb/v7e-m+fp/hard/libc_nano.a
END GROUP
START GROUP
LOAD /opt/st/stm32cubeide_1.14.0/plugins/com.st.stm32cube.ide.mcu.externaltools.gnu-tools-for-stm32.11.3.rel1.linux64_1.1.100.202309141235/tools/bin/../lib/gcc/arm-none-eabi/11.3.1/thumb/v7e-m+fp/hard/libgcc.a
LOAD /opt/st/stm32cubeide_1.14.0/plugins/com.st.stm32cube.ide.mcu.externaltools.gnu-tools-for-stm32.11.3.rel1.linux64_1.1.100.202309141235/tools/bin/../lib/gcc/arm-none-eabi/11.3.1/../../../../arm-none-eabi/lib/thumb/v7e-m+fp/hard/libc_nano.a
LOAD /opt/st/stm32cubeide_1.14.0/plugins/com.st.stm32cube.ide.mcu.externaltools.gnu-tools-for-stm32.11.3.rel1.linux64_1.1.100.202309141235/tools/bin/../lib/gcc/arm-none-eabi/11.3.1/../../../../arm-none-eabi/lib/thumb/v7e-m+fp/hard/libnosys.a
END GROUP
START GROUP
LOAD /opt/st/stm32cubeide_1.14.0/plugins/com.st.stm32cube.ide.mcu.externaltools.gnu-tools-for-stm32.11.3.rel1.linux64_1.1.100.202309141235/tools/bin/../lib/gcc/arm-none-eabi/11.3.1/thumb/v7e-m+fp/hard/libgcc.a
LOAD /opt/st/stm32cubeide_1.14.0/plugins/com.st.stm32cube.ide.mcu.externaltools.gnu-tools-for-stm32.11.3.rel1.linux64_1.1.100.202309141235/tools/bin/../lib/gcc/arm-none-eabi/11.3.1/../../../../arm-none-eabi/lib/thumb/v7e-m+fp/hard/libc_nano.a
LOAD /opt/st/stm32cubeide_1.14.0/plugins/com.st.stm32cube.ide.mcu.externaltools.gnu-tools-for-stm32.11.3.rel1.linux64_1.1.100.202309141235/tools/bin/../lib/gcc/arm-none-eabi/11.3.1/../../../../arm-none-eabi/lib/thumb/v7e-m+fp/hard/libnosys.a
END GROUP
LOAD /opt/st/stm32cubeide_1.14.0/plugins/com.st.stm32cube.ide.mcu.externaltools.gnu-tools-for-stm32.11.3.rel1.linux64_1.1.100.202309141235/tools/bin/../lib/gcc/arm-none-eabi/11.3.1/thumb/v7e-m+fp/hard/crtend.o
LOAD /opt/st/stm32cubeide_1.14.0/plugins/com.st.stm32cube.ide.mcu.externaltools.gnu-tools-for-stm32.11.3.rel1.linux64_1.1.100.202309141235/tools/bin/../lib/gcc/arm-none-eabi/11.3.1/thumb/v7e-m+fp/hard/crtn.o
                0x0000000020050000                _estack = (ORIGIN (RAM) + LENGTH (RAM))
                0x0000000000000200                _Min_Heap_Size = 0x200
                0x0000000000000400                _Min_Stack_Size = 0x400

.isr_vector     0x0000000008000000      0x1ac
                0x0000000008000000                . = ALIGN (0x4)
 *(.isr_vector)
 .isr_vector    0x0000000008000000      0x1ac ./Core/Startup/startup_stm32l4a6zgtx.o
                0x0000000008000000                g_pfnVectors
                0x00000000080001ac                . = ALIGN (0x4)

.text           0x00000000080001b0     0xcbc8
                0x00000000080001b0                . = ALIGN (0x4)
 *(.text)
 .text          0x00000000080001b0       0x40 /opt/st/stm32cubeide_1.14.0/plugins/com.st.stm32cube.ide.mcu.externaltools.gnu-tools-for-stm32.11.3.rel1.linux64_1.1.100.202309141235/tools/bin/../lib/gcc/arm-none-eabi/11.3.1/thumb/v7e-m+fp/hard/crtbegin.o
 .text          0x00000000080001f0       0xa0 /opt/st/stm32cubeide_1.14.0/plugins/com.st.stm32cube.ide.mcu.externaltools.gnu-tools-for-stm32.11.3.rel1.linux64_1.1.100.202309141235/tools/bin/../lib/gcc/arm-none-eabi/11.3.1/../../../../arm-none-eabi/lib/thumb/v7e-m+fp/hard/libc_nano.a(libc_a-memchr.o)
                0x00000000080001f0                memchr
 .text          0x0000000008000290       0x10 /opt/st/stm32cubeide_1.14.0/plugins/com.st.stm32cube.ide.mcu.externaltools.gnu-tools-for-stm32.11.3.rel1.linux64_1.1.100.202309141235/tools/bin/../lib/gcc/arm-none-eabi/11.3.1/../../../../arm-none-eabi/lib/thumb/v7e-m+fp/hard/libc_nano.a(libc_a-strlen.o)
                0x0000000008000290                strlen
 .text          0x00000000080002a0      0x378 /opt/st/stm32cubeide_1.14.0/plugins/com.st.stm32cube.ide.mcu.externaltools.gnu-tools-for-stm32.11.3.rel1.linux64_1.1.100.202309141235/tools/bin/../lib/gcc/arm-none-eabi/11.3.1/thumb/v7e-m+fp/hard/libgcc.a(_arm_addsubdf3.o)
                0x00000000080002a0                __aeabi_drsub
                0x00000000080002a8                __aeabi_dsub
                0x00000000080002a8                __subdf3
                0x00000000080002ac                __adddf3
                0x00000000080002ac                __aeabi_dadd
                0x0000000008000524                __aeabi_ui2d
                0x0000000008000524                __floatunsidf
                0x0000000008000544                __floatsidf
                0x0000000008000544                __aeabi_i2d
                0x0000000008000568                __extendsfdf2
                0x0000000008000568                __aeabi_f2d
                0x00000000080005ac                __aeabi_ul2d
                0x00000000080005ac                __floatundidf
                0x00000000080005bc                __floatdidf
                0x00000000080005bc                __aeabi_l2d
 .text          0x0000000008000618      0x424 /opt/st/stm32cubeide_1.14.0/plugins/com.st.stm32cube.ide.mcu.externaltools.gnu-tools-for-stm32.11.3.rel1.linux64_1.1.100.202309141235/tools/bin/../lib/gcc/arm-none-eabi/11.3.1/thumb/v7e-m+fp/hard/libgcc.a(_arm_muldivdf3.o)
                0x0000000008000618                __aeabi_dmul
                0x0000000008000618                __muldf3
                0x000000000800086c                __aeabi_ddiv
                0x000000000800086c                __divdf3
 .text          0x0000000008000a3c      0x110 /opt/st/stm32cubeide_1.14.0/plugins/com.st.stm32cube.ide.mcu.externaltools.gnu-tools-for-stm32.11.3.rel1.linux64_1.1.100.202309141235/tools/bin/../lib/gcc/arm-none-eabi/11.3.1/thumb/v7e-m+fp/hard/libgcc.a(_arm_cmpdf2.o)
                0x0000000008000a3c                __gtdf2
                0x0000000008000a3c                __gedf2
                0x0000000008000a44                __ltdf2
                0x0000000008000a44                __ledf2
                0x0000000008000a4c                __cmpdf2
                0x0000000008000a4c                __eqdf2
                0x0000000008000a4c                __nedf2
                0x0000000008000ac8                __aeabi_cdrcmple
                0x0000000008000ad8                __aeabi_cdcmple
                0x0000000008000ad8                __aeabi_cdcmpeq
                0x0000000008000ae8                __aeabi_dcmpeq
                0x0000000008000afc                __aeabi_dcmplt
                0x0000000008000b10                __aeabi_dcmple
                0x0000000008000b24                __aeabi_dcmpge
                0x0000000008000b38                __aeabi_dcmpgt
 .text          0x0000000008000b4c       0x2c /opt/st/stm32cubeide_1.14.0/plugins/com.st.stm32cube.ide.mcu.externaltools.gnu-tools-for-stm32.11.3.rel1.linux64_1.1.100.202309141235/tools/bin/../lib/gcc/arm-none-eabi/11.3.1/thumb/v7e-m+fp/hard/libgcc.a(_arm_unorddf2.o)
                0x0000000008000b4c                __aeabi_dcmpun
                0x0000000008000b4c                __unorddf2
 .text          0x0000000008000b78       0x50 /opt/st/stm32cubeide_1.14.0/plugins/com.st.stm32cube.ide.mcu.externaltools.gnu-tools-for-stm32.11.3.rel1.linux64_1.1.100.202309141235/tools/bin/../lib/gcc/arm-none-eabi/11.3.1/thumb/v7e-m+fp/hard/libgcc.a(_arm_fixdfsi.o)
                0x0000000008000b78                __fixdfsi
                0x0000000008000b78                __aeabi_d2iz
 .text          0x0000000008000bc8       0x30 /opt/st/stm32cubeide_1.14.0/plugins/com.st.stm32cube.ide.mcu.externaltools.gnu-tools-for-stm32.11.3.rel1.linux64_1.1.100.202309141235/tools/bin/../lib/gcc/arm-none-eabi/11.3.1/thumb/v7e-m+fp/hard/libgcc.a(_aeabi_uldivmod.o)
                0x0000000008000bc8                __aeabi_uldivmod
 .text          0x0000000008000bf8      0x2c8 /opt/st/stm32cubeide_1.14.0/plugins/com.st.stm32cube.ide.mcu.externaltools.gnu-tools-for-stm32.11.3.rel1.linux64_1.1.100.202309141235/tools/bin/../lib/gcc/arm-none-eabi/11.3.1/thumb/v7e-m+fp/hard/libgcc.a(_udivmoddi4.o)
                0x0000000008000bf8                __udivmoddi4
 .text          0x0000000008000ec0        0x4 /opt/st/stm32cubeide_1.14.0/plugins/com.st.stm32cube.ide.mcu.externaltools.gnu-tools-for-stm32.11.3.rel1.linux64_1.1.100.202309141235/tools/bin/../lib/gcc/arm-none-eabi/11.3.1/thumb/v7e-m+fp/hard/libgcc.a(_dvmd_tls.o)
                0x0000000008000ec0                __aeabi_ldiv0
                0x0000000008000ec0                __aeabi_idiv0
 *(.text*)
 .text.MX_ADC1_Init
                0x0000000008000ec4       0xf4 ./Core/Src/adc.o
                0x0000000008000ec4                MX_ADC1_Init
 .text.HAL_ADC_MspInit
                0x0000000008000fb8      0x110 ./Core/Src/adc.o
                0x0000000008000fb8                HAL_ADC_MspInit
 .text.StartADCAcq
                0x00000000080010c8       0x48 ./Core/Src/adc_dblbuf.o
                0x00000000080010c8                StartADCAcq
 .text.IsADCFinished
                0x0000000008001110       0x20 ./Core/Src/adc_dblbuf.o
                0x0000000008001110                IsADCFinished
 .text.StopADCAcq
                0x0000000008001130       0x14 ./Core/Src/adc_dblbuf.o
 .text.print_spectrogram
                0x0000000008001144        0xe ./Core/Src/adc_dblbuf.o
 .text.print_encoded_packet
                0x0000000008001152       0x14 ./Core/Src/adc_dblbuf.o
 *fill*         0x0000000008001166        0x2 
 .text.encode_packet
                0x0000000008001168       0xc4 ./Core/Src/adc_dblbuf.o
 .text.send_spectrogram
                0x000000000800122c       0x50 ./Core/Src/adc_dblbuf.o
 .text.get_signal_power
                0x000000000800127c      0x12c ./Core/Src/adc_dblbuf.o
                0x000000000800127c                get_signal_power
 .text.ADC_Callback
                0x00000000080013a8      0x10c ./Core/Src/adc_dblbuf.o
 .text.HAL_ADC_ConvCpltCallback
                0x00000000080014b4       0x16 ./Core/Src/adc_dblbuf.o
                0x00000000080014b4                HAL_ADC_ConvCpltCallback
 .text.HAL_ADC_ConvHalfCpltCallback
                0x00000000080014ca       0x16 ./Core/Src/adc_dblbuf.o
                0x00000000080014ca                HAL_ADC_ConvHalfCpltCallback
 .text.mul      0x00000000080014e0       0x64 ./Core/Src/aes_ref.o
                0x00000000080014e0                mul
 .text.AddRoundKey
                0x0000000008001544       0x6e ./Core/Src/aes_ref.o
                0x0000000008001544                AddRoundKey
 .text.SubBytes
                0x00000000080015b2       0x64 ./Core/Src/aes_ref.o
                0x00000000080015b2                SubBytes
 *fill*         0x0000000008001616        0x2 
 .text.ShiftRows
                0x0000000008001618      0x140 ./Core/Src/aes_ref.o
                0x0000000008001618                ShiftRows
 .text.MixColumns
                0x0000000008001758      0x11a ./Core/Src/aes_ref.o
                0x0000000008001758                MixColumns
 *fill*         0x0000000008001872        0x2 
 .text.KeyExpansion
                0x0000000008001874      0x338 ./Core/Src/aes_ref.o
                0x0000000008001874                KeyExpansion
 .text.Encrypt  0x0000000008001bac       0x7c ./Core/Src/aes_ref.o
                0x0000000008001bac                Encrypt
 .text.AES128_encrypt
                0x0000000008001c28      0x14c ./Core/Src/aes_ref.o
                0x0000000008001c28                AES128_encrypt
 .text.arm_absmax_q15
                0x0000000008001d74      0x22e ./Core/Src/arm_absmax_q15.o
                0x0000000008001d74                arm_absmax_q15
 *fill*         0x0000000008001fa2        0x2 
 .text.MX_DMA_Init
                0x0000000008001fa4       0x3c ./Core/Src/dma.o
                0x0000000008001fa4                MX_DMA_Init
 .text.MX_GPIO_Init
                0x0000000008001fe0      0x334 ./Core/Src/gpio.o
                0x0000000008001fe0                MX_GPIO_Init
 .text.HAL_GPIO_EXTI_Callback
                0x0000000008002314       0x30 ./Core/Src/main.o
                0x0000000008002314                HAL_GPIO_EXTI_Callback
 .text.acquire_and_send_packet
                0x0000000008002344       0x1e ./Core/Src/main.o
 *fill*         0x0000000008002362        0x2 
 .text.run      0x0000000008002364       0x4c ./Core/Src/main.o
                0x0000000008002364                run
 .text.main     0x00000000080023b0       0x7c ./Core/Src/main.o
                0x00000000080023b0                main
 .text.SystemClock_Config
                0x000000000800242c       0x8c ./Core/Src/main.o
                0x000000000800242c                SystemClock_Config
 .text.Error_Handler
                0x00000000080024b8       0x6c ./Core/Src/main.o
                0x00000000080024b8                Error_Handler
 .text.tag_cbc_mac
                0x0000000008002524      0x180 ./Core/Src/packet.o
                0x0000000008002524                tag_cbc_mac
 .text.make_packet
                0x00000000080026a4       0x86 ./Core/Src/packet.o
                0x00000000080026a4                make_packet
 *fill*         0x000000000800272a        0x2 
 .text.RetargetInit
                0x000000000800272c       0x30 ./Core/Src/retarget.o
                0x000000000800272c                RetargetInit
 .text._isatty  0x000000000800275c       0x2c ./Core/Src/retarget.o
                0x000000000800275c                _isatty
 .text._write   0x0000000008002788       0x58 ./Core/Src/retarget.o
                0x0000000008002788                _write
 .text._close   0x00000000080027e0       0x2e ./Core/Src/retarget.o
                0x00000000080027e0                _close
 .text._lseek   0x000000000800280e       0x22 ./Core/Src/retarget.o
                0x000000000800280e                _lseek
 .text._read    0x0000000008002830       0x50 ./Core/Src/retarget.o
                0x0000000008002830                _read
 .text._fstat   0x0000000008002880       0x36 ./Core/Src/retarget.o
                0x0000000008002880                _fstat
 *fill*         0x00000000080028b6        0x2 
 .text.S2LP_Command
                0x00000000080028b8       0x64 ./Core/Src/s2lp.o
                0x00000000080028b8                S2LP_Command
 .text.S2LP_ReadReg
                0x000000000800291c       0x7c ./Core/Src/s2lp.o
                0x000000000800291c                S2LP_ReadReg
 .text.S2LP_WriteReg
                0x0000000008002998       0x74 ./Core/Src/s2lp.o
                0x0000000008002998                S2LP_WriteReg
 .text.S2LP_WriteTxFIFO
                0x0000000008002a0c       0x88 ./Core/Src/s2lp.o
                0x0000000008002a0c                S2LP_WriteTxFIFO
 .text.S2LP_Send
                0x0000000008002a94      0x1a0 ./Core/Src/s2lp.o
                0x0000000008002a94                S2LP_Send
 .text.S2LP_PrintStatus
                0x0000000008002c34      0x10c ./Core/Src/s2lp.o
                0x0000000008002c34                S2LP_PrintStatus
 .text.S2LP_PLLConf
                0x0000000008002d40      0x23c ./Core/Src/s2lp.o
                0x0000000008002d40                S2LP_PLLConf
 .text.ComputeDatarate
                0x0000000008002f7c      0x11c ./Core/Src/s2lp.o
                0x0000000008002f7c                ComputeDatarate
 .text.SearchDatarateME
                0x0000000008003098      0x2b4 ./Core/Src/s2lp.o
                0x0000000008003098                SearchDatarateME
 .text.ComputeFreqDeviation
                0x000000000800334c       0xfc ./Core/Src/s2lp.o
                0x000000000800334c                ComputeFreqDeviation
 .text.SearchFreqDevME
                0x0000000008003448      0x254 ./Core/Src/s2lp.o
                0x0000000008003448                SearchFreqDevME
 .text.S2LP_SetModulation
                0x000000000800369c       0x80 ./Core/Src/s2lp.o
                0x000000000800369c                S2LP_SetModulation
 .text.S2LP_SetPALeveldBm
                0x000000000800371c       0x54 ./Core/Src/s2lp.o
                0x000000000800371c                S2LP_SetPALeveldBm
 .text.S2LP_Init
                0x0000000008003770      0x12c ./Core/Src/s2lp.o
                0x0000000008003770                S2LP_Init
 .text.S2LP_IRQ_Handler
                0x000000000800389c       0x64 ./Core/Src/s2lp.o
                0x000000000800389c                S2LP_IRQ_Handler
 .text.Spectrogram_Format
                0x0000000008003900       0x54 ./Core/Src/spectrogram.o
                0x0000000008003900                Spectrogram_Format
 .text.Spectrogram_Compute
                0x0000000008003954      0x114 ./Core/Src/spectrogram.o
                0x0000000008003954                Spectrogram_Compute
 .text.MX_SPI1_Init
                0x0000000008003a68       0x7c ./Core/Src/spi.o
                0x0000000008003a68                MX_SPI1_Init
 .text.HAL_SPI_MspInit
                0x0000000008003ae4       0xc4 ./Core/Src/spi.o
                0x0000000008003ae4                HAL_SPI_MspInit
 .text.HAL_MspInit
                0x0000000008003ba8       0x48 ./Core/Src/stm32l4xx_hal_msp.o
                0x0000000008003ba8                HAL_MspInit
 .text.NMI_Handler
                0x0000000008003bf0        0x6 ./Core/Src/stm32l4xx_it.o
                0x0000000008003bf0                NMI_Handler
 .text.HardFault_Handler
                0x0000000008003bf6        0x6 ./Core/Src/stm32l4xx_it.o
                0x0000000008003bf6                HardFault_Handler
 .text.MemManage_Handler
                0x0000000008003bfc        0x6 ./Core/Src/stm32l4xx_it.o
                0x0000000008003bfc                MemManage_Handler
 .text.BusFault_Handler
                0x0000000008003c02        0x6 ./Core/Src/stm32l4xx_it.o
                0x0000000008003c02                BusFault_Handler
 .text.UsageFault_Handler
                0x0000000008003c08        0x6 ./Core/Src/stm32l4xx_it.o
                0x0000000008003c08                UsageFault_Handler
 .text.SVC_Handler
                0x0000000008003c0e        0xe ./Core/Src/stm32l4xx_it.o
                0x0000000008003c0e                SVC_Handler
 .text.DebugMon_Handler
                0x0000000008003c1c        0xe ./Core/Src/stm32l4xx_it.o
                0x0000000008003c1c                DebugMon_Handler
 .text.PendSV_Handler
                0x0000000008003c2a        0xe ./Core/Src/stm32l4xx_it.o
                0x0000000008003c2a                PendSV_Handler
 .text.SysTick_Handler
                0x0000000008003c38        0xc ./Core/Src/stm32l4xx_it.o
                0x0000000008003c38                SysTick_Handler
 .text.EXTI3_IRQHandler
                0x0000000008003c44        0xe ./Core/Src/stm32l4xx_it.o
                0x0000000008003c44                EXTI3_IRQHandler
 *fill*         0x0000000008003c52        0x2 
 .text.DMA1_Channel1_IRQHandler
                0x0000000008003c54       0x14 ./Core/Src/stm32l4xx_it.o
                0x0000000008003c54                DMA1_Channel1_IRQHandler
 .text.TIM3_IRQHandler
                0x0000000008003c68       0x14 ./Core/Src/stm32l4xx_it.o
                0x0000000008003c68                TIM3_IRQHandler
 .text.EXTI15_10_IRQHandler
                0x0000000008003c7c       0x10 ./Core/Src/stm32l4xx_it.o
                0x0000000008003c7c                EXTI15_10_IRQHandler
 .text._sbrk    0x0000000008003c8c       0x6c ./Core/Src/sysmem.o
                0x0000000008003c8c                _sbrk
 .text.SystemInit
                0x0000000008003cf8       0x64 ./Core/Src/system_stm32l4xx.o
                0x0000000008003cf8                SystemInit
 .text.MX_TIM3_Init
                0x0000000008003d5c       0x9c ./Core/Src/tim.o
                0x0000000008003d5c                MX_TIM3_Init
 .text.HAL_TIM_Base_MspInit
                0x0000000008003df8       0x4c ./Core/Src/tim.o
                0x0000000008003df8                HAL_TIM_Base_MspInit
 .text.start_cycle_count
                0x0000000008003e44        0xe ./Core/Src/utils.o
                0x0000000008003e44                start_cycle_count
 .text.stop_cycle_count
                0x0000000008003e52       0x14 ./Core/Src/utils.o
                0x0000000008003e52                stop_cycle_count
 *fill*         0x0000000008003e66        0x2 
 .text.Reset_Handler
                0x0000000008003e68       0x50 ./Core/Startup/startup_stm32l4a6zgtx.o
                0x0000000008003e68                Reset_Handler
 .text.Default_Handler
                0x0000000008003eb8        0x2 ./Core/Startup/startup_stm32l4a6zgtx.o
                0x0000000008003eb8                RTC_Alarm_IRQHandler
                0x0000000008003eb8                HASH_RNG_IRQHandler
                0x0000000008003eb8                EXTI2_IRQHandler
                0x0000000008003eb8                TIM8_TRG_COM_IRQHandler
                0x0000000008003eb8                TIM8_CC_IRQHandler
                0x0000000008003eb8                TIM1_CC_IRQHandler
                0x0000000008003eb8                TSC_IRQHandler
                0x0000000008003eb8                TAMP_STAMP_IRQHandler
                0x0000000008003eb8                CAN2_RX1_IRQHandler
                0x0000000008003eb8                LPTIM2_IRQHandler
                0x0000000008003eb8                DFSDM1_FLT1_IRQHandler
                0x0000000008003eb8                I2C3_ER_IRQHandler
                0x0000000008003eb8                DFSDM1_FLT2_IRQHandler
                0x0000000008003eb8                EXTI0_IRQHandler
                0x0000000008003eb8                I2C2_EV_IRQHandler
                0x0000000008003eb8                CAN1_RX0_IRQHandler
                0x0000000008003eb8                FPU_IRQHandler
                0x0000000008003eb8                TIM1_UP_TIM16_IRQHandler
                0x0000000008003eb8                CAN2_SCE_IRQHandler
                0x0000000008003eb8                ADC1_2_IRQHandler
                0x0000000008003eb8                SPI1_IRQHandler
                0x0000000008003eb8                TIM6_DAC_IRQHandler
                0x0000000008003eb8                DCMI_IRQHandler
                0x0000000008003eb8                CAN2_RX0_IRQHandler
                0x0000000008003eb8                TIM8_UP_IRQHandler
                0x0000000008003eb8                DMA2_Channel2_IRQHandler
                0x0000000008003eb8                DMA1_Channel4_IRQHandler
                0x0000000008003eb8                SAI2_IRQHandler
                0x0000000008003eb8                DFSDM1_FLT3_IRQHandler
                0x0000000008003eb8                USART3_IRQHandler
                0x0000000008003eb8                DMA1_Channel7_IRQHandler
                0x0000000008003eb8                CAN1_RX1_IRQHandler
                0x0000000008003eb8                LCD_IRQHandler
                0x0000000008003eb8                UART5_IRQHandler
                0x0000000008003eb8                ADC3_IRQHandler
                0x0000000008003eb8                TIM4_IRQHandler
                0x0000000008003eb8                DMA2_Channel1_IRQHandler
                0x0000000008003eb8                QUADSPI_IRQHandler
                0x0000000008003eb8                I2C1_EV_IRQHandler
                0x0000000008003eb8                DMA1_Channel6_IRQHandler
                0x0000000008003eb8                UART4_IRQHandler
                0x0000000008003eb8                DMA2_Channel4_IRQHandler
                0x0000000008003eb8                RCC_IRQHandler
                0x0000000008003eb8                Default_Handler
                0x0000000008003eb8                DMA2_Channel7_IRQHandler
                0x0000000008003eb8                TIM7_IRQHandler
                0x0000000008003eb8                SDMMC1_IRQHandler
                0x0000000008003eb8                CAN2_TX_IRQHandler
                0x0000000008003eb8                TIM5_IRQHandler
                0x0000000008003eb8                I2C3_EV_IRQHandler
                0x0000000008003eb8                EXTI9_5_IRQHandler
                0x0000000008003eb8                RTC_WKUP_IRQHandler
                0x0000000008003eb8                PVD_PVM_IRQHandler
                0x0000000008003eb8                SPI2_IRQHandler
                0x0000000008003eb8                CAN1_TX_IRQHandler
                0x0000000008003eb8                DMA2_Channel5_IRQHandler
                0x0000000008003eb8                CRS_IRQHandler
                0x0000000008003eb8                DMA1_Channel5_IRQHandler
                0x0000000008003eb8                EXTI4_IRQHandler
                0x0000000008003eb8                TIM1_TRG_COM_TIM17_IRQHandler
                0x0000000008003eb8                DMA1_Channel3_IRQHandler
                0x0000000008003eb8                COMP_IRQHandler
                0x0000000008003eb8                WWDG_IRQHandler
                0x0000000008003eb8                I2C4_EV_IRQHandler
                0x0000000008003eb8                LPUART1_IRQHandler
                0x0000000008003eb8                DMA2_Channel6_IRQHandler
                0x0000000008003eb8                TIM2_IRQHandler
                0x0000000008003eb8                DMA2D_IRQHandler
                0x0000000008003eb8                EXTI1_IRQHandler
                0x0000000008003eb8                AES_IRQHandler
                0x0000000008003eb8                USART2_IRQHandler
                0x0000000008003eb8                DFSDM1_FLT0_IRQHandler
                0x0000000008003eb8                I2C2_ER_IRQHandler
                0x0000000008003eb8                DMA1_Channel2_IRQHandler
                0x0000000008003eb8                TIM8_BRK_IRQHandler
                0x0000000008003eb8                CAN1_SCE_IRQHandler
                0x0000000008003eb8                FLASH_IRQHandler
                0x0000000008003eb8                USART1_IRQHandler
                0x0000000008003eb8                OTG_FS_IRQHandler
                0x0000000008003eb8                SPI3_IRQHandler
                0x0000000008003eb8                I2C1_ER_IRQHandler
                0x0000000008003eb8                FMC_IRQHandler
                0x0000000008003eb8                SWPMI1_IRQHandler
                0x0000000008003eb8                LPTIM1_IRQHandler
                0x0000000008003eb8                I2C4_ER_IRQHandler
                0x0000000008003eb8                SAI1_IRQHandler
                0x0000000008003eb8                DMA2_Channel3_IRQHandler
                0x0000000008003eb8                TIM1_BRK_TIM15_IRQHandler
 .text.HAL_Init
                0x0000000008003eba       0x30 ./Drivers/STM32L4xx_HAL_Driver/Src/stm32l4xx_hal.o
                0x0000000008003eba                HAL_Init
 *fill*         0x0000000008003eea        0x2 
 .text.HAL_InitTick
                0x0000000008003eec       0x78 ./Drivers/STM32L4xx_HAL_Driver/Src/stm32l4xx_hal.o
                0x0000000008003eec                HAL_InitTick
 .text.HAL_IncTick
                0x0000000008003f64       0x28 ./Drivers/STM32L4xx_HAL_Driver/Src/stm32l4xx_hal.o
                0x0000000008003f64                HAL_IncTick
 .text.HAL_GetTick
                0x0000000008003f8c       0x18 ./Drivers/STM32L4xx_HAL_Driver/Src/stm32l4xx_hal.o
                0x0000000008003f8c                HAL_GetTick
 .text.HAL_Delay
                0x0000000008003fa4       0x48 ./Drivers/STM32L4xx_HAL_Driver/Src/stm32l4xx_hal.o
                0x0000000008003fa4                HAL_Delay
 .text.LL_ADC_SetCommonClock
                0x0000000008003fec       0x26 ./Drivers/STM32L4xx_HAL_Driver/Src/stm32l4xx_hal_adc.o
 .text.LL_ADC_SetCommonPathInternalCh
                0x0000000008004012       0x26 ./Drivers/STM32L4xx_HAL_Driver/Src/stm32l4xx_hal_adc.o
 .text.LL_ADC_GetCommonPathInternalCh
                0x0000000008004038       0x1c ./Drivers/STM32L4xx_HAL_Driver/Src/stm32l4xx_hal_adc.o
 .text.LL_ADC_SetOffset
                0x0000000008004054       0x48 ./Drivers/STM32L4xx_HAL_Driver/Src/stm32l4xx_hal_adc.o
 .text.LL_ADC_GetOffsetChannel
                0x000000000800409c       0x2c ./Drivers/STM32L4xx_HAL_Driver/Src/stm32l4xx_hal_adc.o
 .text.LL_ADC_SetOffsetState
                0x00000000080040c8       0x36 ./Drivers/STM32L4xx_HAL_Driver/Src/stm32l4xx_hal_adc.o
 .text.LL_ADC_SetSamplingTimeCommonConfig
                0x00000000080040fe       0x26 ./Drivers/STM32L4xx_HAL_Driver/Src/stm32l4xx_hal_adc.o
 .text.LL_ADC_REG_IsTriggerSourceSWStart
                0x0000000008004124       0x26 ./Drivers/STM32L4xx_HAL_Driver/Src/stm32l4xx_hal_adc.o
 .text.LL_ADC_REG_SetSequencerRanks
                0x000000000800414a       0x58 ./Drivers/STM32L4xx_HAL_Driver/Src/stm32l4xx_hal_adc.o
 .text.LL_ADC_SetChannelSamplingTime
                0x00000000080041a2       0x56 ./Drivers/STM32L4xx_HAL_Driver/Src/stm32l4xx_hal_adc.o
 .text.LL_ADC_SetChannelSingleDiff
                0x00000000080041f8       0x48 ./Drivers/STM32L4xx_HAL_Driver/Src/stm32l4xx_hal_adc.o
 .text.LL_ADC_GetMultimode
                0x0000000008004240       0x1c ./Drivers/STM32L4xx_HAL_Driver/Src/stm32l4xx_hal_adc.o
 .text.LL_ADC_DisableDeepPowerDown
                0x000000000800425c       0x24 ./Drivers/STM32L4xx_HAL_Driver/Src/stm32l4xx_hal_adc.o
 .text.LL_ADC_IsDeepPowerDownEnabled
                0x0000000008004280       0x28 ./Drivers/STM32L4xx_HAL_Driver/Src/stm32l4xx_hal_adc.o
 .text.LL_ADC_EnableInternalRegulator
                0x00000000080042a8       0x28 ./Drivers/STM32L4xx_HAL_Driver/Src/stm32l4xx_hal_adc.o
 .text.LL_ADC_IsInternalRegulatorEnabled
                0x00000000080042d0       0x28 ./Drivers/STM32L4xx_HAL_Driver/Src/stm32l4xx_hal_adc.o
 .text.LL_ADC_Enable
                0x00000000080042f8       0x28 ./Drivers/STM32L4xx_HAL_Driver/Src/stm32l4xx_hal_adc.o
 .text.LL_ADC_Disable
                0x0000000008004320       0x28 ./Drivers/STM32L4xx_HAL_Driver/Src/stm32l4xx_hal_adc.o
 .text.LL_ADC_IsEnabled
                0x0000000008004348       0x26 ./Drivers/STM32L4xx_HAL_Driver/Src/stm32l4xx_hal_adc.o
 .text.LL_ADC_IsDisableOngoing
                0x000000000800436e       0x26 ./Drivers/STM32L4xx_HAL_Driver/Src/stm32l4xx_hal_adc.o
 .text.LL_ADC_REG_StartConversion
                0x0000000008004394       0x28 ./Drivers/STM32L4xx_HAL_Driver/Src/stm32l4xx_hal_adc.o
 .text.LL_ADC_REG_StopConversion
                0x00000000080043bc       0x28 ./Drivers/STM32L4xx_HAL_Driver/Src/stm32l4xx_hal_adc.o
 .text.LL_ADC_REG_IsConversionOngoing
                0x00000000080043e4       0x26 ./Drivers/STM32L4xx_HAL_Driver/Src/stm32l4xx_hal_adc.o
 .text.LL_ADC_INJ_StopConversion
                0x000000000800440a       0x28 ./Drivers/STM32L4xx_HAL_Driver/Src/stm32l4xx_hal_adc.o
 .text.LL_ADC_INJ_IsConversionOngoing
                0x0000000008004432       0x26 ./Drivers/STM32L4xx_HAL_Driver/Src/stm32l4xx_hal_adc.o
 .text.HAL_ADC_Init
                0x0000000008004458      0x2a8 ./Drivers/STM32L4xx_HAL_Driver/Src/stm32l4xx_hal_adc.o
                0x0000000008004458                HAL_ADC_Init
 .text.HAL_ADC_Start_DMA
                0x0000000008004700      0x178 ./Drivers/STM32L4xx_HAL_Driver/Src/stm32l4xx_hal_adc.o
                0x0000000008004700                HAL_ADC_Start_DMA
 .text.HAL_ADC_Stop_DMA
                0x0000000008004878       0xc2 ./Drivers/STM32L4xx_HAL_Driver/Src/stm32l4xx_hal_adc.o
                0x0000000008004878                HAL_ADC_Stop_DMA
 .text.HAL_ADC_ErrorCallback
                0x000000000800493a       0x14 ./Drivers/STM32L4xx_HAL_Driver/Src/stm32l4xx_hal_adc.o
                0x000000000800493a                HAL_ADC_ErrorCallback
 *fill*         0x000000000800494e        0x2 
 .text.HAL_ADC_ConfigChannel
                0x0000000008004950      0x818 ./Drivers/STM32L4xx_HAL_Driver/Src/stm32l4xx_hal_adc.o
                0x0000000008004950                HAL_ADC_ConfigChannel
 .text.ADC_ConversionStop
                0x0000000008005168      0x178 ./Drivers/STM32L4xx_HAL_Driver/Src/stm32l4xx_hal_adc.o
                0x0000000008005168                ADC_ConversionStop
 .text.ADC_Enable
                0x00000000080052e0      0x10c ./Drivers/STM32L4xx_HAL_Driver/Src/stm32l4xx_hal_adc.o
                0x00000000080052e0                ADC_Enable
 .text.ADC_Disable
                0x00000000080053ec       0xbe ./Drivers/STM32L4xx_HAL_Driver/Src/stm32l4xx_hal_adc.o
                0x00000000080053ec                ADC_Disable
 .text.ADC_DMAConvCplt
                0x00000000080054aa       0xd8 ./Drivers/STM32L4xx_HAL_Driver/Src/stm32l4xx_hal_adc.o
                0x00000000080054aa                ADC_DMAConvCplt
 .text.ADC_DMAHalfConvCplt
                0x0000000008005582       0x1c ./Drivers/STM32L4xx_HAL_Driver/Src/stm32l4xx_hal_adc.o
                0x0000000008005582                ADC_DMAHalfConvCplt
 .text.ADC_DMAError
                0x000000000800559e       0x34 ./Drivers/STM32L4xx_HAL_Driver/Src/stm32l4xx_hal_adc.o
                0x000000000800559e                ADC_DMAError
 .text.LL_ADC_IsEnabled
                0x00000000080055d2       0x26 ./Drivers/STM32L4xx_HAL_Driver/Src/stm32l4xx_hal_adc_ex.o
 .text.LL_ADC_StartCalibration
                0x00000000080055f8       0x32 ./Drivers/STM32L4xx_HAL_Driver/Src/stm32l4xx_hal_adc_ex.o
 .text.LL_ADC_IsCalibrationOnGoing
                0x000000000800562a       0x28 ./Drivers/STM32L4xx_HAL_Driver/Src/stm32l4xx_hal_adc_ex.o
 .text.LL_ADC_REG_IsConversionOngoing
                0x0000000008005652       0x26 ./Drivers/STM32L4xx_HAL_Driver/Src/stm32l4xx_hal_adc_ex.o
 .text.HAL_ADCEx_Calibration_Start
                0x0000000008005678       0xc0 ./Drivers/STM32L4xx_HAL_Driver/Src/stm32l4xx_hal_adc_ex.o
                0x0000000008005678                HAL_ADCEx_Calibration_Start
 .text.HAL_ADCEx_MultiModeConfigChannel
                0x0000000008005738      0x160 ./Drivers/STM32L4xx_HAL_Driver/Src/stm32l4xx_hal_adc_ex.o
                0x0000000008005738                HAL_ADCEx_MultiModeConfigChannel
 .text.__NVIC_SetPriorityGrouping
                0x0000000008005898       0x48 ./Drivers/STM32L4xx_HAL_Driver/Src/stm32l4xx_hal_cortex.o
 .text.__NVIC_GetPriorityGrouping
                0x00000000080058e0       0x1c ./Drivers/STM32L4xx_HAL_Driver/Src/stm32l4xx_hal_cortex.o
 .text.__NVIC_EnableIRQ
                0x00000000080058fc       0x3c ./Drivers/STM32L4xx_HAL_Driver/Src/stm32l4xx_hal_cortex.o
 .text.__NVIC_SetPriority
                0x0000000008005938       0x54 ./Drivers/STM32L4xx_HAL_Driver/Src/stm32l4xx_hal_cortex.o
 .text.NVIC_EncodePriority
                0x000000000800598c       0x66 ./Drivers/STM32L4xx_HAL_Driver/Src/stm32l4xx_hal_cortex.o
 *fill*         0x00000000080059f2        0x2 
 .text.SysTick_Config
                0x00000000080059f4       0x44 ./Drivers/STM32L4xx_HAL_Driver/Src/stm32l4xx_hal_cortex.o
 .text.HAL_NVIC_SetPriorityGrouping
                0x0000000008005a38       0x16 ./Drivers/STM32L4xx_HAL_Driver/Src/stm32l4xx_hal_cortex.o
                0x0000000008005a38                HAL_NVIC_SetPriorityGrouping
 .text.HAL_NVIC_SetPriority
                0x0000000008005a4e       0x38 ./Drivers/STM32L4xx_HAL_Driver/Src/stm32l4xx_hal_cortex.o
                0x0000000008005a4e                HAL_NVIC_SetPriority
 .text.HAL_NVIC_EnableIRQ
                0x0000000008005a86       0x1c ./Drivers/STM32L4xx_HAL_Driver/Src/stm32l4xx_hal_cortex.o
                0x0000000008005a86                HAL_NVIC_EnableIRQ
 .text.HAL_SYSTICK_Config
                0x0000000008005aa2       0x18 ./Drivers/STM32L4xx_HAL_Driver/Src/stm32l4xx_hal_cortex.o
                0x0000000008005aa2                HAL_SYSTICK_Config
 *fill*         0x0000000008005aba        0x2 
 .text.HAL_DMA_Init
                0x0000000008005abc      0x170 ./Drivers/STM32L4xx_HAL_Driver/Src/stm32l4xx_hal_dma.o
                0x0000000008005abc                HAL_DMA_Init
 .text.HAL_DMA_Start_IT
                0x0000000008005c2c       0xc0 ./Drivers/STM32L4xx_HAL_Driver/Src/stm32l4xx_hal_dma.o
                0x0000000008005c2c                HAL_DMA_Start_IT
 .text.HAL_DMA_Abort
                0x0000000008005cec       0x7c ./Drivers/STM32L4xx_HAL_Driver/Src/stm32l4xx_hal_dma.o
                0x0000000008005cec                HAL_DMA_Abort
 .text.HAL_DMA_IRQHandler
                0x0000000008005d68      0x15e ./Drivers/STM32L4xx_HAL_Driver/Src/stm32l4xx_hal_dma.o
                0x0000000008005d68                HAL_DMA_IRQHandler
 .text.DMA_SetConfig
                0x0000000008005ec6       0x60 ./Drivers/STM32L4xx_HAL_Driver/Src/stm32l4xx_hal_dma.o
 *fill*         0x0000000008005f26        0x2 
 .text.HAL_GPIO_Init
                0x0000000008005f28      0x324 ./Drivers/STM32L4xx_HAL_Driver/Src/stm32l4xx_hal_gpio.o
                0x0000000008005f28                HAL_GPIO_Init
 .text.HAL_GPIO_WritePin
                0x000000000800624c       0x30 ./Drivers/STM32L4xx_HAL_Driver/Src/stm32l4xx_hal_gpio.o
                0x000000000800624c                HAL_GPIO_WritePin
 .text.HAL_GPIO_EXTI_IRQHandler
                0x000000000800627c       0x30 ./Drivers/STM32L4xx_HAL_Driver/Src/stm32l4xx_hal_gpio.o
                0x000000000800627c                HAL_GPIO_EXTI_IRQHandler
 .text.HAL_PWREx_GetVoltageRange
                0x00000000080062ac       0x1c ./Drivers/STM32L4xx_HAL_Driver/Src/stm32l4xx_hal_pwr_ex.o
                0x00000000080062ac                HAL_PWREx_GetVoltageRange
 .text.HAL_PWREx_ControlVoltageScaling
                0x00000000080062c8       0xac ./Drivers/STM32L4xx_HAL_Driver/Src/stm32l4xx_hal_pwr_ex.o
                0x00000000080062c8                HAL_PWREx_ControlVoltageScaling
 .text.HAL_PWREx_EnableVddIO2
                0x0000000008006374       0x20 ./Drivers/STM32L4xx_HAL_Driver/Src/stm32l4xx_hal_pwr_ex.o
                0x0000000008006374                HAL_PWREx_EnableVddIO2
 .text.HAL_RCC_OscConfig
                0x0000000008006394      0x834 ./Drivers/STM32L4xx_HAL_Driver/Src/stm32l4xx_hal_rcc.o
                0x0000000008006394                HAL_RCC_OscConfig
 .text.HAL_RCC_ClockConfig
                0x0000000008006bc8      0x200 ./Drivers/STM32L4xx_HAL_Driver/Src/stm32l4xx_hal_rcc.o
                0x0000000008006bc8                HAL_RCC_ClockConfig
 .text.HAL_RCC_GetSysClockFreq
                0x0000000008006dc8      0x118 ./Drivers/STM32L4xx_HAL_Driver/Src/stm32l4xx_hal_rcc.o
                0x0000000008006dc8                HAL_RCC_GetSysClockFreq
 .text.HAL_RCC_GetHCLKFreq
                0x0000000008006ee0       0x18 ./Drivers/STM32L4xx_HAL_Driver/Src/stm32l4xx_hal_rcc.o
                0x0000000008006ee0                HAL_RCC_GetHCLKFreq
 .text.RCC_SetFlashLatencyFromMSIRange
                0x0000000008006ef8       0xc0 ./Drivers/STM32L4xx_HAL_Driver/Src/stm32l4xx_hal_rcc.o
 .text.HAL_RCCEx_PeriphCLKConfig
                0x0000000008006fb8      0x5f8 ./Drivers/STM32L4xx_HAL_Driver/Src/stm32l4xx_hal_rcc_ex.o
                0x0000000008006fb8                HAL_RCCEx_PeriphCLKConfig
 .text.RCCEx_PLLSAI1_Config
                0x00000000080075b0      0x1e4 ./Drivers/STM32L4xx_HAL_Driver/Src/stm32l4xx_hal_rcc_ex.o
 .text.RCCEx_PLLSAI2_Config
                0x0000000008007794      0x1b8 ./Drivers/STM32L4xx_HAL_Driver/Src/stm32l4xx_hal_rcc_ex.o
 .text.HAL_SPI_Init
                0x000000000800794c      0x146 ./Drivers/STM32L4xx_HAL_Driver/Src/stm32l4xx_hal_spi.o
                0x000000000800794c                HAL_SPI_Init
 .text.HAL_SPI_TransmitReceive
                0x0000000008007a92      0x444 ./Drivers/STM32L4xx_HAL_Driver/Src/stm32l4xx_hal_spi.o
                0x0000000008007a92                HAL_SPI_TransmitReceive
 *fill*         0x0000000008007ed6        0x2 
 .text.SPI_WaitFlagStateUntilTimeout
                0x0000000008007ed8      0x110 ./Drivers/STM32L4xx_HAL_Driver/Src/stm32l4xx_hal_spi.o
 .text.SPI_WaitFifoStateUntilTimeout
                0x0000000008007fe8      0x12c ./Drivers/STM32L4xx_HAL_Driver/Src/stm32l4xx_hal_spi.o
 .text.SPI_EndRxTxTransaction
                0x0000000008008114       0x8c ./Drivers/STM32L4xx_HAL_Driver/Src/stm32l4xx_hal_spi.o
 .text.HAL_TIM_Base_Init
                0x00000000080081a0       0xae ./Drivers/STM32L4xx_HAL_Driver/Src/stm32l4xx_hal_tim.o
                0x00000000080081a0                HAL_TIM_Base_Init
 *fill*         0x000000000800824e        0x2 
 .text.HAL_TIM_Base_Start
                0x0000000008008250       0xd0 ./Drivers/STM32L4xx_HAL_Driver/Src/stm32l4xx_hal_tim.o
                0x0000000008008250                HAL_TIM_Base_Start
 .text.HAL_TIM_IRQHandler
                0x0000000008008320      0x204 ./Drivers/STM32L4xx_HAL_Driver/Src/stm32l4xx_hal_tim.o
                0x0000000008008320                HAL_TIM_IRQHandler
 .text.HAL_TIM_ConfigClockSource
                0x0000000008008524      0x192 ./Drivers/STM32L4xx_HAL_Driver/Src/stm32l4xx_hal_tim.o
                0x0000000008008524                HAL_TIM_ConfigClockSource
 .text.HAL_TIM_PeriodElapsedCallback
                0x00000000080086b6       0x14 ./Drivers/STM32L4xx_HAL_Driver/Src/stm32l4xx_hal_tim.o
                0x00000000080086b6                HAL_TIM_PeriodElapsedCallback
 .text.HAL_TIM_OC_DelayElapsedCallback
                0x00000000080086ca       0x14 ./Drivers/STM32L4xx_HAL_Driver/Src/stm32l4xx_hal_tim.o
                0x00000000080086ca                HAL_TIM_OC_DelayElapsedCallback
 .text.HAL_TIM_IC_CaptureCallback
                0x00000000080086de       0x14 ./Drivers/STM32L4xx_HAL_Driver/Src/stm32l4xx_hal_tim.o
                0x00000000080086de                HAL_TIM_IC_CaptureCallback
 .text.HAL_TIM_PWM_PulseFinishedCallback
                0x00000000080086f2       0x14 ./Drivers/STM32L4xx_HAL_Driver/Src/stm32l4xx_hal_tim.o
                0x00000000080086f2                HAL_TIM_PWM_PulseFinishedCallback
 .text.HAL_TIM_TriggerCallback
                0x0000000008008706       0x14 ./Drivers/STM32L4xx_HAL_Driver/Src/stm32l4xx_hal_tim.o
                0x0000000008008706                HAL_TIM_TriggerCallback
 *fill*         0x000000000800871a        0x2 
 .text.TIM_Base_SetConfig
                0x000000000800871c      0x134 ./Drivers/STM32L4xx_HAL_Driver/Src/stm32l4xx_hal_tim.o
                0x000000000800871c                TIM_Base_SetConfig
 .text.TIM_TI1_ConfigInputStage
                0x0000000008008850       0x5e ./Drivers/STM32L4xx_HAL_Driver/Src/stm32l4xx_hal_tim.o
 .text.TIM_TI2_ConfigInputStage
                0x00000000080088ae       0x60 ./Drivers/STM32L4xx_HAL_Driver/Src/stm32l4xx_hal_tim.o
 .text.TIM_ITRx_SetConfig
                0x000000000800890e       0x36 ./Drivers/STM32L4xx_HAL_Driver/Src/stm32l4xx_hal_tim.o
 .text.TIM_ETR_SetConfig
                0x0000000008008944       0x40 ./Drivers/STM32L4xx_HAL_Driver/Src/stm32l4xx_hal_tim.o
                0x0000000008008944                TIM_ETR_SetConfig
 .text.HAL_TIMEx_MasterConfigSynchronization
                0x0000000008008984      0x110 ./Drivers/STM32L4xx_HAL_Driver/Src/stm32l4xx_hal_tim_ex.o
                0x0000000008008984                HAL_TIMEx_MasterConfigSynchronization
 .text.HAL_TIMEx_CommutCallback
                0x0000000008008a94       0x14 ./Drivers/STM32L4xx_HAL_Driver/Src/stm32l4xx_hal_tim_ex.o
                0x0000000008008a94                HAL_TIMEx_CommutCallback
 .text.HAL_TIMEx_BreakCallback
                0x0000000008008aa8       0x14 ./Drivers/STM32L4xx_HAL_Driver/Src/stm32l4xx_hal_tim_ex.o
                0x0000000008008aa8                HAL_TIMEx_BreakCallback
 .text.HAL_TIMEx_Break2Callback
                0x0000000008008abc       0x14 ./Drivers/STM32L4xx_HAL_Driver/Src/stm32l4xx_hal_tim_ex.o
                0x0000000008008abc                HAL_TIMEx_Break2Callback
 .text.HAL_UART_Transmit
                0x0000000008008ad0      0x114 ./Drivers/STM32L4xx_HAL_Driver/Src/stm32l4xx_hal_uart.o
                0x0000000008008ad0                HAL_UART_Transmit
 .text.HAL_UART_Receive
                0x0000000008008be4      0x192 ./Drivers/STM32L4xx_HAL_Driver/Src/stm32l4xx_hal_uart.o
                0x0000000008008be4                HAL_UART_Receive
 .text.UART_WaitOnFlagUntilTimeout
                0x0000000008008d76       0xce ./Drivers/STM32L4xx_HAL_Driver/Src/stm32l4xx_hal_uart.o
                0x0000000008008d76                UART_WaitOnFlagUntilTimeout
 .text.UART_EndRxTransfer
                0x0000000008008e44       0xc8 ./Drivers/STM32L4xx_HAL_Driver/Src/stm32l4xx_hal_uart.o
 .text.arm_split_rfft_q15
                0x0000000008008f0c      0x10c /home/lucie/Documents/LELEC210X/lelec210X_GroupeF/goldenProject/STM/GoldenProject/ARM_CMSIS/CMSIS/DSP/Lib/GCC/libarm_cortexM4lf_math.a(arm_rfft_q15.o)
                0x0000000008008f0c                arm_split_rfft_q15
 .text.arm_rfft_q15
                0x0000000008009018       0xf8 /home/lucie/Documents/LELEC210X/lelec210X_GroupeF/goldenProject/STM/GoldenProject/ARM_CMSIS/CMSIS/DSP/Lib/GCC/libarm_cortexM4lf_math.a(arm_rfft_q15.o)
                0x0000000008009018                arm_rfft_q15
 .text.arm_rfft_init_q15
                0x0000000008009110       0xf8 /home/lucie/Documents/LELEC210X/lelec210X_GroupeF/goldenProject/STM/GoldenProject/ARM_CMSIS/CMSIS/DSP/Lib/GCC/libarm_cortexM4lf_math.a(arm_rfft_init_q15.o)
                0x0000000008009110                arm_rfft_init_q15
 .text.arm_mat_mult_fast_q15
                0x0000000008009208      0x404 /home/lucie/Documents/LELEC210X/lelec210X_GroupeF/goldenProject/STM/GoldenProject/ARM_CMSIS/CMSIS/DSP/Lib/GCC/libarm_cortexM4lf_math.a(arm_mat_mult_fast_q15.o)
                0x0000000008009208                arm_mat_mult_fast_q15
 .text.arm_mat_init_q15
                0x000000000800960c        0x8 /home/lucie/Documents/LELEC210X/lelec210X_GroupeF/goldenProject/STM/GoldenProject/ARM_CMSIS/CMSIS/DSP/Lib/GCC/libarm_cortexM4lf_math.a(arm_mat_init_q15.o)
                0x000000000800960c                arm_mat_init_q15
 .text.arm_cmplx_mag_q15
                0x0000000008009614       0x88 /home/lucie/Documents/LELEC210X/lelec210X_GroupeF/goldenProject/STM/GoldenProject/ARM_CMSIS/CMSIS/DSP/Lib/GCC/libarm_cortexM4lf_math.a(arm_cmplx_mag_q15.o)
                0x0000000008009614                arm_cmplx_mag_q15
 .text.arm_sqrt_q15
                0x000000000800969c       0xcc /home/lucie/Documents/LELEC210X/lelec210X_GroupeF/goldenProject/STM/GoldenProject/ARM_CMSIS/CMSIS/DSP/Lib/GCC/libarm_cortexM4lf_math.a(arm_sqrt_q15.o)
                0x000000000800969c                arm_sqrt_q15
 .text.arm_shift_q15
                0x0000000008009768      0x124 /home/lucie/Documents/LELEC210X/lelec210X_GroupeF/goldenProject/STM/GoldenProject/ARM_CMSIS/CMSIS/DSP/Lib/GCC/libarm_cortexM4lf_math.a(arm_shift_q15.o)
                0x0000000008009768                arm_shift_q15
 .text.arm_mult_q15
                0x000000000800988c       0xbc /home/lucie/Documents/LELEC210X/lelec210X_GroupeF/goldenProject/STM/GoldenProject/ARM_CMSIS/CMSIS/DSP/Lib/GCC/libarm_cortexM4lf_math.a(arm_mult_q15.o)
                0x000000000800988c                arm_mult_q15
 .text.arm_cfft_radix4by2_q15
                0x0000000008009948       0xbc /home/lucie/Documents/LELEC210X/lelec210X_GroupeF/goldenProject/STM/GoldenProject/ARM_CMSIS/CMSIS/DSP/Lib/GCC/libarm_cortexM4lf_math.a(arm_cfft_q15.o)
                0x0000000008009948                arm_cfft_radix4by2_q15
 .text.arm_cfft_radix4by2_inverse_q15
                0x0000000008009a04       0xbc /home/lucie/Documents/LELEC210X/lelec210X_GroupeF/goldenProject/STM/GoldenProject/ARM_CMSIS/CMSIS/DSP/Lib/GCC/libarm_cortexM4lf_math.a(arm_cfft_q15.o)
                0x0000000008009a04                arm_cfft_radix4by2_inverse_q15
 .text.arm_cfft_q15
                0x0000000008009ac0       0xbc /home/lucie/Documents/LELEC210X/lelec210X_GroupeF/goldenProject/STM/GoldenProject/ARM_CMSIS/CMSIS/DSP/Lib/GCC/libarm_cortexM4lf_math.a(arm_cfft_q15.o)
                0x0000000008009ac0                arm_cfft_q15
 .text.arm_radix4_butterfly_q15
                0x0000000008009b7c      0x354 /home/lucie/Documents/LELEC210X/lelec210X_GroupeF/goldenProject/STM/GoldenProject/ARM_CMSIS/CMSIS/DSP/Lib/GCC/libarm_cortexM4lf_math.a(arm_cfft_radix4_q15.o)
                0x0000000008009b7c                arm_radix4_butterfly_q15
 .text.arm_radix4_butterfly_inverse_q15
                0x0000000008009ed0      0x354 /home/lucie/Documents/LELEC210X/lelec210X_GroupeF/goldenProject/STM/GoldenProject/ARM_CMSIS/CMSIS/DSP/Lib/GCC/libarm_cortexM4lf_math.a(arm_cfft_radix4_q15.o)
                0x0000000008009ed0                arm_radix4_butterfly_inverse_q15
 .text.arm_bitreversal_16
                0x000000000800a224       0x44 /home/lucie/Documents/LELEC210X/lelec210X_GroupeF/goldenProject/STM/GoldenProject/ARM_CMSIS/CMSIS/DSP/Lib/GCC/libarm_cortexM4lf_math.a(arm_bitreversal2.o)
                0x000000000800a224                arm_bitreversal_16
 .text.__cvt    0x000000000800a268       0xc4 /opt/st/stm32cubeide_1.14.0/plugins/com.st.stm32cube.ide.mcu.externaltools.gnu-tools-for-stm32.11.3.rel1.linux64_1.1.100.202309141235/tools/bin/../lib/gcc/arm-none-eabi/11.3.1/../../../../arm-none-eabi/lib/thumb/v7e-m+fp/hard/libc_nano.a(libc_a-nano-vfprintf_float.o)
                0x000000000800a268                __cvt
 .text.__exponent
                0x000000000800a32c       0x7c /opt/st/stm32cubeide_1.14.0/plugins/com.st.stm32cube.ide.mcu.externaltools.gnu-tools-for-stm32.11.3.rel1.linux64_1.1.100.202309141235/tools/bin/../lib/gcc/arm-none-eabi/11.3.1/../../../../arm-none-eabi/lib/thumb/v7e-m+fp/hard/libc_nano.a(libc_a-nano-vfprintf_float.o)
                0x000000000800a32c                __exponent
 .text._printf_float
                0x000000000800a3a8      0x46c /opt/st/stm32cubeide_1.14.0/plugins/com.st.stm32cube.ide.mcu.externaltools.gnu-tools-for-stm32.11.3.rel1.linux64_1.1.100.202309141235/tools/bin/../lib/gcc/arm-none-eabi/11.3.1/../../../../arm-none-eabi/lib/thumb/v7e-m+fp/hard/libc_nano.a(libc_a-nano-vfprintf_float.o)
                0x000000000800a3a8                _printf_float
 .text._printf_common
                0x000000000800a814       0xda /opt/st/stm32cubeide_1.14.0/plugins/com.st.stm32cube.ide.mcu.externaltools.gnu-tools-for-stm32.11.3.rel1.linux64_1.1.100.202309141235/tools/bin/../lib/gcc/arm-none-eabi/11.3.1/../../../../arm-none-eabi/lib/thumb/v7e-m+fp/hard/libc_nano.a(libc_a-nano-vfprintf_i.o)
                0x000000000800a814                _printf_common
 *fill*         0x000000000800a8ee        0x2 
 .text._printf_i
                0x000000000800a8f0      0x244 /opt/st/stm32cubeide_1.14.0/plugins/com.st.stm32cube.ide.mcu.externaltools.gnu-tools-for-stm32.11.3.rel1.linux64_1.1.100.202309141235/tools/bin/../lib/gcc/arm-none-eabi/11.3.1/../../../../arm-none-eabi/lib/thumb/v7e-m+fp/hard/libc_nano.a(libc_a-nano-vfprintf_i.o)
                0x000000000800a8f0                _printf_i
 .text.std      0x000000000800ab34       0x6c /opt/st/stm32cubeide_1.14.0/plugins/com.st.stm32cube.ide.mcu.externaltools.gnu-tools-for-stm32.11.3.rel1.linux64_1.1.100.202309141235/tools/bin/../lib/gcc/arm-none-eabi/11.3.1/../../../../arm-none-eabi/lib/thumb/v7e-m+fp/hard/libc_nano.a(libc_a-findfp.o)
 .text.stdio_exit_handler
                0x000000000800aba0       0x18 /opt/st/stm32cubeide_1.14.0/plugins/com.st.stm32cube.ide.mcu.externaltools.gnu-tools-for-stm32.11.3.rel1.linux64_1.1.100.202309141235/tools/bin/../lib/gcc/arm-none-eabi/11.3.1/../../../../arm-none-eabi/lib/thumb/v7e-m+fp/hard/libc_nano.a(libc_a-findfp.o)
 .text.cleanup_stdio
                0x000000000800abb8       0x40 /opt/st/stm32cubeide_1.14.0/plugins/com.st.stm32cube.ide.mcu.externaltools.gnu-tools-for-stm32.11.3.rel1.linux64_1.1.100.202309141235/tools/bin/../lib/gcc/arm-none-eabi/11.3.1/../../../../arm-none-eabi/lib/thumb/v7e-m+fp/hard/libc_nano.a(libc_a-findfp.o)
 .text.global_stdio_init.part.0
                0x000000000800abf8       0x3c /opt/st/stm32cubeide_1.14.0/plugins/com.st.stm32cube.ide.mcu.externaltools.gnu-tools-for-stm32.11.3.rel1.linux64_1.1.100.202309141235/tools/bin/../lib/gcc/arm-none-eabi/11.3.1/../../../../arm-none-eabi/lib/thumb/v7e-m+fp/hard/libc_nano.a(libc_a-findfp.o)
 .text.__sfp_lock_acquire
                0x000000000800ac34        0xc /opt/st/stm32cubeide_1.14.0/plugins/com.st.stm32cube.ide.mcu.externaltools.gnu-tools-for-stm32.11.3.rel1.linux64_1.1.100.202309141235/tools/bin/../lib/gcc/arm-none-eabi/11.3.1/../../../../arm-none-eabi/lib/thumb/v7e-m+fp/hard/libc_nano.a(libc_a-findfp.o)
                0x000000000800ac34                __sfp_lock_acquire
 .text.__sfp_lock_release
                0x000000000800ac40        0xc /opt/st/stm32cubeide_1.14.0/plugins/com.st.stm32cube.ide.mcu.externaltools.gnu-tools-for-stm32.11.3.rel1.linux64_1.1.100.202309141235/tools/bin/../lib/gcc/arm-none-eabi/11.3.1/../../../../arm-none-eabi/lib/thumb/v7e-m+fp/hard/libc_nano.a(libc_a-findfp.o)
                0x000000000800ac40                __sfp_lock_release
 .text.__sinit  0x000000000800ac4c       0x30 /opt/st/stm32cubeide_1.14.0/plugins/com.st.stm32cube.ide.mcu.externaltools.gnu-tools-for-stm32.11.3.rel1.linux64_1.1.100.202309141235/tools/bin/../lib/gcc/arm-none-eabi/11.3.1/../../../../arm-none-eabi/lib/thumb/v7e-m+fp/hard/libc_nano.a(libc_a-findfp.o)
                0x000000000800ac4c                __sinit
 .text._fwalk_sglue
                0x000000000800ac7c       0x3c /opt/st/stm32cubeide_1.14.0/plugins/com.st.stm32cube.ide.mcu.externaltools.gnu-tools-for-stm32.11.3.rel1.linux64_1.1.100.202309141235/tools/bin/../lib/gcc/arm-none-eabi/11.3.1/../../../../arm-none-eabi/lib/thumb/v7e-m+fp/hard/libc_nano.a(libc_a-fwalk.o)
                0x000000000800ac7c                _fwalk_sglue
 .text.setvbuf  0x000000000800acb8      0x15c /opt/st/stm32cubeide_1.14.0/plugins/com.st.stm32cube.ide.mcu.externaltools.gnu-tools-for-stm32.11.3.rel1.linux64_1.1.100.202309141235/tools/bin/../lib/gcc/arm-none-eabi/11.3.1/../../../../arm-none-eabi/lib/thumb/v7e-m+fp/hard/libc_nano.a(libc_a-setvbuf.o)
                0x000000000800acb8                setvbuf
 .text.__sread  0x000000000800ae14       0x22 /opt/st/stm32cubeide_1.14.0/plugins/com.st.stm32cube.ide.mcu.externaltools.gnu-tools-for-stm32.11.3.rel1.linux64_1.1.100.202309141235/tools/bin/../lib/gcc/arm-none-eabi/11.3.1/../../../../arm-none-eabi/lib/thumb/v7e-m+fp/hard/libc_nano.a(libc_a-stdio.o)
                0x000000000800ae14                __sread
 .text.__swrite
                0x000000000800ae36       0x38 /opt/st/stm32cubeide_1.14.0/plugins/com.st.stm32cube.ide.mcu.externaltools.gnu-tools-for-stm32.11.3.rel1.linux64_1.1.100.202309141235/tools/bin/../lib/gcc/arm-none-eabi/11.3.1/../../../../arm-none-eabi/lib/thumb/v7e-m+fp/hard/libc_nano.a(libc_a-stdio.o)
                0x000000000800ae36                __swrite
 .text.__sseek  0x000000000800ae6e       0x24 /opt/st/stm32cubeide_1.14.0/plugins/com.st.stm32cube.ide.mcu.externaltools.gnu-tools-for-stm32.11.3.rel1.linux64_1.1.100.202309141235/tools/bin/../lib/gcc/arm-none-eabi/11.3.1/../../../../arm-none-eabi/lib/thumb/v7e-m+fp/hard/libc_nano.a(libc_a-stdio.o)
                0x000000000800ae6e                __sseek
 .text.__sclose
                0x000000000800ae92        0x8 /opt/st/stm32cubeide_1.14.0/plugins/com.st.stm32cube.ide.mcu.externaltools.gnu-tools-for-stm32.11.3.rel1.linux64_1.1.100.202309141235/tools/bin/../lib/gcc/arm-none-eabi/11.3.1/../../../../arm-none-eabi/lib/thumb/v7e-m+fp/hard/libc_nano.a(libc_a-stdio.o)
                0x000000000800ae92                __sclose
 .text.memset   0x000000000800ae9a       0x10 /opt/st/stm32cubeide_1.14.0/plugins/com.st.stm32cube.ide.mcu.externaltools.gnu-tools-for-stm32.11.3.rel1.linux64_1.1.100.202309141235/tools/bin/../lib/gcc/arm-none-eabi/11.3.1/../../../../arm-none-eabi/lib/thumb/v7e-m+fp/hard/libc_nano.a(libc_a-memset.o)
                0x000000000800ae9a                memset
 *fill*         0x000000000800aeaa        0x2 
 .text._localeconv_r
                0x000000000800aeac        0x8 /opt/st/stm32cubeide_1.14.0/plugins/com.st.stm32cube.ide.mcu.externaltools.gnu-tools-for-stm32.11.3.rel1.linux64_1.1.100.202309141235/tools/bin/../lib/gcc/arm-none-eabi/11.3.1/../../../../arm-none-eabi/lib/thumb/v7e-m+fp/hard/libc_nano.a(libc_a-localeconv.o)
                0x000000000800aeac                _localeconv_r
 .text._close_r
                0x000000000800aeb4       0x20 /opt/st/stm32cubeide_1.14.0/plugins/com.st.stm32cube.ide.mcu.externaltools.gnu-tools-for-stm32.11.3.rel1.linux64_1.1.100.202309141235/tools/bin/../lib/gcc/arm-none-eabi/11.3.1/../../../../arm-none-eabi/lib/thumb/v7e-m+fp/hard/libc_nano.a(libc_a-closer.o)
                0x000000000800aeb4                _close_r
 .text._lseek_r
                0x000000000800aed4       0x24 /opt/st/stm32cubeide_1.14.0/plugins/com.st.stm32cube.ide.mcu.externaltools.gnu-tools-for-stm32.11.3.rel1.linux64_1.1.100.202309141235/tools/bin/../lib/gcc/arm-none-eabi/11.3.1/../../../../arm-none-eabi/lib/thumb/v7e-m+fp/hard/libc_nano.a(libc_a-lseekr.o)
                0x000000000800aed4                _lseek_r
 .text._read_r  0x000000000800aef8       0x24 /opt/st/stm32cubeide_1.14.0/plugins/com.st.stm32cube.ide.mcu.externaltools.gnu-tools-for-stm32.11.3.rel1.linux64_1.1.100.202309141235/tools/bin/../lib/gcc/arm-none-eabi/11.3.1/../../../../arm-none-eabi/lib/thumb/v7e-m+fp/hard/libc_nano.a(libc_a-readr.o)
                0x000000000800aef8                _read_r
 .text._write_r
                0x000000000800af1c       0x24 /opt/st/stm32cubeide_1.14.0/plugins/com.st.stm32cube.ide.mcu.externaltools.gnu-tools-for-stm32.11.3.rel1.linux64_1.1.100.202309141235/tools/bin/../lib/gcc/arm-none-eabi/11.3.1/../../../../arm-none-eabi/lib/thumb/v7e-m+fp/hard/libc_nano.a(libc_a-writer.o)
                0x000000000800af1c                _write_r
 .text.__errno  0x000000000800af40        0xc /opt/st/stm32cubeide_1.14.0/plugins/com.st.stm32cube.ide.mcu.externaltools.gnu-tools-for-stm32.11.3.rel1.linux64_1.1.100.202309141235/tools/bin/../lib/gcc/arm-none-eabi/11.3.1/../../../../arm-none-eabi/lib/thumb/v7e-m+fp/hard/libc_nano.a(libc_a-errno.o)
                0x000000000800af40                __errno
 .text.__libc_init_array
                0x000000000800af4c       0x48 /opt/st/stm32cubeide_1.14.0/plugins/com.st.stm32cube.ide.mcu.externaltools.gnu-tools-for-stm32.11.3.rel1.linux64_1.1.100.202309141235/tools/bin/../lib/gcc/arm-none-eabi/11.3.1/../../../../arm-none-eabi/lib/thumb/v7e-m+fp/hard/libc_nano.a(libc_a-init.o)
                0x000000000800af4c                __libc_init_array
 .text.__retarget_lock_init_recursive
                0x000000000800af94        0x2 /opt/st/stm32cubeide_1.14.0/plugins/com.st.stm32cube.ide.mcu.externaltools.gnu-tools-for-stm32.11.3.rel1.linux64_1.1.100.202309141235/tools/bin/../lib/gcc/arm-none-eabi/11.3.1/../../../../arm-none-eabi/lib/thumb/v7e-m+fp/hard/libc_nano.a(libc_a-lock.o)
                0x000000000800af94                __retarget_lock_init_recursive
 .text.__retarget_lock_acquire_recursive
                0x000000000800af96        0x2 /opt/st/stm32cubeide_1.14.0/plugins/com.st.stm32cube.ide.mcu.externaltools.gnu-tools-for-stm32.11.3.rel1.linux64_1.1.100.202309141235/tools/bin/../lib/gcc/arm-none-eabi/11.3.1/../../../../arm-none-eabi/lib/thumb/v7e-m+fp/hard/libc_nano.a(libc_a-lock.o)
                0x000000000800af96                __retarget_lock_acquire_recursive
 .text.__retarget_lock_release_recursive
                0x000000000800af98        0x2 /opt/st/stm32cubeide_1.14.0/plugins/com.st.stm32cube.ide.mcu.externaltools.gnu-tools-for-stm32.11.3.rel1.linux64_1.1.100.202309141235/tools/bin/../lib/gcc/arm-none-eabi/11.3.1/../../../../arm-none-eabi/lib/thumb/v7e-m+fp/hard/libc_nano.a(libc_a-lock.o)
                0x000000000800af98                __retarget_lock_release_recursive
 .text.memcpy   0x000000000800af9a       0x1c /opt/st/stm32cubeide_1.14.0/plugins/com.st.stm32cube.ide.mcu.externaltools.gnu-tools-for-stm32.11.3.rel1.linux64_1.1.100.202309141235/tools/bin/../lib/gcc/arm-none-eabi/11.3.1/../../../../arm-none-eabi/lib/thumb/v7e-m+fp/hard/libc_nano.a(libc_a-memcpy-stub.o)
                0x000000000800af9a                memcpy
 .text.quorem   0x000000000800afb6      0x110 /opt/st/stm32cubeide_1.14.0/plugins/com.st.stm32cube.ide.mcu.externaltools.gnu-tools-for-stm32.11.3.rel1.linux64_1.1.100.202309141235/tools/bin/../lib/gcc/arm-none-eabi/11.3.1/../../../../arm-none-eabi/lib/thumb/v7e-m+fp/hard/libc_nano.a(libc_a-dtoa.o)
 *fill*         0x000000000800b0c6        0x2 
 .text._dtoa_r  0x000000000800b0c8      0xbe4 /opt/st/stm32cubeide_1.14.0/plugins/com.st.stm32cube.ide.mcu.externaltools.gnu-tools-for-stm32.11.3.rel1.linux64_1.1.100.202309141235/tools/bin/../lib/gcc/arm-none-eabi/11.3.1/../../../../arm-none-eabi/lib/thumb/v7e-m+fp/hard/libc_nano.a(libc_a-dtoa.o)
                0x000000000800b0c8                _dtoa_r
 .text._free_r  0x000000000800bcac       0x98 /opt/st/stm32cubeide_1.14.0/plugins/com.st.stm32cube.ide.mcu.externaltools.gnu-tools-for-stm32.11.3.rel1.linux64_1.1.100.202309141235/tools/bin/../lib/gcc/arm-none-eabi/11.3.1/../../../../arm-none-eabi/lib/thumb/v7e-m+fp/hard/libc_nano.a(libc_a-freer.o)
                0x000000000800bcac                _free_r
 .text.malloc   0x000000000800bd44       0x10 /opt/st/stm32cubeide_1.14.0/plugins/com.st.stm32cube.ide.mcu.externaltools.gnu-tools-for-stm32.11.3.rel1.linux64_1.1.100.202309141235/tools/bin/../lib/gcc/arm-none-eabi/11.3.1/../../../../arm-none-eabi/lib/thumb/v7e-m+fp/hard/libc_nano.a(libc_a-malloc.o)
                0x000000000800bd44                malloc
 .text.sbrk_aligned
                0x000000000800bd54       0x40 /opt/st/stm32cubeide_1.14.0/plugins/com.st.stm32cube.ide.mcu.externaltools.gnu-tools-for-stm32.11.3.rel1.linux64_1.1.100.202309141235/tools/bin/../lib/gcc/arm-none-eabi/11.3.1/../../../../arm-none-eabi/lib/thumb/v7e-m+fp/hard/libc_nano.a(libc_a-mallocr.o)
 .text._malloc_r
                0x000000000800bd94      0x100 /opt/st/stm32cubeide_1.14.0/plugins/com.st.stm32cube.ide.mcu.externaltools.gnu-tools-for-stm32.11.3.rel1.linux64_1.1.100.202309141235/tools/bin/../lib/gcc/arm-none-eabi/11.3.1/../../../../arm-none-eabi/lib/thumb/v7e-m+fp/hard/libc_nano.a(libc_a-mallocr.o)
                0x000000000800bd94                _malloc_r
 .text.__malloc_lock
                0x000000000800be94        0xc /opt/st/stm32cubeide_1.14.0/plugins/com.st.stm32cube.ide.mcu.externaltools.gnu-tools-for-stm32.11.3.rel1.linux64_1.1.100.202309141235/tools/bin/../lib/gcc/arm-none-eabi/11.3.1/../../../../arm-none-eabi/lib/thumb/v7e-m+fp/hard/libc_nano.a(libc_a-mlock.o)
                0x000000000800be94                __malloc_lock
 .text.__malloc_unlock
                0x000000000800bea0        0xc /opt/st/stm32cubeide_1.14.0/plugins/com.st.stm32cube.ide.mcu.externaltools.gnu-tools-for-stm32.11.3.rel1.linux64_1.1.100.202309141235/tools/bin/../lib/gcc/arm-none-eabi/11.3.1/../../../../arm-none-eabi/lib/thumb/v7e-m+fp/hard/libc_nano.a(libc_a-mlock.o)
                0x000000000800bea0                __malloc_unlock
 .text._Balloc  0x000000000800beac       0x80 /opt/st/stm32cubeide_1.14.0/plugins/com.st.stm32cube.ide.mcu.externaltools.gnu-tools-for-stm32.11.3.rel1.linux64_1.1.100.202309141235/tools/bin/../lib/gcc/arm-none-eabi/11.3.1/../../../../arm-none-eabi/lib/thumb/v7e-m+fp/hard/libc_nano.a(libc_a-mprec.o)
                0x000000000800beac                _Balloc
 .text._Bfree   0x000000000800bf2c       0x44 /opt/st/stm32cubeide_1.14.0/plugins/com.st.stm32cube.ide.mcu.externaltools.gnu-tools-for-stm32.11.3.rel1.linux64_1.1.100.202309141235/tools/bin/../lib/gcc/arm-none-eabi/11.3.1/../../../../arm-none-eabi/lib/thumb/v7e-m+fp/hard/libc_nano.a(libc_a-mprec.o)
                0x000000000800bf2c                _Bfree
 .text.__multadd
                0x000000000800bf70       0x8c /opt/st/stm32cubeide_1.14.0/plugins/com.st.stm32cube.ide.mcu.externaltools.gnu-tools-for-stm32.11.3.rel1.linux64_1.1.100.202309141235/tools/bin/../lib/gcc/arm-none-eabi/11.3.1/../../../../arm-none-eabi/lib/thumb/v7e-m+fp/hard/libc_nano.a(libc_a-mprec.o)
                0x000000000800bf70                __multadd
 .text.__hi0bits
                0x000000000800bffc       0x40 /opt/st/stm32cubeide_1.14.0/plugins/com.st.stm32cube.ide.mcu.externaltools.gnu-tools-for-stm32.11.3.rel1.linux64_1.1.100.202309141235/tools/bin/../lib/gcc/arm-none-eabi/11.3.1/../../../../arm-none-eabi/lib/thumb/v7e-m+fp/hard/libc_nano.a(libc_a-mprec.o)
                0x000000000800bffc                __hi0bits
 .text.__lo0bits
                0x000000000800c03c       0x5a /opt/st/stm32cubeide_1.14.0/plugins/com.st.stm32cube.ide.mcu.externaltools.gnu-tools-for-stm32.11.3.rel1.linux64_1.1.100.202309141235/tools/bin/../lib/gcc/arm-none-eabi/11.3.1/../../../../arm-none-eabi/lib/thumb/v7e-m+fp/hard/libc_nano.a(libc_a-mprec.o)
                0x000000000800c03c                __lo0bits
 *fill*         0x000000000800c096        0x2 
 .text.__i2b    0x000000000800c098       0x2c /opt/st/stm32cubeide_1.14.0/plugins/com.st.stm32cube.ide.mcu.externaltools.gnu-tools-for-stm32.11.3.rel1.linux64_1.1.100.202309141235/tools/bin/../lib/gcc/arm-none-eabi/11.3.1/../../../../arm-none-eabi/lib/thumb/v7e-m+fp/hard/libc_nano.a(libc_a-mprec.o)
                0x000000000800c098                __i2b
 .text.__multiply
                0x000000000800c0c4      0x154 /opt/st/stm32cubeide_1.14.0/plugins/com.st.stm32cube.ide.mcu.externaltools.gnu-tools-for-stm32.11.3.rel1.linux64_1.1.100.202309141235/tools/bin/../lib/gcc/arm-none-eabi/11.3.1/../../../../arm-none-eabi/lib/thumb/v7e-m+fp/hard/libc_nano.a(libc_a-mprec.o)
                0x000000000800c0c4                __multiply
 .text.__pow5mult
                0x000000000800c218       0xb4 /opt/st/stm32cubeide_1.14.0/plugins/com.st.stm32cube.ide.mcu.externaltools.gnu-tools-for-stm32.11.3.rel1.linux64_1.1.100.202309141235/tools/bin/../lib/gcc/arm-none-eabi/11.3.1/../../../../arm-none-eabi/lib/thumb/v7e-m+fp/hard/libc_nano.a(libc_a-mprec.o)
                0x000000000800c218                __pow5mult
 .text.__lshift
                0x000000000800c2cc       0xd8 /opt/st/stm32cubeide_1.14.0/plugins/com.st.stm32cube.ide.mcu.externaltools.gnu-tools-for-stm32.11.3.rel1.linux64_1.1.100.202309141235/tools/bin/../lib/gcc/arm-none-eabi/11.3.1/../../../../arm-none-eabi/lib/thumb/v7e-m+fp/hard/libc_nano.a(libc_a-mprec.o)
                0x000000000800c2cc                __lshift
 .text.__mcmp   0x000000000800c3a4       0x38 /opt/st/stm32cubeide_1.14.0/plugins/com.st.stm32cube.ide.mcu.externaltools.gnu-tools-for-stm32.11.3.rel1.linux64_1.1.100.202309141235/tools/bin/../lib/gcc/arm-none-eabi/11.3.1/../../../../arm-none-eabi/lib/thumb/v7e-m+fp/hard/libc_nano.a(libc_a-mprec.o)
                0x000000000800c3a4                __mcmp
 .text.__mdiff  0x000000000800c3dc      0x114 /opt/st/stm32cubeide_1.14.0/plugins/com.st.stm32cube.ide.mcu.externaltools.gnu-tools-for-stm32.11.3.rel1.linux64_1.1.100.202309141235/tools/bin/../lib/gcc/arm-none-eabi/11.3.1/../../../../arm-none-eabi/lib/thumb/v7e-m+fp/hard/libc_nano.a(libc_a-mprec.o)
                0x000000000800c3dc                __mdiff
 .text.__d2b    0x000000000800c4f0       0xb4 /opt/st/stm32cubeide_1.14.0/plugins/com.st.stm32cube.ide.mcu.externaltools.gnu-tools-for-stm32.11.3.rel1.linux64_1.1.100.202309141235/tools/bin/../lib/gcc/arm-none-eabi/11.3.1/../../../../arm-none-eabi/lib/thumb/v7e-m+fp/hard/libc_nano.a(libc_a-mprec.o)
                0x000000000800c4f0                __d2b
 .text.__sflush_r
                0x000000000800c5a4      0x10c /opt/st/stm32cubeide_1.14.0/plugins/com.st.stm32cube.ide.mcu.externaltools.gnu-tools-for-stm32.11.3.rel1.linux64_1.1.100.202309141235/tools/bin/../lib/gcc/arm-none-eabi/11.3.1/../../../../arm-none-eabi/lib/thumb/v7e-m+fp/hard/libc_nano.a(libc_a-fflush.o)
                0x000000000800c5a4                __sflush_r
 .text._fflush_r
                0x000000000800c6b0       0x50 /opt/st/stm32cubeide_1.14.0/plugins/com.st.stm32cube.ide.mcu.externaltools.gnu-tools-for-stm32.11.3.rel1.linux64_1.1.100.202309141235/tools/bin/../lib/gcc/arm-none-eabi/11.3.1/../../../../arm-none-eabi/lib/thumb/v7e-m+fp/hard/libc_nano.a(libc_a-fflush.o)
                0x000000000800c6b0                _fflush_r
 .text.__swhatbuf_r
                0x000000000800c700       0x4c /opt/st/stm32cubeide_1.14.0/plugins/com.st.stm32cube.ide.mcu.externaltools.gnu-tools-for-stm32.11.3.rel1.linux64_1.1.100.202309141235/tools/bin/../lib/gcc/arm-none-eabi/11.3.1/../../../../arm-none-eabi/lib/thumb/v7e-m+fp/hard/libc_nano.a(libc_a-makebuf.o)
                0x000000000800c700                __swhatbuf_r
 .text.__smakebuf_r
                0x000000000800c74c       0x78 /opt/st/stm32cubeide_1.14.0/plugins/com.st.stm32cube.ide.mcu.externaltools.gnu-tools-for-stm32.11.3.rel1.linux64_1.1.100.202309141235/tools/bin/../lib/gcc/arm-none-eabi/11.3.1/../../../../arm-none-eabi/lib/thumb/v7e-m+fp/hard/libc_nano.a(libc_a-makebuf.o)
                0x000000000800c74c                __smakebuf_r
 .text._fstat_r
                0x000000000800c7c4       0x24 /opt/st/stm32cubeide_1.14.0/plugins/com.st.stm32cube.ide.mcu.externaltools.gnu-tools-for-stm32.11.3.rel1.linux64_1.1.100.202309141235/tools/bin/../lib/gcc/arm-none-eabi/11.3.1/../../../../arm-none-eabi/lib/thumb/v7e-m+fp/hard/libc_nano.a(libc_a-fstatr.o)
                0x000000000800c7c4                _fstat_r
 .text._isatty_r
                0x000000000800c7e8       0x20 /opt/st/stm32cubeide_1.14.0/plugins/com.st.stm32cube.ide.mcu.externaltools.gnu-tools-for-stm32.11.3.rel1.linux64_1.1.100.202309141235/tools/bin/../lib/gcc/arm-none-eabi/11.3.1/../../../../arm-none-eabi/lib/thumb/v7e-m+fp/hard/libc_nano.a(libc_a-isattyr.o)
                0x000000000800c7e8                _isatty_r
 .text._sbrk_r  0x000000000800c808       0x20 /opt/st/stm32cubeide_1.14.0/plugins/com.st.stm32cube.ide.mcu.externaltools.gnu-tools-for-stm32.11.3.rel1.linux64_1.1.100.202309141235/tools/bin/../lib/gcc/arm-none-eabi/11.3.1/../../../../arm-none-eabi/lib/thumb/v7e-m+fp/hard/libc_nano.a(libc_a-sbrkr.o)
                0x000000000800c808                _sbrk_r
 .text.__assert_func
                0x000000000800c828       0x3c /opt/st/stm32cubeide_1.14.0/plugins/com.st.stm32cube.ide.mcu.externaltools.gnu-tools-for-stm32.11.3.rel1.linux64_1.1.100.202309141235/tools/bin/../lib/gcc/arm-none-eabi/11.3.1/../../../../arm-none-eabi/lib/thumb/v7e-m+fp/hard/libc_nano.a(libc_a-assert.o)
                0x000000000800c828                __assert_func
 .text._calloc_r
                0x000000000800c864       0x2c /opt/st/stm32cubeide_1.14.0/plugins/com.st.stm32cube.ide.mcu.externaltools.gnu-tools-for-stm32.11.3.rel1.linux64_1.1.100.202309141235/tools/bin/../lib/gcc/arm-none-eabi/11.3.1/../../../../arm-none-eabi/lib/thumb/v7e-m+fp/hard/libc_nano.a(libc_a-callocr.o)
                0x000000000800c864                _calloc_r
 .text.__ascii_mbtowc
                0x000000000800c890       0x24 /opt/st/stm32cubeide_1.14.0/plugins/com.st.stm32cube.ide.mcu.externaltools.gnu-tools-for-stm32.11.3.rel1.linux64_1.1.100.202309141235/tools/bin/../lib/gcc/arm-none-eabi/11.3.1/../../../../arm-none-eabi/lib/thumb/v7e-m+fp/hard/libc_nano.a(libc_a-mbtowc_r.o)
                0x000000000800c890                __ascii_mbtowc
 .text.__ascii_wctomb
                0x000000000800c8b4       0x1a /opt/st/stm32cubeide_1.14.0/plugins/com.st.stm32cube.ide.mcu.externaltools.gnu-tools-for-stm32.11.3.rel1.linux64_1.1.100.202309141235/tools/bin/../lib/gcc/arm-none-eabi/11.3.1/../../../../arm-none-eabi/lib/thumb/v7e-m+fp/hard/libc_nano.a(libc_a-wctomb_r.o)
                0x000000000800c8b4                __ascii_wctomb
 *fill*         0x000000000800c8ce        0x2 
 .text.fprintf  0x000000000800c8d0       0x24 /opt/st/stm32cubeide_1.14.0/plugins/com.st.stm32cube.ide.mcu.externaltools.gnu-tools-for-stm32.11.3.rel1.linux64_1.1.100.202309141235/tools/bin/../lib/gcc/arm-none-eabi/11.3.1/../../../../arm-none-eabi/lib/thumb/v7e-m+fp/hard/libc_nano.a(libc_a-fprintf.o)
                0x000000000800c8d0                fprintf
                0x000000000800c8d0                fiprintf
 .text.abort    0x000000000800c8f4        0xe /opt/st/stm32cubeide_1.14.0/plugins/com.st.stm32cube.ide.mcu.externaltools.gnu-tools-for-stm32.11.3.rel1.linux64_1.1.100.202309141235/tools/bin/../lib/gcc/arm-none-eabi/11.3.1/../../../../arm-none-eabi/lib/thumb/v7e-m+fp/hard/libc_nano.a(libc_a-abort.o)
                0x000000000800c8f4                abort
 .text.__sfputc_r
                0x000000000800c902       0x2e /opt/st/stm32cubeide_1.14.0/plugins/com.st.stm32cube.ide.mcu.externaltools.gnu-tools-for-stm32.11.3.rel1.linux64_1.1.100.202309141235/tools/bin/../lib/gcc/arm-none-eabi/11.3.1/../../../../arm-none-eabi/lib/thumb/v7e-m+fp/hard/libc_nano.a(libc_a-nano-vfprintf.o)
 .text.__sfputs_r
                0x000000000800c930       0x24 /opt/st/stm32cubeide_1.14.0/plugins/com.st.stm32cube.ide.mcu.externaltools.gnu-tools-for-stm32.11.3.rel1.linux64_1.1.100.202309141235/tools/bin/../lib/gcc/arm-none-eabi/11.3.1/../../../../arm-none-eabi/lib/thumb/v7e-m+fp/hard/libc_nano.a(libc_a-nano-vfprintf.o)
                0x000000000800c930                __sfputs_r
 .text._vfprintf_r
                0x000000000800c954      0x234 /opt/st/stm32cubeide_1.14.0/plugins/com.st.stm32cube.ide.mcu.externaltools.gnu-tools-for-stm32.11.3.rel1.linux64_1.1.100.202309141235/tools/bin/../lib/gcc/arm-none-eabi/11.3.1/../../../../arm-none-eabi/lib/thumb/v7e-m+fp/hard/libc_nano.a(libc_a-nano-vfprintf.o)
                0x000000000800c954                _vfiprintf_r
                0x000000000800c954                _vfprintf_r
 .text.__swbuf_r
                0x000000000800cb88       0x7a /opt/st/stm32cubeide_1.14.0/plugins/com.st.stm32cube.ide.mcu.externaltools.gnu-tools-for-stm32.11.3.rel1.linux64_1.1.100.202309141235/tools/bin/../lib/gcc/arm-none-eabi/11.3.1/../../../../arm-none-eabi/lib/thumb/v7e-m+fp/hard/libc_nano.a(libc_a-wbuf.o)
                0x000000000800cb88                __swbuf_r
 *fill*         0x000000000800cc02        0x2 
 .text.__swsetup_r
                0x000000000800cc04       0xb0 /opt/st/stm32cubeide_1.14.0/plugins/com.st.stm32cube.ide.mcu.externaltools.gnu-tools-for-stm32.11.3.rel1.linux64_1.1.100.202309141235/tools/bin/../lib/gcc/arm-none-eabi/11.3.1/../../../../arm-none-eabi/lib/thumb/v7e-m+fp/hard/libc_nano.a(libc_a-wsetup.o)
                0x000000000800cc04                __swsetup_r
 .text._raise_r
                0x000000000800ccb4       0x50 /opt/st/stm32cubeide_1.14.0/plugins/com.st.stm32cube.ide.mcu.externaltools.gnu-tools-for-stm32.11.3.rel1.linux64_1.1.100.202309141235/tools/bin/../lib/gcc/arm-none-eabi/11.3.1/../../../../arm-none-eabi/lib/thumb/v7e-m+fp/hard/libc_nano.a(libc_a-signal.o)
                0x000000000800ccb4                _raise_r
 .text.raise    0x000000000800cd04       0x10 /opt/st/stm32cubeide_1.14.0/plugins/com.st.stm32cube.ide.mcu.externaltools.gnu-tools-for-stm32.11.3.rel1.linux64_1.1.100.202309141235/tools/bin/../lib/gcc/arm-none-eabi/11.3.1/../../../../arm-none-eabi/lib/thumb/v7e-m+fp/hard/libc_nano.a(libc_a-signal.o)
                0x000000000800cd04                raise
 .text._kill_r  0x000000000800cd14       0x24 /opt/st/stm32cubeide_1.14.0/plugins/com.st.stm32cube.ide.mcu.externaltools.gnu-tools-for-stm32.11.3.rel1.linux64_1.1.100.202309141235/tools/bin/../lib/gcc/arm-none-eabi/11.3.1/../../../../arm-none-eabi/lib/thumb/v7e-m+fp/hard/libc_nano.a(libc_a-signalr.o)
                0x000000000800cd14                _kill_r
 .text._getpid_r
                0x000000000800cd38        0x4 /opt/st/stm32cubeide_1.14.0/plugins/com.st.stm32cube.ide.mcu.externaltools.gnu-tools-for-stm32.11.3.rel1.linux64_1.1.100.202309141235/tools/bin/../lib/gcc/arm-none-eabi/11.3.1/../../../../arm-none-eabi/lib/thumb/v7e-m+fp/hard/libc_nano.a(libc_a-signalr.o)
                0x000000000800cd38                _getpid_r
 .text._getpid  0x000000000800cd3c       0x10 /opt/st/stm32cubeide_1.14.0/plugins/com.st.stm32cube.ide.mcu.externaltools.gnu-tools-for-stm32.11.3.rel1.linux64_1.1.100.202309141235/tools/bin/../lib/gcc/arm-none-eabi/11.3.1/../../../../arm-none-eabi/lib/thumb/v7e-m+fp/hard/libnosys.a(getpid.o)
                0x000000000800cd3c                _getpid
 .text._kill    0x000000000800cd4c       0x10 /opt/st/stm32cubeide_1.14.0/plugins/com.st.stm32cube.ide.mcu.externaltools.gnu-tools-for-stm32.11.3.rel1.linux64_1.1.100.202309141235/tools/bin/../lib/gcc/arm-none-eabi/11.3.1/../../../../arm-none-eabi/lib/thumb/v7e-m+fp/hard/libnosys.a(kill.o)
                0x000000000800cd4c                _kill
 .text._exit    0x000000000800cd5c        0x2 /opt/st/stm32cubeide_1.14.0/plugins/com.st.stm32cube.ide.mcu.externaltools.gnu-tools-for-stm32.11.3.rel1.linux64_1.1.100.202309141235/tools/bin/../lib/gcc/arm-none-eabi/11.3.1/../../../../arm-none-eabi/lib/thumb/v7e-m+fp/hard/libnosys.a(_exit.o)
                0x000000000800cd5c                _exit
 *(.glue_7)
 .glue_7        0x000000000800cd5e        0x0 linker stubs
 *(.glue_7t)
 .glue_7t       0x000000000800cd5e        0x0 linker stubs
 *(.eh_frame)
 *fill*         0x000000000800cd5e        0x2 
 .eh_frame      0x000000000800cd60        0x0 /opt/st/stm32cubeide_1.14.0/plugins/com.st.stm32cube.ide.mcu.externaltools.gnu-tools-for-stm32.11.3.rel1.linux64_1.1.100.202309141235/tools/bin/../lib/gcc/arm-none-eabi/11.3.1/thumb/v7e-m+fp/hard/crtbegin.o
 *(.init)
 .init          0x000000000800cd60        0x4 /opt/st/stm32cubeide_1.14.0/plugins/com.st.stm32cube.ide.mcu.externaltools.gnu-tools-for-stm32.11.3.rel1.linux64_1.1.100.202309141235/tools/bin/../lib/gcc/arm-none-eabi/11.3.1/thumb/v7e-m+fp/hard/crti.o
                0x000000000800cd60                _init
 .init          0x000000000800cd64        0x8 /opt/st/stm32cubeide_1.14.0/plugins/com.st.stm32cube.ide.mcu.externaltools.gnu-tools-for-stm32.11.3.rel1.linux64_1.1.100.202309141235/tools/bin/../lib/gcc/arm-none-eabi/11.3.1/thumb/v7e-m+fp/hard/crtn.o
 *(.fini)
 .fini          0x000000000800cd6c        0x4 /opt/st/stm32cubeide_1.14.0/plugins/com.st.stm32cube.ide.mcu.externaltools.gnu-tools-for-stm32.11.3.rel1.linux64_1.1.100.202309141235/tools/bin/../lib/gcc/arm-none-eabi/11.3.1/thumb/v7e-m+fp/hard/crti.o
                0x000000000800cd6c                _fini
 .fini          0x000000000800cd70        0x8 /opt/st/stm32cubeide_1.14.0/plugins/com.st.stm32cube.ide.mcu.externaltools.gnu-tools-for-stm32.11.3.rel1.linux64_1.1.100.202309141235/tools/bin/../lib/gcc/arm-none-eabi/11.3.1/thumb/v7e-m+fp/hard/crtn.o
                0x000000000800cd78                . = ALIGN (0x4)
                0x000000000800cd78                _etext = .

.vfp11_veneer   0x000000000800cd78        0x0
 .vfp11_veneer  0x000000000800cd78        0x0 linker stubs

.v4_bx          0x000000000800cd78        0x0
 .v4_bx         0x000000000800cd78        0x0 linker stubs

.iplt           0x000000000800cd78        0x0
 .iplt          0x000000000800cd78        0x0 /opt/st/stm32cubeide_1.14.0/plugins/com.st.stm32cube.ide.mcu.externaltools.gnu-tools-for-stm32.11.3.rel1.linux64_1.1.100.202309141235/tools/bin/../lib/gcc/arm-none-eabi/11.3.1/thumb/v7e-m+fp/hard/crtbegin.o

.rodata         0x000000000800cd78    0x12244
                0x000000000800cd78                . = ALIGN (0x4)
 *(.rodata)
 .rodata        0x000000000800cd78       0x2c ./Core/Src/adc_dblbuf.o
 *(.rodata*)
 .rodata.AES_Key
                0x000000000800cda4       0x10 ./Core/Src/packet.o
                0x000000000800cda4                AES_Key
 .rodata.AHBPrescTable
                0x000000000800cdb4       0x10 ./Core/Src/system_stm32l4xx.o
                0x000000000800cdb4                AHBPrescTable
 .rodata.MSIRangeTable
                0x000000000800cdc4       0x30 ./Core/Src/system_stm32l4xx.o
                0x000000000800cdc4                MSIRangeTable
 .rodata.arm_cfft_sR_q15_len1024
                0x000000000800cdf4       0x10 /home/lucie/Documents/LELEC210X/lelec210X_GroupeF/goldenProject/STM/GoldenProject/ARM_CMSIS/CMSIS/DSP/Lib/GCC/libarm_cortexM4lf_math.a(arm_const_structs.o)
                0x000000000800cdf4                arm_cfft_sR_q15_len1024
 .rodata.arm_cfft_sR_q15_len128
                0x000000000800ce04       0x10 /home/lucie/Documents/LELEC210X/lelec210X_GroupeF/goldenProject/STM/GoldenProject/ARM_CMSIS/CMSIS/DSP/Lib/GCC/libarm_cortexM4lf_math.a(arm_const_structs.o)
                0x000000000800ce04                arm_cfft_sR_q15_len128
 .rodata.arm_cfft_sR_q15_len16
                0x000000000800ce14       0x10 /home/lucie/Documents/LELEC210X/lelec210X_GroupeF/goldenProject/STM/GoldenProject/ARM_CMSIS/CMSIS/DSP/Lib/GCC/libarm_cortexM4lf_math.a(arm_const_structs.o)
                0x000000000800ce14                arm_cfft_sR_q15_len16
 .rodata.arm_cfft_sR_q15_len2048
                0x000000000800ce24       0x10 /home/lucie/Documents/LELEC210X/lelec210X_GroupeF/goldenProject/STM/GoldenProject/ARM_CMSIS/CMSIS/DSP/Lib/GCC/libarm_cortexM4lf_math.a(arm_const_structs.o)
                0x000000000800ce24                arm_cfft_sR_q15_len2048
 .rodata.arm_cfft_sR_q15_len256
                0x000000000800ce34       0x10 /home/lucie/Documents/LELEC210X/lelec210X_GroupeF/goldenProject/STM/GoldenProject/ARM_CMSIS/CMSIS/DSP/Lib/GCC/libarm_cortexM4lf_math.a(arm_const_structs.o)
                0x000000000800ce34                arm_cfft_sR_q15_len256
 .rodata.arm_cfft_sR_q15_len32
                0x000000000800ce44       0x10 /home/lucie/Documents/LELEC210X/lelec210X_GroupeF/goldenProject/STM/GoldenProject/ARM_CMSIS/CMSIS/DSP/Lib/GCC/libarm_cortexM4lf_math.a(arm_const_structs.o)
                0x000000000800ce44                arm_cfft_sR_q15_len32
 .rodata.arm_cfft_sR_q15_len4096
                0x000000000800ce54       0x10 /home/lucie/Documents/LELEC210X/lelec210X_GroupeF/goldenProject/STM/GoldenProject/ARM_CMSIS/CMSIS/DSP/Lib/GCC/libarm_cortexM4lf_math.a(arm_const_structs.o)
                0x000000000800ce54                arm_cfft_sR_q15_len4096
 .rodata.arm_cfft_sR_q15_len512
                0x000000000800ce64       0x10 /home/lucie/Documents/LELEC210X/lelec210X_GroupeF/goldenProject/STM/GoldenProject/ARM_CMSIS/CMSIS/DSP/Lib/GCC/libarm_cortexM4lf_math.a(arm_const_structs.o)
                0x000000000800ce64                arm_cfft_sR_q15_len512
 .rodata.arm_cfft_sR_q15_len64
                0x000000000800ce74       0x10 /home/lucie/Documents/LELEC210X/lelec210X_GroupeF/goldenProject/STM/GoldenProject/ARM_CMSIS/CMSIS/DSP/Lib/GCC/libarm_cortexM4lf_math.a(arm_const_structs.o)
                0x000000000800ce74                arm_cfft_sR_q15_len64
 .rodata.armBitRevIndexTable_fixed_1024
                0x000000000800ce84      0x7c0 /home/lucie/Documents/LELEC210X/lelec210X_GroupeF/goldenProject/STM/GoldenProject/ARM_CMSIS/CMSIS/DSP/Lib/GCC/libarm_cortexM4lf_math.a(arm_common_tables.o)
                0x000000000800ce84                armBitRevIndexTable_fixed_1024
 .rodata.armBitRevIndexTable_fixed_128
                0x000000000800d644       0xe0 /home/lucie/Documents/LELEC210X/lelec210X_GroupeF/goldenProject/STM/GoldenProject/ARM_CMSIS/CMSIS/DSP/Lib/GCC/libarm_cortexM4lf_math.a(arm_common_tables.o)
                0x000000000800d644                armBitRevIndexTable_fixed_128
 .rodata.armBitRevIndexTable_fixed_16
                0x000000000800d724       0x18 /home/lucie/Documents/LELEC210X/lelec210X_GroupeF/goldenProject/STM/GoldenProject/ARM_CMSIS/CMSIS/DSP/Lib/GCC/libarm_cortexM4lf_math.a(arm_common_tables.o)
                0x000000000800d724                armBitRevIndexTable_fixed_16
 .rodata.armBitRevIndexTable_fixed_2048
                0x000000000800d73c      0xf80 /home/lucie/Documents/LELEC210X/lelec210X_GroupeF/goldenProject/STM/GoldenProject/ARM_CMSIS/CMSIS/DSP/Lib/GCC/libarm_cortexM4lf_math.a(arm_common_tables.o)
                0x000000000800d73c                armBitRevIndexTable_fixed_2048
 .rodata.armBitRevIndexTable_fixed_256
                0x000000000800e6bc      0x1e0 /home/lucie/Documents/LELEC210X/lelec210X_GroupeF/goldenProject/STM/GoldenProject/ARM_CMSIS/CMSIS/DSP/Lib/GCC/libarm_cortexM4lf_math.a(arm_common_tables.o)
                0x000000000800e6bc                armBitRevIndexTable_fixed_256
 .rodata.armBitRevIndexTable_fixed_32
                0x000000000800e89c       0x30 /home/lucie/Documents/LELEC210X/lelec210X_GroupeF/goldenProject/STM/GoldenProject/ARM_CMSIS/CMSIS/DSP/Lib/GCC/libarm_cortexM4lf_math.a(arm_common_tables.o)
                0x000000000800e89c                armBitRevIndexTable_fixed_32
 .rodata.armBitRevIndexTable_fixed_4096
                0x000000000800e8cc     0x1f80 /home/lucie/Documents/LELEC210X/lelec210X_GroupeF/goldenProject/STM/GoldenProject/ARM_CMSIS/CMSIS/DSP/Lib/GCC/libarm_cortexM4lf_math.a(arm_common_tables.o)
                0x000000000800e8cc                armBitRevIndexTable_fixed_4096
 .rodata.armBitRevIndexTable_fixed_512
                0x000000000801084c      0x3c0 /home/lucie/Documents/LELEC210X/lelec210X_GroupeF/goldenProject/STM/GoldenProject/ARM_CMSIS/CMSIS/DSP/Lib/GCC/libarm_cortexM4lf_math.a(arm_common_tables.o)
                0x000000000801084c                armBitRevIndexTable_fixed_512
 .rodata.armBitRevIndexTable_fixed_64
                0x0000000008010c0c       0x70 /home/lucie/Documents/LELEC210X/lelec210X_GroupeF/goldenProject/STM/GoldenProject/ARM_CMSIS/CMSIS/DSP/Lib/GCC/libarm_cortexM4lf_math.a(arm_common_tables.o)
                0x0000000008010c0c                armBitRevIndexTable_fixed_64
 .rodata.realCoefAQ15
                0x0000000008010c7c     0x4000 /home/lucie/Documents/LELEC210X/lelec210X_GroupeF/goldenProject/STM/GoldenProject/ARM_CMSIS/CMSIS/DSP/Lib/GCC/libarm_cortexM4lf_math.a(arm_common_tables.o)
                0x0000000008010c7c                realCoefAQ15
 .rodata.realCoefBQ15
                0x0000000008014c7c     0x4000 /home/lucie/Documents/LELEC210X/lelec210X_GroupeF/goldenProject/STM/GoldenProject/ARM_CMSIS/CMSIS/DSP/Lib/GCC/libarm_cortexM4lf_math.a(arm_common_tables.o)
                0x0000000008014c7c                realCoefBQ15
 .rodata.twiddleCoef_1024_q15
                0x0000000008018c7c      0xc00 /home/lucie/Documents/LELEC210X/lelec210X_GroupeF/goldenProject/STM/GoldenProject/ARM_CMSIS/CMSIS/DSP/Lib/GCC/libarm_cortexM4lf_math.a(arm_common_tables.o)
                0x0000000008018c7c                twiddleCoef_1024_q15
 .rodata.twiddleCoef_128_q15
                0x000000000801987c      0x180 /home/lucie/Documents/LELEC210X/lelec210X_GroupeF/goldenProject/STM/GoldenProject/ARM_CMSIS/CMSIS/DSP/Lib/GCC/libarm_cortexM4lf_math.a(arm_common_tables.o)
                0x000000000801987c                twiddleCoef_128_q15
 .rodata.twiddleCoef_16_q15
                0x00000000080199fc       0x30 /home/lucie/Documents/LELEC210X/lelec210X_GroupeF/goldenProject/STM/GoldenProject/ARM_CMSIS/CMSIS/DSP/Lib/GCC/libarm_cortexM4lf_math.a(arm_common_tables.o)
                0x00000000080199fc                twiddleCoef_16_q15
 .rodata.twiddleCoef_2048_q15
                0x0000000008019a2c     0x1800 /home/lucie/Documents/LELEC210X/lelec210X_GroupeF/goldenProject/STM/GoldenProject/ARM_CMSIS/CMSIS/DSP/Lib/GCC/libarm_cortexM4lf_math.a(arm_common_tables.o)
                0x0000000008019a2c                twiddleCoef_2048_q15
 .rodata.twiddleCoef_256_q15
                0x000000000801b22c      0x300 /home/lucie/Documents/LELEC210X/lelec210X_GroupeF/goldenProject/STM/GoldenProject/ARM_CMSIS/CMSIS/DSP/Lib/GCC/libarm_cortexM4lf_math.a(arm_common_tables.o)
                0x000000000801b22c                twiddleCoef_256_q15
 .rodata.twiddleCoef_32_q15
                0x000000000801b52c       0x60 /home/lucie/Documents/LELEC210X/lelec210X_GroupeF/goldenProject/STM/GoldenProject/ARM_CMSIS/CMSIS/DSP/Lib/GCC/libarm_cortexM4lf_math.a(arm_common_tables.o)
                0x000000000801b52c                twiddleCoef_32_q15
 .rodata.twiddleCoef_4096_q15
                0x000000000801b58c     0x3000 /home/lucie/Documents/LELEC210X/lelec210X_GroupeF/goldenProject/STM/GoldenProject/ARM_CMSIS/CMSIS/DSP/Lib/GCC/libarm_cortexM4lf_math.a(arm_common_tables.o)
                0x000000000801b58c                twiddleCoef_4096_q15
 .rodata.twiddleCoef_512_q15
                0x000000000801e58c      0x600 /home/lucie/Documents/LELEC210X/lelec210X_GroupeF/goldenProject/STM/GoldenProject/ARM_CMSIS/CMSIS/DSP/Lib/GCC/libarm_cortexM4lf_math.a(arm_common_tables.o)
                0x000000000801e58c                twiddleCoef_512_q15
 .rodata.twiddleCoef_64_q15
                0x000000000801eb8c       0xc0 /home/lucie/Documents/LELEC210X/lelec210X_GroupeF/goldenProject/STM/GoldenProject/ARM_CMSIS/CMSIS/DSP/Lib/GCC/libarm_cortexM4lf_math.a(arm_common_tables.o)
                0x000000000801eb8c                twiddleCoef_64_q15
 .rodata._printf_float.str1.1
                0x000000000801ec4c       0x12 /opt/st/stm32cubeide_1.14.0/plugins/com.st.stm32cube.ide.mcu.externaltools.gnu-tools-for-stm32.11.3.rel1.linux64_1.1.100.202309141235/tools/bin/../lib/gcc/arm-none-eabi/11.3.1/../../../../arm-none-eabi/lib/thumb/v7e-m+fp/hard/libc_nano.a(libc_a-nano-vfprintf_float.o)
 .rodata._printf_i.str1.1
                0x000000000801ec5e       0x22 /opt/st/stm32cubeide_1.14.0/plugins/com.st.stm32cube.ide.mcu.externaltools.gnu-tools-for-stm32.11.3.rel1.linux64_1.1.100.202309141235/tools/bin/../lib/gcc/arm-none-eabi/11.3.1/../../../../arm-none-eabi/lib/thumb/v7e-m+fp/hard/libc_nano.a(libc_a-nano-vfprintf_i.o)
 .rodata._dtoa_r.str1.1
                0x000000000801ec80       0x8d /opt/st/stm32cubeide_1.14.0/plugins/com.st.stm32cube.ide.mcu.externaltools.gnu-tools-for-stm32.11.3.rel1.linux64_1.1.100.202309141235/tools/bin/../lib/gcc/arm-none-eabi/11.3.1/../../../../arm-none-eabi/lib/thumb/v7e-m+fp/hard/libc_nano.a(libc_a-dtoa.o)
                                         0x8f (size before relaxing)
 .rodata._Balloc.str1.1
                0x000000000801ed0d       0x59 /opt/st/stm32cubeide_1.14.0/plugins/com.st.stm32cube.ide.mcu.externaltools.gnu-tools-for-stm32.11.3.rel1.linux64_1.1.100.202309141235/tools/bin/../lib/gcc/arm-none-eabi/11.3.1/../../../../arm-none-eabi/lib/thumb/v7e-m+fp/hard/libc_nano.a(libc_a-mprec.o)
                                         0x70 (size before relaxing)
 .rodata.__multadd.str1.1
                0x000000000801ed66       0x11 /opt/st/stm32cubeide_1.14.0/plugins/com.st.stm32cube.ide.mcu.externaltools.gnu-tools-for-stm32.11.3.rel1.linux64_1.1.100.202309141235/tools/bin/../lib/gcc/arm-none-eabi/11.3.1/../../../../arm-none-eabi/lib/thumb/v7e-m+fp/hard/libc_nano.a(libc_a-mprec.o)
 *fill*         0x000000000801ed66        0x2 
 .rodata.__mprec_bigtens