Archive member included to satisfy reference by file (symbol)

C:\Users\crens\Documents\M1-Q1\LELEC210X\git\lelec210X_GroupeF\goldenProject\STM\BuildData\ARM_CMSIS\CMSIS\DSP\Lib\GCC\libarm_cortexM4lf_math.a(arm_q15_to_float.o)
                              ./Core/Src/adc_dblbuf.o (arm_q15_to_float)
C:\Users\crens\Documents\M1-Q1\LELEC210X\git\lelec210X_GroupeF\goldenProject\STM\BuildData\ARM_CMSIS\CMSIS\DSP\Lib\GCC\libarm_cortexM4lf_math.a(arm_rfft_q15.o)
                              ./Core/Src/spectrogram.o (arm_rfft_q15)
C:\Users\crens\Documents\M1-Q1\LELEC210X\git\lelec210X_GroupeF\goldenProject\STM\BuildData\ARM_CMSIS\CMSIS\DSP\Lib\GCC\libarm_cortexM4lf_math.a(arm_rfft_init_q15.o)
                              ./Core/Src/spectrogram.o (arm_rfft_init_q15)
C:\Users\crens\Documents\M1-Q1\LELEC210X\git\lelec210X_GroupeF\goldenProject\STM\BuildData\ARM_CMSIS\CMSIS\DSP\Lib\GCC\libarm_cortexM4lf_math.a(arm_mat_mult_fast_q15.o)
                              ./Core/Src/spectrogram.o (arm_mat_mult_fast_q15)
C:\Users\crens\Documents\M1-Q1\LELEC210X\git\lelec210X_GroupeF\goldenProject\STM\BuildData\ARM_CMSIS\CMSIS\DSP\Lib\GCC\libarm_cortexM4lf_math.a(arm_mat_init_q15.o)
                              ./Core/Src/spectrogram.o (arm_mat_init_q15)
C:\Users\crens\Documents\M1-Q1\LELEC210X\git\lelec210X_GroupeF\goldenProject\STM\BuildData\ARM_CMSIS\CMSIS\DSP\Lib\GCC\libarm_cortexM4lf_math.a(arm_cmplx_mag_q15.o)
                              ./Core/Src/spectrogram.o (arm_cmplx_mag_q15)
C:\Users\crens\Documents\M1-Q1\LELEC210X\git\lelec210X_GroupeF\goldenProject\STM\BuildData\ARM_CMSIS\CMSIS\DSP\Lib\GCC\libarm_cortexM4lf_math.a(arm_sqrt_q15.o)
                              C:\Users\crens\Documents\M1-Q1\LELEC210X\git\lelec210X_GroupeF\goldenProject\STM\BuildData\ARM_CMSIS\CMSIS\DSP\Lib\GCC\libarm_cortexM4lf_math.a(arm_cmplx_mag_q15.o) (arm_sqrt_q15)
C:\Users\crens\Documents\M1-Q1\LELEC210X\git\lelec210X_GroupeF\goldenProject\STM\BuildData\ARM_CMSIS\CMSIS\DSP\Lib\GCC\libarm_cortexM4lf_math.a(arm_shift_q15.o)
                              ./Core/Src/spectrogram.o (arm_shift_q15)
C:\Users\crens\Documents\M1-Q1\LELEC210X\git\lelec210X_GroupeF\goldenProject\STM\BuildData\ARM_CMSIS\CMSIS\DSP\Lib\GCC\libarm_cortexM4lf_math.a(arm_mult_q15.o)
                              ./Core/Src/spectrogram.o (arm_mult_q15)
C:\Users\crens\Documents\M1-Q1\LELEC210X\git\lelec210X_GroupeF\goldenProject\STM\BuildData\ARM_CMSIS\CMSIS\DSP\Lib\GCC\libarm_cortexM4lf_math.a(arm_const_structs.o)
                              C:\Users\crens\Documents\M1-Q1\LELEC210X\git\lelec210X_GroupeF\goldenProject\STM\BuildData\ARM_CMSIS\CMSIS\DSP\Lib\GCC\libarm_cortexM4lf_math.a(arm_rfft_init_q15.o) (arm_cfft_sR_q15_len4096)
C:\Users\crens\Documents\M1-Q1\LELEC210X\git\lelec210X_GroupeF\goldenProject\STM\BuildData\ARM_CMSIS\CMSIS\DSP\Lib\GCC\libarm_cortexM4lf_math.a(arm_common_tables.o)
                              C:\Users\crens\Documents\M1-Q1\LELEC210X\git\lelec210X_GroupeF\goldenProject\STM\BuildData\ARM_CMSIS\CMSIS\DSP\Lib\GCC\libarm_cortexM4lf_math.a(arm_rfft_init_q15.o) (realCoefBQ15)
C:\Users\crens\Documents\M1-Q1\LELEC210X\git\lelec210X_GroupeF\goldenProject\STM\BuildData\ARM_CMSIS\CMSIS\DSP\Lib\GCC\libarm_cortexM4lf_math.a(arm_cfft_q15.o)
                              C:\Users\crens\Documents\M1-Q1\LELEC210X\git\lelec210X_GroupeF\goldenProject\STM\BuildData\ARM_CMSIS\CMSIS\DSP\Lib\GCC\libarm_cortexM4lf_math.a(arm_rfft_q15.o) (arm_cfft_q15)
C:\Users\crens\Documents\M1-Q1\LELEC210X\git\lelec210X_GroupeF\goldenProject\STM\BuildData\ARM_CMSIS\CMSIS\DSP\Lib\GCC\libarm_cortexM4lf_math.a(arm_cfft_radix4_q15.o)
                              C:\Users\crens\Documents\M1-Q1\LELEC210X\git\lelec210X_GroupeF\goldenProject\STM\BuildData\ARM_CMSIS\CMSIS\DSP\Lib\GCC\libarm_cortexM4lf_math.a(arm_cfft_q15.o) (arm_radix4_butterfly_q15)
C:\Users\crens\Documents\M1-Q1\LELEC210X\git\lelec210X_GroupeF\goldenProject\STM\BuildData\ARM_CMSIS\CMSIS\DSP\Lib\GCC\libarm_cortexM4lf_math.a(arm_bitreversal2.o)
                              C:\Users\crens\Documents\M1-Q1\LELEC210X\git\lelec210X_GroupeF\goldenProject\STM\BuildData\ARM_CMSIS\CMSIS\DSP\Lib\GCC\libarm_cortexM4lf_math.a(arm_cfft_q15.o) (arm_bitreversal_16)
C:\Users\crens\Documents\M1-Q1\LELEC210X\git\lelec210X_GroupeF\goldenProject\STM\BuildData\ARM_CMSIS\CMSIS\DSP\Lib\GCC\libarm_cortexM4lf_math.a(arm_bitreversal.o)
                              C:\Users\crens\Documents\M1-Q1\LELEC210X\git\lelec210X_GroupeF\goldenProject\STM\BuildData\ARM_CMSIS\CMSIS\DSP\Lib\GCC\libarm_cortexM4lf_math.a(arm_cfft_radix4_q15.o) (arm_bitreversal_q15)
C:/ST/STM32CubeIDE_1.14.0/STM32CubeIDE/plugins/com.st.stm32cube.ide.mcu.externaltools.gnu-tools-for-stm32.11.3.rel1.win32_1.1.100.202309141235/tools/bin/../lib/gcc/arm-none-eabi/11.3.1/../../../../arm-none-eabi/lib/thumb/v7e-m+fp/hard\libc_nano.a(libc_a-exit.o)
[...]
Memory Configuration

Name             Origin             Length             Attributes
RAM              0x0000000020000000 0x0000000000050000 xrw
FLASH            0x0000000008000000 0x0000000000100000 xr
*default*        0x0000000000000000 0xffffffffffffffff

Linker script and memory map

LOAD C:/ST/STM32CubeIDE_1.14.0/STM32CubeIDE/plugins/com.st.stm32cube.ide.mcu.externaltools.gnu-tools-for-stm32.11.3.rel1.win32_1.1.100.202309141235/tools/bin/../lib/gcc/arm-none-eabi/11.3.1/thumb/v7e-m+fp/hard/crti.o
LOAD C:/ST/STM32CubeIDE_1.14.0/STM32CubeIDE/plugins/com.st.stm32cube.ide.mcu.externaltools.gnu-tools-for-stm32.11.3.rel1.win32_1.1.100.202309141235/tools/bin/../lib/gcc/arm-none-eabi/11.3.1/thumb/v7e-m+fp/hard/crtbegin.o
LOAD C:/ST/STM32CubeIDE_1.14.0/STM32CubeIDE/plugins/com.st.stm32cube.ide.mcu.externaltools.gnu-tools-for-stm32.11.3.rel1.win32_1.1.100.202309141235/tools/bin/../lib/gcc/arm-none-eabi/11.3.1/../../../../arm-none-eabi/lib/thumb/v7e-m+fp/hard/crt0.o
LOAD ./Core/Src/adc.o
LOAD ./Core/Src/adc_dblbuf.o
LOAD ./Core/Src/aes_ref.o
LOAD ./Core/Src/arm_absmax_q15.o
LOAD ./Core/Src/dma.o
LOAD ./Core/Src/eval_radio.o
LOAD ./Core/Src/gpio.o
LOAD ./Core/Src/main.o
LOAD ./Core/Src/packet.o
LOAD ./Core/Src/retarget.o
LOAD ./Core/Src/s2lp.o
LOAD ./Core/Src/spectrogram.o
LOAD ./Core/Src/spi.o
LOAD ./Core/Src/stm32l4xx_hal_msp.o
LOAD ./Core/Src/stm32l4xx_it.o
LOAD ./Core/Src/sysmem.o
LOAD ./Core/Src/system_stm32l4xx.o
LOAD ./Core/Src/tim.o
LOAD ./Core/Src/usart.o
LOAD ./Core/Src/utils.o
LOAD ./Core/Startup/startup_stm32l4a6zgtx.o
LOAD ./Drivers/STM32L4xx_HAL_Driver/Src/stm32l4xx_hal.o
LOAD ./Drivers/STM32L4xx_HAL_Driver/Src/stm32l4xx_hal_adc.o
LOAD ./Drivers/STM32L4xx_HAL_Driver/Src/stm32l4xx_hal_adc_ex.o
LOAD ./Drivers/STM32L4xx_HAL_Driver/Src/stm32l4xx_hal_cortex.o
LOAD ./Drivers/STM32L4xx_HAL_Driver/Src/stm32l4xx_hal_dma.o
LOAD ./Drivers/STM32L4xx_HAL_Driver/Src/stm32l4xx_hal_dma_ex.o
LOAD ./Drivers/STM32L4xx_HAL_Driver/Src/stm32l4xx_hal_exti.o
LOAD ./Drivers/STM32L4xx_HAL_Driver/Src/stm32l4xx_hal_flash.o
LOAD ./Drivers/STM32L4xx_HAL_Driver/Src/stm32l4xx_hal_flash_ex.o
LOAD ./Drivers/STM32L4xx_HAL_Driver/Src/stm32l4xx_hal_flash_ramfunc.o
LOAD ./Drivers/STM32L4xx_HAL_Driver/Src/stm32l4xx_hal_gpio.o
LOAD ./Drivers/STM32L4xx_HAL_Driver/Src/stm32l4xx_hal_i2c.o
LOAD ./Drivers/STM32L4xx_HAL_Driver/Src/stm32l4xx_hal_i2c_ex.o
LOAD ./Drivers/STM32L4xx_HAL_Driver/Src/stm32l4xx_hal_pwr.o
LOAD ./Drivers/STM32L4xx_HAL_Driver/Src/stm32l4xx_hal_pwr_ex.o
LOAD ./Drivers/STM32L4xx_HAL_Driver/Src/stm32l4xx_hal_rcc.o
LOAD ./Drivers/STM32L4xx_HAL_Driver/Src/stm32l4xx_hal_rcc_ex.o
LOAD ./Drivers/STM32L4xx_HAL_Driver/Src/stm32l4xx_hal_spi.o
LOAD ./Drivers/STM32L4xx_HAL_Driver/Src/stm32l4xx_hal_spi_ex.o
LOAD ./Drivers/STM32L4xx_HAL_Driver/Src/stm32l4xx_hal_tim.o
LOAD ./Drivers/STM32L4xx_HAL_Driver/Src/stm32l4xx_hal_tim_ex.o
LOAD ./Drivers/STM32L4xx_HAL_Driver/Src/stm32l4xx_hal_uart.o
LOAD ./Drivers/STM32L4xx_HAL_Driver/Src/stm32l4xx_hal_uart_ex.o
LOAD C:\Users\crens\Documents\M1-Q1\LELEC210X\git\lelec210X_GroupeF\goldenProject\STM\BuildData\ARM_CMSIS\CMSIS\DSP\Lib\GCC\libarm_cortexM4lf_math.a
START GROUP
LOAD C:/ST/STM32CubeIDE_1.14.0/STM32CubeIDE/plugins/com.st.stm32cube.ide.mcu.externaltools.gnu-tools-for-stm32.11.3.rel1.win32_1.1.100.202309141235/tools/bin/../lib/gcc/arm-none-eabi/11.3.1/../../../../arm-none-eabi/lib/thumb/v7e-m+fp/hard\libc_nano.a
LOAD C:/ST/STM32CubeIDE_1.14.0/STM32CubeIDE/plugins/com.st.stm32cube.ide.mcu.externaltools.gnu-tools-for-stm32.11.3.rel1.win32_1.1.100.202309141235/tools/bin/../lib/gcc/arm-none-eabi/11.3.1/../../../../arm-none-eabi/lib/thumb/v7e-m+fp/hard\libm.a
END GROUP
START GROUP
LOAD C:/ST/STM32CubeIDE_1.14.0/STM32CubeIDE/plugins/com.st.stm32cube.ide.mcu.externaltools.gnu-tools-for-stm32.11.3.rel1.win32_1.1.100.202309141235/tools/bin/../lib/gcc/arm-none-eabi/11.3.1/thumb/v7e-m+fp/hard\libgcc.a
LOAD C:/ST/STM32CubeIDE_1.14.0/STM32CubeIDE/plugins/com.st.stm32cube.ide.mcu.externaltools.gnu-tools-for-stm32.11.3.rel1.win32_1.1.100.202309141235/tools/bin/../lib/gcc/arm-none-eabi/11.3.1/../../../../arm-none-eabi/lib/thumb/v7e-m+fp/hard\libc_nano.a
END GROUP
START GROUP
LOAD C:/ST/STM32CubeIDE_1.14.0/STM32CubeIDE/plugins/com.st.stm32cube.ide.mcu.externaltools.gnu-tools-for-stm32.11.3.rel1.win32_1.1.100.202309141235/tools/bin/../lib/gcc/arm-none-eabi/11.3.1/thumb/v7e-m+fp/hard\libgcc.a
LOAD C:/ST/STM32CubeIDE_1.14.0/STM32CubeIDE/plugins/com.st.stm32cube.ide.mcu.externaltools.gnu-tools-for-stm32.11.3.rel1.win32_1.1.100.202309141235/tools/bin/../lib/gcc/arm-none-eabi/11.3.1/../../../../arm-none-eabi/lib/thumb/v7e-m+fp/hard\libc_nano.a
LOAD C:/ST/STM32CubeIDE_1.14.0/STM32CubeIDE/plugins/com.st.stm32cube.ide.mcu.externaltools.gnu-tools-for-stm32.11.3.rel1.win32_1.1.100.202309141235/tools/bin/../lib/gcc/arm-none-eabi/11.3.1/../../../../arm-none-eabi/lib/thumb/v7e-m+fp/hard\libnosys.a
END GROUP
START GROUP
LOAD C:/ST/STM32CubeIDE_1.14.0/STM32CubeIDE/plugins/com.st.stm32cube.ide.mcu.externaltools.gnu-tools-for-stm32.11.3.rel1.win32_1.1.100.202309141235/tools/bin/../lib/gcc/arm-none-eabi/11.3.1/thumb/v7e-m+fp/hard\libgcc.a
LOAD C:/ST/STM32CubeIDE_1.14.0/STM32CubeIDE/plugins/com.st.stm32cube.ide.mcu.externaltools.gnu-tools-for-stm32.11.3.rel1.win32_1.1.100.202309141235/tools/bin/../lib/gcc/arm-none-eabi/11.3.1/../../../../arm-none-eabi/lib/thumb/v7e-m+fp/hard\libc_nano.a
LOAD C:/ST/STM32CubeIDE_1.14.0/STM32CubeIDE/plugins/com.st.stm32cube.ide.mcu.externaltools.gnu-tools-for-stm32.11.3.rel1.win32_1.1.100.202309141235/tools/bin/../lib/gcc/arm-none-eabi/11.3.1/../../../../arm-none-eabi/lib/thumb/v7e-m+fp/hard\libnosys.a
END GROUP
LOAD C:/ST/STM32CubeIDE_1.14.0/STM32CubeIDE/plugins/com.st.stm32cube.ide.mcu.externaltools.gnu-tools-for-stm32.11.3.rel1.win32_1.1.100.202309141235/tools/bin/../lib/gcc/arm-none-eabi/11.3.1/thumb/v7e-m+fp/hard/crtend.o
LOAD C:/ST/STM32CubeIDE_1.14.0/STM32CubeIDE/plugins/com.st.stm32cube.ide.mcu.externaltools.gnu-tools-for-stm32.11.3.rel1.win32_1.1.100.202309141235/tools/bin/../lib/gcc/arm-none-eabi/11.3.1/thumb/v7e-m+fp/hard/crtn.o
                0x0000000020050000                _estack = (ORIGIN (RAM) + LENGTH (RAM))
                0x0000000000000200                _Min_Heap_Size = 0x200
                0x0000000000000400                _Min_Stack_Size = 0x400

.isr_vector     0x0000000008000000      0x1ac
                0x0000000008000000                . = ALIGN (0x4)
 *(.isr_vector)
 .isr_vector    0x0000000008000000      0x1ac ./Core/Startup/startup_stm32l4a6zgtx.o
                0x0000000008000000                g_pfnVectors
                0x00000000080001ac                . = ALIGN (0x4)

.text           0x00000000080001b0     0xd8b8
                0x00000000080001b0                . = ALIGN (0x4)
 *(.text)
 .text          0x00000000080001b0       0x40 C:/ST/STM32CubeIDE_1.14.0/STM32CubeIDE/plugins/com.st.stm32cube.ide.mcu.externaltools.gnu-tools-for-stm32.11.3.rel1.win32_1.1.100.202309141235/tools/bin/../lib/gcc/arm-none-eabi/11.3.1/thumb/v7e-m+fp/hard/crtbegin.o
 .text          0x00000000080001f0       0xa0 C:/ST/STM32CubeIDE_1.14.0/STM32CubeIDE/plugins/com.st.stm32cube.ide.mcu.externaltools.gnu-tools-for-stm32.11.3.rel1.win32_1.1.100.202309141235/tools/bin/../lib/gcc/arm-none-eabi/11.3.1/../../../../arm-none-eabi/lib/thumb/v7e-m+fp/hard\libc_nano.a(libc_a-memchr.o)
                0x00000000080001f0                memchr
 .text          0x0000000008000290       0x10 C:/ST/STM32CubeIDE_1.14.0/STM32CubeIDE/plugins/com.st.stm32cube.ide.mcu.externaltools.gnu-tools-for-stm32.11.3.rel1.win32_1.1.100.202309141235/tools/bin/../lib/gcc/arm-none-eabi/11.3.1/../../../../arm-none-eabi/lib/thumb/v7e-m+fp/hard\libc_nano.a(libc_a-strlen.o)
                0x0000000008000290                strlen
 .text          0x00000000080002a0      0x378 C:/ST/STM32CubeIDE_1.14.0/STM32CubeIDE/plugins/com.st.stm32cube.ide.mcu.externaltools.gnu-tools-for-stm32.11.3.rel1.win32_1.1.100.202309141235/tools/bin/../lib/gcc/arm-none-eabi/11.3.1/thumb/v7e-m+fp/hard\libgcc.a(_arm_addsubdf3.o)
                0x00000000080002a0                __aeabi_drsub
                0x00000000080002a8                __aeabi_dsub
                0x00000000080002a8                __subdf3
                0x00000000080002ac                __aeabi_dadd
                0x00000000080002ac                __adddf3
                0x0000000008000524                __floatunsidf
                0x0000000008000524                __aeabi_ui2d
                0x0000000008000544                __floatsidf
                0x0000000008000544                __aeabi_i2d
                0x0000000008000568                __aeabi_f2d
                0x0000000008000568                __extendsfdf2
                0x00000000080005ac                __floatundidf
                0x00000000080005ac                __aeabi_ul2d
                0x00000000080005bc                __floatdidf
                0x00000000080005bc                __aeabi_l2d
 .text          0x0000000008000618      0x424 C:/ST/STM32CubeIDE_1.14.0/STM32CubeIDE/plugins/com.st.stm32cube.ide.mcu.externaltools.gnu-tools-for-stm32.11.3.rel1.win32_1.1.100.202309141235/tools/bin/../lib/gcc/arm-none-eabi/11.3.1/thumb/v7e-m+fp/hard\libgcc.a(_arm_muldivdf3.o)
                0x0000000008000618                __aeabi_dmul
                0x0000000008000618                __muldf3
                0x000000000800086c                __divdf3
                0x000000000800086c                __aeabi_ddiv
 .text          0x0000000008000a3c      0x110 C:/ST/STM32CubeIDE_1.14.0/STM32CubeIDE/plugins/com.st.stm32cube.ide.mcu.externaltools.gnu-tools-for-stm32.11.3.rel1.win32_1.1.100.202309141235/tools/bin/../lib/gcc/arm-none-eabi/11.3.1/thumb/v7e-m+fp/hard\libgcc.a(_arm_cmpdf2.o)
                0x0000000008000a3c                __gtdf2
                0x0000000008000a3c                __gedf2
                0x0000000008000a44                __ltdf2
                0x0000000008000a44                __ledf2
                0x0000000008000a4c                __nedf2
                0x0000000008000a4c                __eqdf2
                0x0000000008000a4c                __cmpdf2
                0x0000000008000ac8                __aeabi_cdrcmple
                0x0000000008000ad8                __aeabi_cdcmpeq
                0x0000000008000ad8                __aeabi_cdcmple
                0x0000000008000ae8                __aeabi_dcmpeq
                0x0000000008000afc                __aeabi_dcmplt
                0x0000000008000b10                __aeabi_dcmple
                0x0000000008000b24                __aeabi_dcmpge
                0x0000000008000b38                __aeabi_dcmpgt
 .text          0x0000000008000b4c       0x2c C:/ST/STM32CubeIDE_1.14.0/STM32CubeIDE/plugins/com.st.stm32cube.ide.mcu.externaltools.gnu-tools-for-stm32.11.3.rel1.win32_1.1.100.202309141235/tools/bin/../lib/gcc/arm-none-eabi/11.3.1/thumb/v7e-m+fp/hard\libgcc.a(_arm_unorddf2.o)
                0x0000000008000b4c                __unorddf2
                0x0000000008000b4c                __aeabi_dcmpun
 .text          0x0000000008000b78       0x50 C:/ST/STM32CubeIDE_1.14.0/STM32CubeIDE/plugins/com.st.stm32cube.ide.mcu.externaltools.gnu-tools-for-stm32.11.3.rel1.win32_1.1.100.202309141235/tools/bin/../lib/gcc/arm-none-eabi/11.3.1/thumb/v7e-m+fp/hard\libgcc.a(_arm_fixdfsi.o)
                0x0000000008000b78                __aeabi_d2iz
                0x0000000008000b78                __fixdfsi
 .text          0x0000000008000bc8       0x30 C:/ST/STM32CubeIDE_1.14.0/STM32CubeIDE/plugins/com.st.stm32cube.ide.mcu.externaltools.gnu-tools-for-stm32.11.3.rel1.win32_1.1.100.202309141235/tools/bin/../lib/gcc/arm-none-eabi/11.3.1/thumb/v7e-m+fp/hard\libgcc.a(_aeabi_uldivmod.o)
                0x0000000008000bc8                __aeabi_uldivmod
 .text          0x0000000008000bf8      0x2c8 C:/ST/STM32CubeIDE_1.14.0/STM32CubeIDE/plugins/com.st.stm32cube.ide.mcu.externaltools.gnu-tools-for-stm32.11.3.rel1.win32_1.1.100.202309141235/tools/bin/../lib/gcc/arm-none-eabi/11.3.1/thumb/v7e-m+fp/hard\libgcc.a(_udivmoddi4.o)
                0x0000000008000bf8                __udivmoddi4
 .text          0x0000000008000ec0        0x4 C:/ST/STM32CubeIDE_1.14.0/STM32CubeIDE/plugins/com.st.stm32cube.ide.mcu.externaltools.gnu-tools-for-stm32.11.3.rel1.win32_1.1.100.202309141235/tools/bin/../lib/gcc/arm-none-eabi/11.3.1/thumb/v7e-m+fp/hard\libgcc.a(_dvmd_tls.o)
                0x0000000008000ec0                __aeabi_idiv0
                0x0000000008000ec0                __aeabi_ldiv0
 *(.text*)
 .text.MX_ADC1_Init
                0x0000000008000ec4       0xf4 ./Core/Src/adc.o
                0x0000000008000ec4                MX_ADC1_Init
 .text.HAL_ADC_MspInit
                0x0000000008000fb8      0x110 ./Core/Src/adc.o
                0x0000000008000fb8                HAL_ADC_MspInit
 .text.q15_to_float
                0x00000000080010c8       0x28 ./Core/Src/adc_dblbuf.o
 .text.StartADCAcq
                0x00000000080010f0       0x48 ./Core/Src/adc_dblbuf.o
                0x00000000080010f0                StartADCAcq
 .text.IsADCFinished
                0x0000000008001138       0x20 ./Core/Src/adc_dblbuf.o
                0x0000000008001138                IsADCFinished
 .text.StopADCAcq
                0x0000000008001158       0x14 ./Core/Src/adc_dblbuf.o
 .text.print_spectrogram
                0x000000000800116c       0xd0 ./Core/Src/adc_dblbuf.o
 .text.encode_packet
                0x000000000800123c       0xd0 ./Core/Src/adc_dblbuf.o
 .text.send_spectrogram
                0x000000000800130c       0x48 ./Core/Src/adc_dblbuf.o
 .text.ADC_Callback
                0x0000000008001354       0xd8 ./Core/Src/adc_dblbuf.o
 .text.HAL_ADC_ConvCpltCallback
                0x000000000800142c       0x16 ./Core/Src/adc_dblbuf.o
                0x000000000800142c                HAL_ADC_ConvCpltCallback
 .text.HAL_ADC_ConvHalfCpltCallback
                0x0000000008001442       0x16 ./Core/Src/adc_dblbuf.o
                0x0000000008001442                HAL_ADC_ConvHalfCpltCallback
 .text.mul      0x0000000008001458       0x64 ./Core/Src/aes_ref.o
                0x0000000008001458                mul
 .text.AddRoundKey
                0x00000000080014bc       0x6e ./Core/Src/aes_ref.o
                0x00000000080014bc                AddRoundKey
 .text.SubBytes
                0x000000000800152a       0x64 ./Core/Src/aes_ref.o
                0x000000000800152a                SubBytes
 *fill*         0x000000000800158e        0x2 
 .text.ShiftRows
                0x0000000008001590      0x140 ./Core/Src/aes_ref.o
                0x0000000008001590                ShiftRows
 .text.MixColumns
                0x00000000080016d0      0x11a ./Core/Src/aes_ref.o
                0x00000000080016d0                MixColumns
 *fill*         0x00000000080017ea        0x2 
 .text.KeyExpansion
                0x00000000080017ec      0x338 ./Core/Src/aes_ref.o
                0x00000000080017ec                KeyExpansion
 .text.Encrypt  0x0000000008001b24       0x7c ./Core/Src/aes_ref.o
                0x0000000008001b24                Encrypt
 .text.AES128_encrypt
                0x0000000008001ba0      0x14c ./Core/Src/aes_ref.o
                0x0000000008001ba0                AES128_encrypt
 .text.arm_absmax_q15
                0x0000000008001cec      0x22e ./Core/Src/arm_absmax_q15.o
                0x0000000008001cec                arm_absmax_q15
 *fill*         0x0000000008001f1a        0x2 
 .text.MX_DMA_Init
                0x0000000008001f1c       0x3c ./Core/Src/dma.o
                0x0000000008001f1c                MX_DMA_Init
 .text.MX_GPIO_Init
                0x0000000008001f58      0x334 ./Core/Src/gpio.o
                0x0000000008001f58                MX_GPIO_Init
 .text.HAL_GPIO_EXTI_Callback
                0x000000000800228c       0x30 ./Core/Src/main.o
                0x000000000800228c                HAL_GPIO_EXTI_Callback
 .text.acquire_and_send_packet
                0x00000000080022bc       0x30 ./Core/Src/main.o
 .text.run      0x00000000080022ec       0x24 ./Core/Src/main.o
                0x00000000080022ec                run
 .text.main     0x0000000008002310       0xb8 ./Core/Src/main.o
                0x0000000008002310                main
 .text.SystemClock_Config
                0x00000000080023c8       0x8c ./Core/Src/main.o
                0x00000000080023c8                SystemClock_Config
 .text.Error_Handler
                0x0000000008002454       0x78 ./Core/Src/main.o
                0x0000000008002454                Error_Handler
 .text.tag_cbc_mac
                0x00000000080024cc      0x180 ./Core/Src/packet.o
                0x00000000080024cc                tag_cbc_mac
 .text.make_packet
                0x000000000800264c       0x86 ./Core/Src/packet.o
                0x000000000800264c                make_packet
 *fill*         0x00000000080026d2        0x2 
 .text.RetargetInit
                0x00000000080026d4       0x30 ./Core/Src/retarget.o
                0x00000000080026d4                RetargetInit
 .text._isatty  0x0000000008002704       0x2c ./Core/Src/retarget.o
                0x0000000008002704                _isatty
 .text._write   0x0000000008002730       0x58 ./Core/Src/retarget.o
                0x0000000008002730                _write
 .text._close   0x0000000008002788       0x2e ./Core/Src/retarget.o
                0x0000000008002788                _close
 .text._lseek   0x00000000080027b6       0x22 ./Core/Src/retarget.o
                0x00000000080027b6                _lseek
 .text._read    0x00000000080027d8       0x50 ./Core/Src/retarget.o
                0x00000000080027d8                _read
 .text._fstat   0x0000000008002828       0x36 ./Core/Src/retarget.o
                0x0000000008002828                _fstat
 *fill*         0x000000000800285e        0x2 
 .text.S2LP_Command
                0x0000000008002860       0x64 ./Core/Src/s2lp.o
                0x0000000008002860                S2LP_Command
 .text.S2LP_ReadReg
                0x00000000080028c4       0x7c ./Core/Src/s2lp.o
                0x00000000080028c4                S2LP_ReadReg
 .text.S2LP_WriteReg
                0x0000000008002940       0x74 ./Core/Src/s2lp.o
                0x0000000008002940                S2LP_WriteReg
 .text.S2LP_WriteTxFIFO
                0x00000000080029b4       0x88 ./Core/Src/s2lp.o
                0x00000000080029b4                S2LP_WriteTxFIFO
 .text.S2LP_Send
                0x0000000008002a3c      0x1e0 ./Core/Src/s2lp.o
                0x0000000008002a3c                S2LP_Send
 .text.S2LP_PrintStatus
                0x0000000008002c1c      0x200 ./Core/Src/s2lp.o
                0x0000000008002c1c                S2LP_PrintStatus
 *fill*         0x0000000008002e1c        0x4 
 .text.S2LP_PLLConf
                0x0000000008002e20      0x23c ./Core/Src/s2lp.o
                0x0000000008002e20                S2LP_PLLConf
 .text.ComputeDatarate
                0x000000000800305c      0x11c ./Core/Src/s2lp.o
                0x000000000800305c                ComputeDatarate
 .text.SearchDatarateME
                0x0000000008003178      0x2b4 ./Core/Src/s2lp.o
                0x0000000008003178                SearchDatarateME
 .text.ComputeFreqDeviation
                0x000000000800342c       0xfc ./Core/Src/s2lp.o
                0x000000000800342c                ComputeFreqDeviation
 .text.SearchFreqDevME
                0x0000000008003528      0x254 ./Core/Src/s2lp.o
                0x0000000008003528                SearchFreqDevME
 .text.S2LP_SetModulation
                0x000000000800377c       0x80 ./Core/Src/s2lp.o
                0x000000000800377c                S2LP_SetModulation
 .text.S2LP_SetPALeveldBm
                0x00000000080037fc       0x54 ./Core/Src/s2lp.o
                0x00000000080037fc                S2LP_SetPALeveldBm
 .text.S2LP_Init
                0x0000000008003850      0x144 ./Core/Src/s2lp.o
                0x0000000008003850                S2LP_Init
 .text.S2LP_IRQ_Handler
                0x0000000008003994       0x64 ./Core/Src/s2lp.o
                0x0000000008003994                S2LP_IRQ_Handler
 .text.Spectrogram_Format
                0x00000000080039f8       0x54 ./Core/Src/spectrogram.o
                0x00000000080039f8                Spectrogram_Format
 .text.Spectrogram_Compute
                0x0000000008003a4c      0x114 ./Core/Src/spectrogram.o
                0x0000000008003a4c                Spectrogram_Compute
 .text.MX_SPI1_Init
                0x0000000008003b60       0x7c ./Core/Src/spi.o
                0x0000000008003b60                MX_SPI1_Init
 .text.HAL_SPI_MspInit
                0x0000000008003bdc       0xc4 ./Core/Src/spi.o
                0x0000000008003bdc                HAL_SPI_MspInit
 .text.HAL_MspInit
                0x0000000008003ca0       0x48 ./Core/Src/stm32l4xx_hal_msp.o
                0x0000000008003ca0                HAL_MspInit
 .text.NMI_Handler
                0x0000000008003ce8        0x6 ./Core/Src/stm32l4xx_it.o
                0x0000000008003ce8                NMI_Handler
 .text.HardFault_Handler
                0x0000000008003cee        0x6 ./Core/Src/stm32l4xx_it.o
                0x0000000008003cee                HardFault_Handler
 .text.MemManage_Handler
                0x0000000008003cf4        0x6 ./Core/Src/stm32l4xx_it.o
                0x0000000008003cf4                MemManage_Handler
 .text.BusFault_Handler
                0x0000000008003cfa        0x6 ./Core/Src/stm32l4xx_it.o
                0x0000000008003cfa                BusFault_Handler
 .text.UsageFault_Handler
                0x0000000008003d00        0x6 ./Core/Src/stm32l4xx_it.o
                0x0000000008003d00                UsageFault_Handler
 .text.SVC_Handler
                0x0000000008003d06        0xe ./Core/Src/stm32l4xx_it.o
                0x0000000008003d06                SVC_Handler
 .text.DebugMon_Handler
                0x0000000008003d14        0xe ./Core/Src/stm32l4xx_it.o
                0x0000000008003d14                DebugMon_Handler
 .text.PendSV_Handler
                0x0000000008003d22        0xe ./Core/Src/stm32l4xx_it.o
                0x0000000008003d22                PendSV_Handler
 .text.SysTick_Handler
                0x0000000008003d30        0xc ./Core/Src/stm32l4xx_it.o
                0x0000000008003d30                SysTick_Handler
 .text.EXTI3_IRQHandler
                0x0000000008003d3c        0xe ./Core/Src/stm32l4xx_it.o
                0x0000000008003d3c                EXTI3_IRQHandler
 *fill*         0x0000000008003d4a        0x2 
 .text.DMA1_Channel1_IRQHandler
                0x0000000008003d4c       0x14 ./Core/Src/stm32l4xx_it.o
                0x0000000008003d4c                DMA1_Channel1_IRQHandler
 .text.TIM3_IRQHandler
                0x0000000008003d60       0x14 ./Core/Src/stm32l4xx_it.o
                0x0000000008003d60                TIM3_IRQHandler
 .text.EXTI15_10_IRQHandler
                0x0000000008003d74       0x10 ./Core/Src/stm32l4xx_it.o
                0x0000000008003d74                EXTI15_10_IRQHandler
 .text._sbrk    0x0000000008003d84       0x6c ./Core/Src/sysmem.o
                0x0000000008003d84                _sbrk
 .text.SystemInit
                0x0000000008003df0       0x64 ./Core/Src/system_stm32l4xx.o
                0x0000000008003df0                SystemInit
 .text.MX_TIM3_Init
                0x0000000008003e54       0x9c ./Core/Src/tim.o
                0x0000000008003e54                MX_TIM3_Init
 .text.HAL_TIM_Base_MspInit
                0x0000000008003ef0       0x4c ./Core/Src/tim.o
                0x0000000008003ef0                HAL_TIM_Base_MspInit
 .text.MX_LPUART1_UART_Init
                0x0000000008003f3c       0x58 ./Core/Src/usart.o
                0x0000000008003f3c                MX_LPUART1_UART_Init
 .text.HAL_UART_MspInit
                0x0000000008003f94       0xc4 ./Core/Src/usart.o
                0x0000000008003f94                HAL_UART_MspInit
 .text.start_cycle_count
                0x0000000008004058        0xe ./Core/Src/utils.o
                0x0000000008004058                start_cycle_count
 .text.stop_cycle_count
                0x0000000008004066       0x14 ./Core/Src/utils.o
                0x0000000008004066                stop_cycle_count
 *fill*         0x000000000800407a        0x2 
 .text.hex_encode
                0x000000000800407c       0x78 ./Core/Src/utils.o
                0x000000000800407c                hex_encode
 .text.Reset_Handler
                0x00000000080040f4       0x50 ./Core/Startup/startup_stm32l4a6zgtx.o
                0x00000000080040f4                Reset_Handler
 .text.Default_Handler
                0x0000000008004144        0x2 ./Core/Startup/startup_stm32l4a6zgtx.o
                0x0000000008004144                RTC_Alarm_IRQHandler
                0x0000000008004144                HASH_RNG_IRQHandler
                0x0000000008004144                EXTI2_IRQHandler
                0x0000000008004144                TIM8_TRG_COM_IRQHandler
                0x0000000008004144                TIM8_CC_IRQHandler
                0x0000000008004144                TIM1_CC_IRQHandler
                0x0000000008004144                TSC_IRQHandler
                0x0000000008004144                TAMP_STAMP_IRQHandler
                0x0000000008004144                CAN2_RX1_IRQHandler
                0x0000000008004144                LPTIM2_IRQHandler
                0x0000000008004144                DFSDM1_FLT1_IRQHandler
                0x0000000008004144                I2C3_ER_IRQHandler
                0x0000000008004144                DFSDM1_FLT2_IRQHandler
                0x0000000008004144                EXTI0_IRQHandler
                0x0000000008004144                I2C2_EV_IRQHandler
                0x0000000008004144                CAN1_RX0_IRQHandler
                0x0000000008004144                FPU_IRQHandler
                0x0000000008004144                TIM1_UP_TIM16_IRQHandler
                0x0000000008004144                CAN2_SCE_IRQHandler
                0x0000000008004144                ADC1_2_IRQHandler
                0x0000000008004144                SPI1_IRQHandler
                0x0000000008004144                TIM6_DAC_IRQHandler
                0x0000000008004144                DCMI_IRQHandler
                0x0000000008004144                CAN2_RX0_IRQHandler
                0x0000000008004144                TIM8_UP_IRQHandler
                0x0000000008004144                DMA2_Channel2_IRQHandler
                0x0000000008004144                DMA1_Channel4_IRQHandler
                0x0000000008004144                SAI2_IRQHandler
                0x0000000008004144                DFSDM1_FLT3_IRQHandler
                0x0000000008004144                USART3_IRQHandler
                0x0000000008004144                DMA1_Channel7_IRQHandler
                0x0000000008004144                CAN1_RX1_IRQHandler
                0x0000000008004144                LCD_IRQHandler
                0x0000000008004144                UART5_IRQHandler
                0x0000000008004144                ADC3_IRQHandler
                0x0000000008004144                TIM4_IRQHandler
                0x0000000008004144                DMA2_Channel1_IRQHandler
                0x0000000008004144                QUADSPI_IRQHandler
                0x0000000008004144                I2C1_EV_IRQHandler
                0x0000000008004144                DMA1_Channel6_IRQHandler
                0x0000000008004144                UART4_IRQHandler
                0x0000000008004144                DMA2_Channel4_IRQHandler
                0x0000000008004144                RCC_IRQHandler
                0x0000000008004144                Default_Handler
                0x0000000008004144                DMA2_Channel7_IRQHandler
                0x0000000008004144                TIM7_IRQHandler
                0x0000000008004144                SDMMC1_IRQHandler
                0x0000000008004144                CAN2_TX_IRQHandler
                0x0000000008004144                TIM5_IRQHandler
                0x0000000008004144                I2C3_EV_IRQHandler
                0x0000000008004144                EXTI9_5_IRQHandler
                0x0000000008004144                RTC_WKUP_IRQHandler
                0x0000000008004144                PVD_PVM_IRQHandler
                0x0000000008004144                SPI2_IRQHandler
                0x0000000008004144                CAN1_TX_IRQHandler
                0x0000000008004144                DMA2_Channel5_IRQHandler
                0x0000000008004144                CRS_IRQHandler
                0x0000000008004144                DMA1_Channel5_IRQHandler
                0x0000000008004144                EXTI4_IRQHandler
                0x0000000008004144                TIM1_TRG_COM_TIM17_IRQHandler
                0x0000000008004144                DMA1_Channel3_IRQHandler
                0x0000000008004144                COMP_IRQHandler
                0x0000000008004144                WWDG_IRQHandler
                0x0000000008004144                I2C4_EV_IRQHandler
                0x0000000008004144                LPUART1_IRQHandler
                0x0000000008004144                DMA2_Channel6_IRQHandler
                0x0000000008004144                TIM2_IRQHandler
                0x0000000008004144                DMA2D_IRQHandler
                0x0000000008004144                EXTI1_IRQHandler
                0x0000000008004144                AES_IRQHandler
                0x0000000008004144                USART2_IRQHandler
                0x0000000008004144                DFSDM1_FLT0_IRQHandler
                0x0000000008004144                I2C2_ER_IRQHandler
                0x0000000008004144                DMA1_Channel2_IRQHandler
                0x0000000008004144                TIM8_BRK_IRQHandler
                0x0000000008004144                CAN1_SCE_IRQHandler
                0x0000000008004144                FLASH_IRQHandler
                0x0000000008004144                USART1_IRQHandler
                0x0000000008004144                OTG_FS_IRQHandler
                0x0000000008004144                SPI3_IRQHandler
                0x0000000008004144                I2C1_ER_IRQHandler
                0x0000000008004144                FMC_IRQHandler
                0x0000000008004144                SWPMI1_IRQHandler
                0x0000000008004144                LPTIM1_IRQHandler
                0x0000000008004144                I2C4_ER_IRQHandler
                0x0000000008004144                SAI1_IRQHandler
                0x0000000008004144                DMA2_Channel3_IRQHandler
                0x0000000008004144                TIM1_BRK_TIM15_IRQHandler
 .text.HAL_Init
                0x0000000008004146       0x30 ./Drivers/STM32L4xx_HAL_Driver/Src/stm32l4xx_hal.o
                0x0000000008004146                HAL_Init
 *fill*         0x0000000008004176        0x2 
 .text.HAL_InitTick
                0x0000000008004178       0x78 ./Drivers/STM32L4xx_HAL_Driver/Src/stm32l4xx_hal.o
                0x0000000008004178                HAL_InitTick
 .text.HAL_IncTick
                0x00000000080041f0       0x28 ./Drivers/STM32L4xx_HAL_Driver/Src/stm32l4xx_hal.o
                0x00000000080041f0                HAL_IncTick
 .text.HAL_GetTick
                0x0000000008004218       0x18 ./Drivers/STM32L4xx_HAL_Driver/Src/stm32l4xx_hal.o
                0x0000000008004218                HAL_GetTick
 .text.LL_ADC_SetCommonClock
                0x0000000008004230       0x26 ./Drivers/STM32L4xx_HAL_Driver/Src/stm32l4xx_hal_adc.o
 .text.LL_ADC_SetCommonPathInternalCh
                0x0000000008004256       0x26 ./Drivers/STM32L4xx_HAL_Driver/Src/stm32l4xx_hal_adc.o
 .text.LL_ADC_GetCommonPathInternalCh
                0x000000000800427c       0x1c ./Drivers/STM32L4xx_HAL_Driver/Src/stm32l4xx_hal_adc.o
 .text.LL_ADC_SetOffset
                0x0000000008004298       0x48 ./Drivers/STM32L4xx_HAL_Driver/Src/stm32l4xx_hal_adc.o
 .text.LL_ADC_GetOffsetChannel
                0x00000000080042e0       0x2c ./Drivers/STM32L4xx_HAL_Driver/Src/stm32l4xx_hal_adc.o
 .text.LL_ADC_SetOffsetState
                0x000000000800430c       0x36 ./Drivers/STM32L4xx_HAL_Driver/Src/stm32l4xx_hal_adc.o
 .text.LL_ADC_SetSamplingTimeCommonConfig
                0x0000000008004342       0x26 ./Drivers/STM32L4xx_HAL_Driver/Src/stm32l4xx_hal_adc.o
 .text.LL_ADC_REG_IsTriggerSourceSWStart
                0x0000000008004368       0x26 ./Drivers/STM32L4xx_HAL_Driver/Src/stm32l4xx_hal_adc.o
 .text.LL_ADC_REG_SetSequencerRanks
                0x000000000800438e       0x58 ./Drivers/STM32L4xx_HAL_Driver/Src/stm32l4xx_hal_adc.o
 .text.LL_ADC_SetChannelSamplingTime
                0x00000000080043e6       0x56 ./Drivers/STM32L4xx_HAL_Driver/Src/stm32l4xx_hal_adc.o
 .text.LL_ADC_SetChannelSingleDiff
                0x000000000800443c       0x48 ./Drivers/STM32L4xx_HAL_Driver/Src/stm32l4xx_hal_adc.o
 .text.LL_ADC_GetMultimode
                0x0000000008004484       0x1c ./Drivers/STM32L4xx_HAL_Driver/Src/stm32l4xx_hal_adc.o
 .text.LL_ADC_DisableDeepPowerDown
                0x00000000080044a0       0x24 ./Drivers/STM32L4xx_HAL_Driver/Src/stm32l4xx_hal_adc.o
 .text.LL_ADC_IsDeepPowerDownEnabled
                0x00000000080044c4       0x28 ./Drivers/STM32L4xx_HAL_Driver/Src/stm32l4xx_hal_adc.o
 .text.LL_ADC_EnableInternalRegulator
                0x00000000080044ec       0x28 ./Drivers/STM32L4xx_HAL_Driver/Src/stm32l4xx_hal_adc.o
 .text.LL_ADC_IsInternalRegulatorEnabled
                0x0000000008004514       0x28 ./Drivers/STM32L4xx_HAL_Driver/Src/stm32l4xx_hal_adc.o
 .text.LL_ADC_Enable
                0x000000000800453c       0x28 ./Drivers/STM32L4xx_HAL_Driver/Src/stm32l4xx_hal_adc.o
 .text.LL_ADC_Disable
                0x0000000008004564       0x28 ./Drivers/STM32L4xx_HAL_Driver/Src/stm32l4xx_hal_adc.o
 .text.LL_ADC_IsEnabled
                0x000000000800458c       0x26 ./Drivers/STM32L4xx_HAL_Driver/Src/stm32l4xx_hal_adc.o
 .text.LL_ADC_IsDisableOngoing
                0x00000000080045b2       0x26 ./Drivers/STM32L4xx_HAL_Driver/Src/stm32l4xx_hal_adc.o
 .text.LL_ADC_REG_StartConversion
                0x00000000080045d8       0x28 ./Drivers/STM32L4xx_HAL_Driver/Src/stm32l4xx_hal_adc.o
 .text.LL_ADC_REG_StopConversion
                0x0000000008004600       0x28 ./Drivers/STM32L4xx_HAL_Driver/Src/stm32l4xx_hal_adc.o
 .text.LL_ADC_REG_IsConversionOngoing
                0x0000000008004628       0x26 ./Drivers/STM32L4xx_HAL_Driver/Src/stm32l4xx_hal_adc.o
 .text.LL_ADC_INJ_StopConversion
                0x000000000800464e       0x28 ./Drivers/STM32L4xx_HAL_Driver/Src/stm32l4xx_hal_adc.o
 .text.LL_ADC_INJ_IsConversionOngoing
                0x0000000008004676       0x26 ./Drivers/STM32L4xx_HAL_Driver/Src/stm32l4xx_hal_adc.o
 .text.HAL_ADC_Init
                0x000000000800469c      0x2a8 ./Drivers/STM32L4xx_HAL_Driver/Src/stm32l4xx_hal_adc.o
                0x000000000800469c                HAL_ADC_Init
 .text.HAL_ADC_Start_DMA
                0x0000000008004944      0x178 ./Drivers/STM32L4xx_HAL_Driver/Src/stm32l4xx_hal_adc.o
                0x0000000008004944                HAL_ADC_Start_DMA
 .text.HAL_ADC_Stop_DMA
                0x0000000008004abc       0xc2 ./Drivers/STM32L4xx_HAL_Driver/Src/stm32l4xx_hal_adc.o
                0x0000000008004abc                HAL_ADC_Stop_DMA
 .text.HAL_ADC_ErrorCallback
                0x0000000008004b7e       0x14 ./Drivers/STM32L4xx_HAL_Driver/Src/stm32l4xx_hal_adc.o
                0x0000000008004b7e                HAL_ADC_ErrorCallback
 *fill*         0x0000000008004b92        0x2 
 .text.HAL_ADC_ConfigChannel
                0x0000000008004b94      0x818 ./Drivers/STM32L4xx_HAL_Driver/Src/stm32l4xx_hal_adc.o
                0x0000000008004b94                HAL_ADC_ConfigChannel
 .text.ADC_ConversionStop
                0x00000000080053ac      0x178 ./Drivers/STM32L4xx_HAL_Driver/Src/stm32l4xx_hal_adc.o
                0x00000000080053ac                ADC_ConversionStop
 .text.ADC_Enable
                0x0000000008005524      0x10c ./Drivers/STM32L4xx_HAL_Driver/Src/stm32l4xx_hal_adc.o
                0x0000000008005524                ADC_Enable
 .text.ADC_Disable
                0x0000000008005630       0xbe ./Drivers/STM32L4xx_HAL_Driver/Src/stm32l4xx_hal_adc.o
                0x0000000008005630                ADC_Disable
 .text.ADC_DMAConvCplt
                0x00000000080056ee       0xd8 ./Drivers/STM32L4xx_HAL_Driver/Src/stm32l4xx_hal_adc.o
                0x00000000080056ee                ADC_DMAConvCplt
 .text.ADC_DMAHalfConvCplt
                0x00000000080057c6       0x1c ./Drivers/STM32L4xx_HAL_Driver/Src/stm32l4xx_hal_adc.o
                0x00000000080057c6                ADC_DMAHalfConvCplt
 .text.ADC_DMAError
                0x00000000080057e2       0x34 ./Drivers/STM32L4xx_HAL_Driver/Src/stm32l4xx_hal_adc.o
                0x00000000080057e2                ADC_DMAError
 .text.LL_ADC_IsEnabled
                0x0000000008005816       0x26 ./Drivers/STM32L4xx_HAL_Driver/Src/stm32l4xx_hal_adc_ex.o
 .text.LL_ADC_StartCalibration
                0x000000000800583c       0x32 ./Drivers/STM32L4xx_HAL_Driver/Src/stm32l4xx_hal_adc_ex.o
 .text.LL_ADC_IsCalibrationOnGoing
                0x000000000800586e       0x28 ./Drivers/STM32L4xx_HAL_Driver/Src/stm32l4xx_hal_adc_ex.o
 .text.LL_ADC_REG_IsConversionOngoing
                0x0000000008005896       0x26 ./Drivers/STM32L4xx_HAL_Driver/Src/stm32l4xx_hal_adc_ex.o
 .text.HAL_ADCEx_Calibration_Start
                0x00000000080058bc       0xc0 ./Drivers/STM32L4xx_HAL_Driver/Src/stm32l4xx_hal_adc_ex.o
                0x00000000080058bc                HAL_ADCEx_Calibration_Start
 .text.HAL_ADCEx_MultiModeConfigChannel
                0x000000000800597c      0x160 ./Drivers/STM32L4xx_HAL_Driver/Src/stm32l4xx_hal_adc_ex.o
                0x000000000800597c                HAL_ADCEx_MultiModeConfigChannel
 .text.__NVIC_SetPriorityGrouping
                0x0000000008005adc       0x48 ./Drivers/STM32L4xx_HAL_Driver/Src/stm32l4xx_hal_cortex.o
 .text.__NVIC_GetPriorityGrouping
                0x0000000008005b24       0x1c ./Drivers/STM32L4xx_HAL_Driver/Src/stm32l4xx_hal_cortex.o
 .text.__NVIC_EnableIRQ
                0x0000000008005b40       0x3c ./Drivers/STM32L4xx_HAL_Driver/Src/stm32l4xx_hal_cortex.o
 .text.__NVIC_SetPriority
                0x0000000008005b7c       0x54 ./Drivers/STM32L4xx_HAL_Driver/Src/stm32l4xx_hal_cortex.o
 .text.NVIC_EncodePriority
                0x0000000008005bd0       0x66 ./Drivers/STM32L4xx_HAL_Driver/Src/stm32l4xx_hal_cortex.o
 *fill*         0x0000000008005c36        0x2 
 .text.SysTick_Config
                0x0000000008005c38       0x44 ./Drivers/STM32L4xx_HAL_Driver/Src/stm32l4xx_hal_cortex.o
 .text.HAL_NVIC_SetPriorityGrouping
                0x0000000008005c7c       0x16 ./Drivers/STM32L4xx_HAL_Driver/Src/stm32l4xx_hal_cortex.o
                0x0000000008005c7c                HAL_NVIC_SetPriorityGrouping
 .text.HAL_NVIC_SetPriority
                0x0000000008005c92       0x38 ./Drivers/STM32L4xx_HAL_Driver/Src/stm32l4xx_hal_cortex.o
                0x0000000008005c92                HAL_NVIC_SetPriority
 .text.HAL_NVIC_EnableIRQ
                0x0000000008005cca       0x1c ./Drivers/STM32L4xx_HAL_Driver/Src/stm32l4xx_hal_cortex.o
                0x0000000008005cca                HAL_NVIC_EnableIRQ
 .text.HAL_SYSTICK_Config
                0x0000000008005ce6       0x18 ./Drivers/STM32L4xx_HAL_Driver/Src/stm32l4xx_hal_cortex.o
                0x0000000008005ce6                HAL_SYSTICK_Config
 *fill*         0x0000000008005cfe        0x2 
 .text.HAL_DMA_Init
                0x0000000008005d00      0x170 ./Drivers/STM32L4xx_HAL_Driver/Src/stm32l4xx_hal_dma.o
                0x0000000008005d00                HAL_DMA_Init
 .text.HAL_DMA_Start_IT
                0x0000000008005e70       0xc0 ./Drivers/STM32L4xx_HAL_Driver/Src/stm32l4xx_hal_dma.o
                0x0000000008005e70                HAL_DMA_Start_IT
 .text.HAL_DMA_Abort
                0x0000000008005f30       0x7c ./Drivers/STM32L4xx_HAL_Driver/Src/stm32l4xx_hal_dma.o
                0x0000000008005f30                HAL_DMA_Abort
 .text.HAL_DMA_IRQHandler
                0x0000000008005fac      0x15e ./Drivers/STM32L4xx_HAL_Driver/Src/stm32l4xx_hal_dma.o
                0x0000000008005fac                HAL_DMA_IRQHandler
 .text.DMA_SetConfig
                0x000000000800610a       0x60 ./Drivers/STM32L4xx_HAL_Driver/Src/stm32l4xx_hal_dma.o
 *fill*         0x000000000800616a        0x2 
 .text.HAL_GPIO_Init
                0x000000000800616c      0x324 ./Drivers/STM32L4xx_HAL_Driver/Src/stm32l4xx_hal_gpio.o
                0x000000000800616c                HAL_GPIO_Init
 .text.HAL_GPIO_WritePin
                0x0000000008006490       0x30 ./Drivers/STM32L4xx_HAL_Driver/Src/stm32l4xx_hal_gpio.o
                0x0000000008006490                HAL_GPIO_WritePin
 .text.HAL_GPIO_EXTI_IRQHandler
                0x00000000080064c0       0x30 ./Drivers/STM32L4xx_HAL_Driver/Src/stm32l4xx_hal_gpio.o
                0x00000000080064c0                HAL_GPIO_EXTI_IRQHandler
 .text.HAL_PWREx_GetVoltageRange
                0x00000000080064f0       0x1c ./Drivers/STM32L4xx_HAL_Driver/Src/stm32l4xx_hal_pwr_ex.o
                0x00000000080064f0                HAL_PWREx_GetVoltageRange
 .text.HAL_PWREx_ControlVoltageScaling
                0x000000000800650c       0xac ./Drivers/STM32L4xx_HAL_Driver/Src/stm32l4xx_hal_pwr_ex.o
                0x000000000800650c                HAL_PWREx_ControlVoltageScaling
 .text.HAL_PWREx_EnableVddIO2
                0x00000000080065b8       0x20 ./Drivers/STM32L4xx_HAL_Driver/Src/stm32l4xx_hal_pwr_ex.o
                0x00000000080065b8                HAL_PWREx_EnableVddIO2
 .text.HAL_RCC_OscConfig
                0x00000000080065d8      0x834 ./Drivers/STM32L4xx_HAL_Driver/Src/stm32l4xx_hal_rcc.o
                0x00000000080065d8                HAL_RCC_OscConfig
 .text.HAL_RCC_ClockConfig
                0x0000000008006e0c      0x200 ./Drivers/STM32L4xx_HAL_Driver/Src/stm32l4xx_hal_rcc.o
                0x0000000008006e0c                HAL_RCC_ClockConfig
 .text.HAL_RCC_GetSysClockFreq
                0x000000000800700c      0x118 ./Drivers/STM32L4xx_HAL_Driver/Src/stm32l4xx_hal_rcc.o
                0x000000000800700c                HAL_RCC_GetSysClockFreq
 .text.HAL_RCC_GetHCLKFreq
                0x0000000008007124       0x18 ./Drivers/STM32L4xx_HAL_Driver/Src/stm32l4xx_hal_rcc.o
                0x0000000008007124                HAL_RCC_GetHCLKFreq
 .text.HAL_RCC_GetPCLK1Freq
                0x000000000800713c       0x2c ./Drivers/STM32L4xx_HAL_Driver/Src/stm32l4xx_hal_rcc.o
                0x000000000800713c                HAL_RCC_GetPCLK1Freq
 .text.HAL_RCC_GetPCLK2Freq
                0x0000000008007168       0x2c ./Drivers/STM32L4xx_HAL_Driver/Src/stm32l4xx_hal_rcc.o
                0x0000000008007168                HAL_RCC_GetPCLK2Freq
 .text.RCC_SetFlashLatencyFromMSIRange
                0x0000000008007194       0xc0 ./Drivers/STM32L4xx_HAL_Driver/Src/stm32l4xx_hal_rcc.o
 .text.HAL_RCCEx_PeriphCLKConfig
                0x0000000008007254      0x5f8 ./Drivers/STM32L4xx_HAL_Driver/Src/stm32l4xx_hal_rcc_ex.o
                0x0000000008007254                HAL_RCCEx_PeriphCLKConfig
 .text.RCCEx_PLLSAI1_Config
                0x000000000800784c      0x1e4 ./Drivers/STM32L4xx_HAL_Driver/Src/stm32l4xx_hal_rcc_ex.o
 .text.RCCEx_PLLSAI2_Config
                0x0000000008007a30      0x1b8 ./Drivers/STM32L4xx_HAL_Driver/Src/stm32l4xx_hal_rcc_ex.o
 .text.HAL_SPI_Init
                0x0000000008007be8      0x146 ./Drivers/STM32L4xx_HAL_Driver/Src/stm32l4xx_hal_spi.o
                0x0000000008007be8                HAL_SPI_Init
 .text.HAL_SPI_TransmitReceive
                0x0000000008007d2e      0x444 ./Drivers/STM32L4xx_HAL_Driver/Src/stm32l4xx_hal_spi.o
                0x0000000008007d2e                HAL_SPI_TransmitReceive
 *fill*         0x0000000008008172        0x2 
 .text.SPI_WaitFlagStateUntilTimeout
                0x0000000008008174      0x110 ./Drivers/STM32L4xx_HAL_Driver/Src/stm32l4xx_hal_spi.o
 .text.SPI_WaitFifoStateUntilTimeout
                0x0000000008008284      0x12c ./Drivers/STM32L4xx_HAL_Driver/Src/stm32l4xx_hal_spi.o
 .text.SPI_EndRxTxTransaction
                0x00000000080083b0       0x8c ./Drivers/STM32L4xx_HAL_Driver/Src/stm32l4xx_hal_spi.o
 .text.HAL_TIM_Base_Init
                0x000000000800843c       0xae ./Drivers/STM32L4xx_HAL_Driver/Src/stm32l4xx_hal_tim.o
                0x000000000800843c                HAL_TIM_Base_Init
 *fill*         0x00000000080084ea        0x2 
 .text.HAL_TIM_Base_Start
                0x00000000080084ec       0xd0 ./Drivers/STM32L4xx_HAL_Driver/Src/stm32l4xx_hal_tim.o
                0x00000000080084ec                HAL_TIM_Base_Start
 .text.HAL_TIM_IRQHandler
                0x00000000080085bc      0x204 ./Drivers/STM32L4xx_HAL_Driver/Src/stm32l4xx_hal_tim.o
                0x00000000080085bc                HAL_TIM_IRQHandler
 .text.HAL_TIM_ConfigClockSource
                0x00000000080087c0      0x192 ./Drivers/STM32L4xx_HAL_Driver/Src/stm32l4xx_hal_tim.o
                0x00000000080087c0                HAL_TIM_ConfigClockSource
 .text.HAL_TIM_PeriodElapsedCallback
                0x0000000008008952       0x14 ./Drivers/STM32L4xx_HAL_Driver/Src/stm32l4xx_hal_tim.o
                0x0000000008008952                HAL_TIM_PeriodElapsedCallback
 .text.HAL_TIM_OC_DelayElapsedCallback
                0x0000000008008966       0x14 ./Drivers/STM32L4xx_HAL_Driver/Src/stm32l4xx_hal_tim.o
                0x0000000008008966                HAL_TIM_OC_DelayElapsedCallback
 .text.HAL_TIM_IC_CaptureCallback
                0x000000000800897a       0x14 ./Drivers/STM32L4xx_HAL_Driver/Src/stm32l4xx_hal_tim.o
                0x000000000800897a                HAL_TIM_IC_CaptureCallback
 .text.HAL_TIM_PWM_PulseFinishedCallback
                0x000000000800898e       0x14 ./Drivers/STM32L4xx_HAL_Driver/Src/stm32l4xx_hal_tim.o
                0x000000000800898e                HAL_TIM_PWM_PulseFinishedCallback
 .text.HAL_TIM_TriggerCallback
                0x00000000080089a2       0x14 ./Drivers/STM32L4xx_HAL_Driver/Src/stm32l4xx_hal_tim.o
                0x00000000080089a2                HAL_TIM_TriggerCallback
 *fill*         0x00000000080089b6        0x2 
 .text.TIM_Base_SetConfig
                0x00000000080089b8      0x134 ./Drivers/STM32L4xx_HAL_Driver/Src/stm32l4xx_hal_tim.o
                0x00000000080089b8                TIM_Base_SetConfig
 .text.TIM_TI1_ConfigInputStage
                0x0000000008008aec       0x5e ./Drivers/STM32L4xx_HAL_Driver/Src/stm32l4xx_hal_tim.o
 .text.TIM_TI2_ConfigInputStage
                0x0000000008008b4a       0x60 ./Drivers/STM32L4xx_HAL_Driver/Src/stm32l4xx_hal_tim.o
 .text.TIM_ITRx_SetConfig
                0x0000000008008baa       0x36 ./Drivers/STM32L4xx_HAL_Driver/Src/stm32l4xx_hal_tim.o
 .text.TIM_ETR_SetConfig
                0x0000000008008be0       0x40 ./Drivers/STM32L4xx_HAL_Driver/Src/stm32l4xx_hal_tim.o
                0x0000000008008be0                TIM_ETR_SetConfig
 .text.HAL_TIMEx_MasterConfigSynchronization
                0x0000000008008c20      0x110 ./Drivers/STM32L4xx_HAL_Driver/Src/stm32l4xx_hal_tim_ex.o
                0x0000000008008c20                HAL_TIMEx_MasterConfigSynchronization
 .text.HAL_TIMEx_CommutCallback
                0x0000000008008d30       0x14 ./Drivers/STM32L4xx_HAL_Driver/Src/stm32l4xx_hal_tim_ex.o
                0x0000000008008d30                HAL_TIMEx_CommutCallback
 .text.HAL_TIMEx_BreakCallback
                0x0000000008008d44       0x14 ./Drivers/STM32L4xx_HAL_Driver/Src/stm32l4xx_hal_tim_ex.o
                0x0000000008008d44                HAL_TIMEx_BreakCallback
 .text.HAL_TIMEx_Break2Callback
                0x0000000008008d58       0x14 ./Drivers/STM32L4xx_HAL_Driver/Src/stm32l4xx_hal_tim_ex.o
                0x0000000008008d58                HAL_TIMEx_Break2Callback
 .text.HAL_UART_Init
                0x0000000008008d6c       0x9c ./Drivers/STM32L4xx_HAL_Driver/Src/stm32l4xx_hal_uart.o
                0x0000000008008d6c                HAL_UART_Init
 .text.HAL_UART_Transmit
                0x0000000008008e08      0x114 ./Drivers/STM32L4xx_HAL_Driver/Src/stm32l4xx_hal_uart.o
                0x0000000008008e08                HAL_UART_Transmit
 .text.HAL_UART_Receive
                0x0000000008008f1c      0x192 ./Drivers/STM32L4xx_HAL_Driver/Src/stm32l4xx_hal_uart.o
                0x0000000008008f1c                HAL_UART_Receive
 *fill*         0x00000000080090ae        0x2 
 .text.UART_SetConfig
                0x00000000080090b0      0x570 ./Drivers/STM32L4xx_HAL_Driver/Src/stm32l4xx_hal_uart.o
                0x00000000080090b0                UART_SetConfig
 .text.UART_AdvFeatureConfig
                0x0000000008009620      0x144 ./Drivers/STM32L4xx_HAL_Driver/Src/stm32l4xx_hal_uart.o
                0x0000000008009620                UART_AdvFeatureConfig
 .text.UART_CheckIdleState
                0x0000000008009764      0x150 ./Drivers/STM32L4xx_HAL_Driver/Src/stm32l4xx_hal_uart.o
                0x0000000008009764                UART_CheckIdleState
 .text.UART_WaitOnFlagUntilTimeout
                0x00000000080098b4       0xce ./Drivers/STM32L4xx_HAL_Driver/Src/stm32l4xx_hal_uart.o
                0x00000000080098b4                UART_WaitOnFlagUntilTimeout
 .text.UART_EndRxTransfer
                0x0000000008009982       0xc8 ./Drivers/STM32L4xx_HAL_Driver/Src/stm32l4xx_hal_uart.o
 *fill*         0x0000000008009a4a        0x2 
 .text.arm_q15_to_float
                0x0000000008009a4c       0xd0 C:\Users\crens\Documents\M1-Q1\LELEC210X\git\lelec210X_GroupeF\goldenProject\STM\BuildData\ARM_CMSIS\CMSIS\DSP\Lib\GCC\libarm_cortexM4lf_math.a(arm_q15_to_float.o)
                0x0000000008009a4c                arm_q15_to_float
 .text.arm_split_rfft_q15
                0x0000000008009b1c      0x10c C:\Users\crens\Documents\M1-Q1\LELEC210X\git\lelec210X_GroupeF\goldenProject\STM\BuildData\ARM_CMSIS\CMSIS\DSP\Lib\GCC\libarm_cortexM4lf_math.a(arm_rfft_q15.o)
                0x0000000008009b1c                arm_split_rfft_q15
 .text.arm_rfft_q15
                0x0000000008009c28       0xf8 C:\Users\crens\Documents\M1-Q1\LELEC210X\git\lelec210X_GroupeF\goldenProject\STM\BuildData\ARM_CMSIS\CMSIS\DSP\Lib\GCC\libarm_cortexM4lf_math.a(arm_rfft_q15.o)
                0x0000000008009c28                arm_rfft_q15
 .text.arm_rfft_init_q15
                0x0000000008009d20       0xf8 C:\Users\crens\Documents\M1-Q1\LELEC210X\git\lelec210X_GroupeF\goldenProject\STM\BuildData\ARM_CMSIS\CMSIS\DSP\Lib\GCC\libarm_cortexM4lf_math.a(arm_rfft_init_q15.o)
                0x0000000008009d20                arm_rfft_init_q15
 .text.arm_mat_mult_fast_q15
                0x0000000008009e18      0x404 C:\Users\crens\Documents\M1-Q1\LELEC210X\git\lelec210X_GroupeF\goldenProject\STM\BuildData\ARM_CMSIS\CMSIS\DSP\Lib\GCC\libarm_cortexM4lf_math.a(arm_mat_mult_fast_q15.o)
                0x0000000008009e18                arm_mat_mult_fast_q15
 .text.arm_mat_init_q15
                0x000000000800a21c        0x8 C:\Users\crens\Documents\M1-Q1\LELEC210X\git\lelec210X_GroupeF\goldenProject\STM\BuildData\ARM_CMSIS\CMSIS\DSP\Lib\GCC\libarm_cortexM4lf_math.a(arm_mat_init_q15.o)
                0x000000000800a21c                arm_mat_init_q15
 .text.arm_cmplx_mag_q15
                0x000000000800a224       0x88 C:\Users\crens\Documents\M1-Q1\LELEC210X\git\lelec210X_GroupeF\goldenProject\STM\BuildData\ARM_CMSIS\CMSIS\DSP\Lib\GCC\libarm_cortexM4lf_math.a(arm_cmplx_mag_q15.o)
                0x000000000800a224                arm_cmplx_mag_q15
 .text.arm_sqrt_q15
                0x000000000800a2ac       0xcc C:\Users\crens\Documents\M1-Q1\LELEC210X\git\lelec210X_GroupeF\goldenProject\STM\BuildData\ARM_CMSIS\CMSIS\DSP\Lib\GCC\libarm_cortexM4lf_math.a(arm_sqrt_q15.o)
                0x000000000800a2ac                arm_sqrt_q15
 .text.arm_shift_q15
                0x000000000800a378      0x124 C:\Users\crens\Documents\M1-Q1\LELEC210X\git\lelec210X_GroupeF\goldenProject\STM\BuildData\ARM_CMSIS\CMSIS\DSP\Lib\GCC\libarm_cortexM4lf_math.a(arm_shift_q15.o)
                0x000000000800a378                arm_shift_q15
 .text.arm_mult_q15
                0x000000000800a49c       0xbc C:\Users\crens\Documents\M1-Q1\LELEC210X\git\lelec210X_GroupeF\goldenProject\STM\BuildData\ARM_CMSIS\CMSIS\DSP\Lib\GCC\libarm_cortexM4lf_math.a(arm_mult_q15.o)
                0x000000000800a49c                arm_mult_q15
 .text.arm_cfft_radix4by2_q15
                0x000000000800a558       0xbc C:\Users\crens\Documents\M1-Q1\LELEC210X\git\lelec210X_GroupeF\goldenProject\STM\BuildData\ARM_CMSIS\CMSIS\DSP\Lib\GCC\libarm_cortexM4lf_math.a(arm_cfft_q15.o)
                0x000000000800a558                arm_cfft_radix4by2_q15
 .text.arm_cfft_radix4by2_inverse_q15
                0x000000000800a614       0xbc C:\Users\crens\Documents\M1-Q1\LELEC210X\git\lelec210X_GroupeF\goldenProject\STM\BuildData\ARM_CMSIS\CMSIS\DSP\Lib\GCC\libarm_cortexM4lf_math.a(arm_cfft_q15.o)
                0x000000000800a614                arm_cfft_radix4by2_inverse_q15
 .text.arm_cfft_q15
                0x000000000800a6d0       0xbc C:\Users\crens\Documents\M1-Q1\LELEC210X\git\lelec210X_GroupeF\goldenProject\STM\BuildData\ARM_CMSIS\CMSIS\DSP\Lib\GCC\libarm_cortexM4lf_math.a(arm_cfft_q15.o)
                0x000000000800a6d0                arm_cfft_q15
 .text.arm_radix4_butterfly_q15
                0x000000000800a78c      0x354 C:\Users\crens\Documents\M1-Q1\LELEC210X\git\lelec210X_GroupeF\goldenProject\STM\BuildData\ARM_CMSIS\CMSIS\DSP\Lib\GCC\libarm_cortexM4lf_math.a(arm_cfft_radix4_q15.o)
                0x000000000800a78c                arm_radix4_butterfly_q15
 .text.arm_radix4_butterfly_inverse_q15
                0x000000000800aae0      0x354 C:\Users\crens\Documents\M1-Q1\LELEC210X\git\lelec210X_GroupeF\goldenProject\STM\BuildData\ARM_CMSIS\CMSIS\DSP\Lib\GCC\libarm_cortexM4lf_math.a(arm_cfft_radix4_q15.o)
                0x000000000800aae0                arm_radix4_butterfly_inverse_q15
 .text.arm_bitreversal_16
                0x000000000800ae34       0x44 C:\Users\crens\Documents\M1-Q1\LELEC210X\git\lelec210X_GroupeF\goldenProject\STM\BuildData\ARM_CMSIS\CMSIS\DSP\Lib\GCC\libarm_cortexM4lf_math.a(arm_bitreversal2.o)
                0x000000000800ae34                arm_bitreversal_16
 .text.__cvt    0x000000000800ae78       0xc4 C:/ST/STM32CubeIDE_1.14.0/STM32CubeIDE/plugins/com.st.stm32cube.ide.mcu.externaltools.gnu-tools-for-stm32.11.3.rel1.win32_1.1.100.202309141235/tools/bin/../lib/gcc/arm-none-eabi/11.3.1/../../../../arm-none-eabi/lib/thumb/v7e-m+fp/hard\libc_nano.a(libc_a-nano-vfprintf_float.o)
                0x000000000800ae78                __cvt
 .text.__exponent
                0x000000000800af3c       0x7c C:/ST/STM32CubeIDE_1.14.0/STM32CubeIDE/plugins/com.st.stm32cube.ide.mcu.externaltools.gnu-tools-for-stm32.11.3.rel1.win32_1.1.100.202309141235/tools/bin/../lib/gcc/arm-none-eabi/11.3.1/../../../../arm-none-eabi/lib/thumb/v7e-m+fp/hard\libc_nano.a(libc_a-nano-vfprintf_float.o)
                0x000000000800af3c                __exponent
 .text._printf_float
                0x000000000800afb8      0x46c C:/ST/STM32CubeIDE_1.14.0/STM32CubeIDE/plugins/com.st.stm32cube.ide.mcu.externaltools.gnu-tools-for-stm32.11.3.rel1.win32_1.1.100.202309141235/tools/bin/../lib/gcc/arm-none-eabi/11.3.1/../../../../arm-none-eabi/lib/thumb/v7e-m+fp/hard\libc_nano.a(libc_a-nano-vfprintf_float.o)
                0x000000000800afb8                _printf_float
 .text._printf_common
                0x000000000800b424       0xda C:/ST/STM32CubeIDE_1.14.0/STM32CubeIDE/plugins/com.st.stm32cube.ide.mcu.externaltools.gnu-tools-for-stm32.11.3.rel1.win32_1.1.100.202309141235/tools/bin/../lib/gcc/arm-none-eabi/11.3.1/../../../../arm-none-eabi/lib/thumb/v7e-m+fp/hard\libc_nano.a(libc_a-nano-vfprintf_i.o)
                0x000000000800b424                _printf_common
 *fill*         0x000000000800b4fe        0x2 
 .text._printf_i
                0x000000000800b500      0x244 C:/ST/STM32CubeIDE_1.14.0/STM32CubeIDE/plugins/com.st.stm32cube.ide.mcu.externaltools.gnu-tools-for-stm32.11.3.rel1.win32_1.1.100.202309141235/tools/bin/../lib/gcc/arm-none-eabi/11.3.1/../../../../arm-none-eabi/lib/thumb/v7e-m+fp/hard\libc_nano.a(libc_a-nano-vfprintf_i.o)
                0x000000000800b500                _printf_i
 .text.std      0x000000000800b744       0x6c C:/ST/STM32CubeIDE_1.14.0/STM32CubeIDE/plugins/com.st.stm32cube.ide.mcu.externaltools.gnu-tools-for-stm32.11.3.rel1.win32_1.1.100.202309141235/tools/bin/../lib/gcc/arm-none-eabi/11.3.1/../../../../arm-none-eabi/lib/thumb/v7e-m+fp/hard\libc_nano.a(libc_a-findfp.o)
 .text.stdio_exit_handler
                0x000000000800b7b0       0x18 C:/ST/STM32CubeIDE_1.14.0/STM32CubeIDE/plugins/com.st.stm32cube.ide.mcu.externaltools.gnu-tools-for-stm32.11.3.rel1.win32_1.1.100.202309141235/tools/bin/../lib/gcc/arm-none-eabi/11.3.1/../../../../arm-none-eabi/lib/thumb/v7e-m+fp/hard\libc_nano.a(libc_a-findfp.o)
 .text.cleanup_stdio
                0x000000000800b7c8       0x40 C:/ST/STM32CubeIDE_1.14.0/STM32CubeIDE/plugins/com.st.stm32cube.ide.mcu.externaltools.gnu-tools-for-stm32.11.3.rel1.win32_1.1.100.202309141235/tools/bin/../lib/gcc/arm-none-eabi/11.3.1/../../../../arm-none-eabi/lib/thumb/v7e-m+fp/hard\libc_nano.a(libc_a-findfp.o)
 .text.global_stdio_init.part.0
                0x000000000800b808       0x3c C:/ST/STM32CubeIDE_1.14.0/STM32CubeIDE/plugins/com.st.stm32cube.ide.mcu.externaltools.gnu-tools-for-stm32.11.3.rel1.win32_1.1.100.202309141235/tools/bin/../lib/gcc/arm-none-eabi/11.3.1/../../../../arm-none-eabi/lib/thumb/v7e-m+fp/hard\libc_nano.a(libc_a-findfp.o)
 .text.__sfp_lock_acquire
                0x000000000800b844        0xc C:/ST/STM32CubeIDE_1.14.0/STM32CubeIDE/plugins/com.st.stm32cube.ide.mcu.externaltools.gnu-tools-for-stm32.11.3.rel1.win32_1.1.100.202309141235/tools/bin/../lib/gcc/arm-none-eabi/11.3.1/../../../../arm-none-eabi/lib/thumb/v7e-m+fp/hard\libc_nano.a(libc_a-findfp.o)
                0x000000000800b844                __sfp_lock_acquire
 .text.__sfp_lock_release
                0x000000000800b850        0xc C:/ST/STM32CubeIDE_1.14.0/STM32CubeIDE/plugins/com.st.stm32cube.ide.mcu.externaltools.gnu-tools-for-stm32.11.3.rel1.win32_1.1.100.202309141235/tools/bin/../lib/gcc/arm-none-eabi/11.3.1/../../../../arm-none-eabi/lib/thumb/v7e-m+fp/hard\libc_nano.a(libc_a-findfp.o)
                0x000000000800b850                __sfp_lock_release
 .text.__sinit  0x000000000800b85c       0x30 C:/ST/STM32CubeIDE_1.14.0/STM32CubeIDE/plugins/com.st.stm32cube.ide.mcu.externaltools.gnu-tools-for-stm32.11.3.rel1.win32_1.1.100.202309141235/tools/bin/../lib/gcc/arm-none-eabi/11.3.1/../../../../arm-none-eabi/lib/thumb/v7e-m+fp/hard\libc_nano.a(libc_a-findfp.o)
                0x000000000800b85c                __sinit
 .text._fwalk_sglue
                0x000000000800b88c       0x3c C:/ST/STM32CubeIDE_1.14.0/STM32CubeIDE/plugins/com.st.stm32cube.ide.mcu.externaltools.gnu-tools-for-stm32.11.3.rel1.win32_1.1.100.202309141235/tools/bin/../lib/gcc/arm-none-eabi/11.3.1/../../../../arm-none-eabi/lib/thumb/v7e-m+fp/hard\libc_nano.a(libc_a-fwalk.o)
                0x000000000800b88c                _fwalk_sglue
 .text.printf   0x000000000800b8c8       0x24 C:/ST/STM32CubeIDE_1.14.0/STM32CubeIDE/plugins/com.st.stm32cube.ide.mcu.externaltools.gnu-tools-for-stm32.11.3.rel1.win32_1.1.100.202309141235/tools/bin/../lib/gcc/arm-none-eabi/11.3.1/../../../../arm-none-eabi/lib/thumb/v7e-m+fp/hard\libc_nano.a(libc_a-printf.o)
                0x000000000800b8c8                iprintf
                0x000000000800b8c8                printf
 .text._puts_r  0x000000000800b8ec       0xa8 C:/ST/STM32CubeIDE_1.14.0/STM32CubeIDE/plugins/com.st.stm32cube.ide.mcu.externaltools.gnu-tools-for-stm32.11.3.rel1.win32_1.1.100.202309141235/tools/bin/../lib/gcc/arm-none-eabi/11.3.1/../../../../arm-none-eabi/lib/thumb/v7e-m+fp/hard\libc_nano.a(libc_a-puts.o)
                0x000000000800b8ec                _puts_r
 .text.puts     0x000000000800b994       0x10 C:/ST/STM32CubeIDE_1.14.0/STM32CubeIDE/plugins/com.st.stm32cube.ide.mcu.externaltools.gnu-tools-for-stm32.11.3.rel1.win32_1.1.100.202309141235/tools/bin/../lib/gcc/arm-none-eabi/11.3.1/../../../../arm-none-eabi/lib/thumb/v7e-m+fp/hard\libc_nano.a(libc_a-puts.o)
                0x000000000800b994                puts
 .text.setvbuf  0x000000000800b9a4      0x15c C:/ST/STM32CubeIDE_1.14.0/STM32CubeIDE/plugins/com.st.stm32cube.ide.mcu.externaltools.gnu-tools-for-stm32.11.3.rel1.win32_1.1.100.202309141235/tools/bin/../lib/gcc/arm-none-eabi/11.3.1/../../../../arm-none-eabi/lib/thumb/v7e-m+fp/hard\libc_nano.a(libc_a-setvbuf.o)
                0x000000000800b9a4                setvbuf
 .text.__sread  0x000000000800bb00       0x22 C:/ST/STM32CubeIDE_1.14.0/STM32CubeIDE/plugins/com.st.stm32cube.ide.mcu.externaltools.gnu-tools-for-stm32.11.3.rel1.win32_1.1.100.202309141235/tools/bin/../lib/gcc/arm-none-eabi/11.3.1/../../../../arm-none-eabi/lib/thumb/v7e-m+fp/hard\libc_nano.a(libc_a-stdio.o)
                0x000000000800bb00                __sread
 .text.__swrite
                0x000000000800bb22       0x38 C:/ST/STM32CubeIDE_1.14.0/STM32CubeIDE/plugins/com.st.stm32cube.ide.mcu.externaltools.gnu-tools-for-stm32.11.3.rel1.win32_1.1.100.202309141235/tools/bin/../lib/gcc/arm-none-eabi/11.3.1/../../../../arm-none-eabi/lib/thumb/v7e-m+fp/hard\libc_nano.a(libc_a-stdio.o)
                0x000000000800bb22                __swrite
 .text.__sseek  0x000000000800bb5a       0x24 C:/ST/STM32CubeIDE_1.14.0/STM32CubeIDE/plugins/com.st.stm32cube.ide.mcu.externaltools.gnu-tools-for-stm32.11.3.rel1.win32_1.1.100.202309141235/tools/bin/../lib/gcc/arm-none-eabi/11.3.1/../../../../arm-none-eabi/lib/thumb/v7e-m+fp/hard\libc_nano.a(libc_a-stdio.o)
                0x000000000800bb5a                __sseek
 .text.__sclose
                0x000000000800bb7e        0x8 C:/ST/STM32CubeIDE_1.14.0/STM32CubeIDE/plugins/com.st.stm32cube.ide.mcu.externaltools.gnu-tools-for-stm32.11.3.rel1.win32_1.1.100.202309141235/tools/bin/../lib/gcc/arm-none-eabi/11.3.1/../../../../arm-none-eabi/lib/thumb/v7e-m+fp/hard\libc_nano.a(libc_a-stdio.o)
                0x000000000800bb7e                __sclose
 .text.__swbuf_r
                0x000000000800bb86       0x7a C:/ST/STM32CubeIDE_1.14.0/STM32CubeIDE/plugins/com.st.stm32cube.ide.mcu.externaltools.gnu-tools-for-stm32.11.3.rel1.win32_1.1.100.202309141235/tools/bin/../lib/gcc/arm-none-eabi/11.3.1/../../../../arm-none-eabi/lib/thumb/v7e-m+fp/hard\libc_nano.a(libc_a-wbuf.o)
                0x000000000800bb86                __swbuf_r
 .text.__swsetup_r
                0x000000000800bc00       0xb0 C:/ST/STM32CubeIDE_1.14.0/STM32CubeIDE/plugins/com.st.stm32cube.ide.mcu.externaltools.gnu-tools-for-stm32.11.3.rel1.win32_1.1.100.202309141235/tools/bin/../lib/gcc/arm-none-eabi/11.3.1/../../../../arm-none-eabi/lib/thumb/v7e-m+fp/hard\libc_nano.a(libc_a-wsetup.o)
                0x000000000800bc00                __swsetup_r
 .text.memset   0x000000000800bcb0       0x10 C:/ST/STM32CubeIDE_1.14.0/STM32CubeIDE/plugins/com.st.stm32cube.ide.mcu.externaltools.gnu-tools-for-stm32.11.3.rel1.win32_1.1.100.202309141235/tools/bin/../lib/gcc/arm-none-eabi/11.3.1/../../../../arm-none-eabi/lib/thumb/v7e-m+fp/hard\libc_nano.a(libc_a-memset.o)
                0x000000000800bcb0                memset
 .text._localeconv_r
                0x000000000800bcc0        0x8 C:/ST/STM32CubeIDE_1.14.0/STM32CubeIDE/plugins/com.st.stm32cube.ide.mcu.externaltools.gnu-tools-for-stm32.11.3.rel1.win32_1.1.100.202309141235/tools/bin/../lib/gcc/arm-none-eabi/11.3.1/../../../../arm-none-eabi/lib/thumb/v7e-m+fp/hard\libc_nano.a(libc_a-localeconv.o)
                0x000000000800bcc0                _localeconv_r
 .text._close_r
                0x000000000800bcc8       0x20 C:/ST/STM32CubeIDE_1.14.0/STM32CubeIDE/plugins/com.st.stm32cube.ide.mcu.externaltools.gnu-tools-for-stm32.11.3.rel1.win32_1.1.100.202309141235/tools/bin/../lib/gcc/arm-none-eabi/11.3.1/../../../../arm-none-eabi/lib/thumb/v7e-m+fp/hard\libc_nano.a(libc_a-closer.o)
                0x000000000800bcc8                _close_r
 .text._lseek_r
                0x000000000800bce8       0x24 C:/ST/STM32CubeIDE_1.14.0/STM32CubeIDE/plugins/com.st.stm32cube.ide.mcu.externaltools.gnu-tools-for-stm32.11.3.rel1.win32_1.1.100.202309141235/tools/bin/../lib/gcc/arm-none-eabi/11.3.1/../../../../arm-none-eabi/lib/thumb/v7e-m+fp/hard\libc_nano.a(libc_a-lseekr.o)
                0x000000000800bce8                _lseek_r
 .text._read_r  0x000000000800bd0c       0x24 C:/ST/STM32CubeIDE_1.14.0/STM32CubeIDE/plugins/com.st.stm32cube.ide.mcu.externaltools.gnu-tools-for-stm32.11.3.rel1.win32_1.1.100.202309141235/tools/bin/../lib/gcc/arm-none-eabi/11.3.1/../../../../arm-none-eabi/lib/thumb/v7e-m+fp/hard\libc_nano.a(libc_a-readr.o)
                0x000000000800bd0c                _read_r
 .text._write_r
                0x000000000800bd30       0x24 C:/ST/STM32CubeIDE_1.14.0/STM32CubeIDE/plugins/com.st.stm32cube.ide.mcu.externaltools.gnu-tools-for-stm32.11.3.rel1.win32_1.1.100.202309141235/tools/bin/../lib/gcc/arm-none-eabi/11.3.1/../../../../arm-none-eabi/lib/thumb/v7e-m+fp/hard\libc_nano.a(libc_a-writer.o)
                0x000000000800bd30                _write_r
 .text.__errno  0x000000000800bd54        0xc C:/ST/STM32CubeIDE_1.14.0/STM32CubeIDE/plugins/com.st.stm32cube.ide.mcu.externaltools.gnu-tools-for-stm32.11.3.rel1.win32_1.1.100.202309141235/tools/bin/../lib/gcc/arm-none-eabi/11.3.1/../../../../arm-none-eabi/lib/thumb/v7e-m+fp/hard\libc_nano.a(libc_a-errno.o)
                0x000000000800bd54                __errno
 .text.__libc_init_array
                0x000000000800bd60       0x48 C:/ST/STM32CubeIDE_1.14.0/STM32CubeIDE/plugins/com.st.stm32cube.ide.mcu.externaltools.gnu-tools-for-stm32.11.3.rel1.win32_1.1.100.202309141235/tools/bin/../lib/gcc/arm-none-eabi/11.3.1/../../../../arm-none-eabi/lib/thumb/v7e-m+fp/hard\libc_nano.a(libc_a-init.o)
                0x000000000800bd60                __libc_init_array
 .text.__retarget_lock_init_recursive
                0x000000000800bda8        0x2 C:/ST/STM32CubeIDE_1.14.0/STM32CubeIDE/plugins/com.st.stm32cube.ide.mcu.externaltools.gnu-tools-for-stm32.11.3.rel1.win32_1.1.100.202309141235/tools/bin/../lib/gcc/arm-none-eabi/11.3.1/../../../../arm-none-eabi/lib/thumb/v7e-m+fp/hard\libc_nano.a(libc_a-lock.o)
                0x000000000800bda8                __retarget_lock_init_recursive
 .text.__retarget_lock_acquire_recursive
                0x000000000800bdaa        0x2 C:/ST/STM32CubeIDE_1.14.0/STM32CubeIDE/plugins/com.st.stm32cube.ide.mcu.externaltools.gnu-tools-for-stm32.11.3.rel1.win32_1.1.100.202309141235/tools/bin/../lib/gcc/arm-none-eabi/11.3.1/../../../../arm-none-eabi/lib/thumb/v7e-m+fp/hard\libc_nano.a(libc_a-lock.o)
                0x000000000800bdaa                __retarget_lock_acquire_recursive
 .text.__retarget_lock_release_recursive
                0x000000000800bdac        0x2 C:/ST/STM32CubeIDE_1.14.0/STM32CubeIDE/plugins/com.st.stm32cube.ide.mcu.externaltools.gnu-tools-for-stm32.11.3.rel1.win32_1.1.100.202309141235/tools/bin/../lib/gcc/arm-none-eabi/11.3.1/../../../../arm-none-eabi/lib/thumb/v7e-m+fp/hard\libc_nano.a(libc_a-lock.o)
                0x000000000800bdac                __retarget_lock_release_recursive
 .text.memcpy   0x000000000800bdae       0x1c C:/ST/STM32CubeIDE_1.14.0/STM32CubeIDE/plugins/com.st.stm32cube.ide.mcu.externaltools.gnu-tools-for-stm32.11.3.rel1.win32_1.1.100.202309141235/tools/bin/../lib/gcc/arm-none-eabi/11.3.1/../../../../arm-none-eabi/lib/thumb/v7e-m+fp/hard\libc_nano.a(libc_a-memcpy-stub.o)
                0x000000000800bdae                memcpy
 .text.quorem   0x000000000800bdca      0x110 C:/ST/STM32CubeIDE_1.14.0/STM32CubeIDE/plugins/com.st.stm32cube.ide.mcu.externaltools.gnu-tools-for-stm32.11.3.rel1.win32_1.1.100.202309141235/tools/bin/../lib/gcc/arm-none-eabi/11.3.1/../../../../arm-none-eabi/lib/thumb/v7e-m+fp/hard\libc_nano.a(libc_a-dtoa.o)
 *fill*         0x000000000800beda        0x6 
 .text._dtoa_r  0x000000000800bee0      0xbe4 C:/ST/STM32CubeIDE_1.14.0/STM32CubeIDE/plugins/com.st.stm32cube.ide.mcu.externaltools.gnu-tools-for-stm32.11.3.rel1.win32_1.1.100.202309141235/tools/bin/../lib/gcc/arm-none-eabi/11.3.1/../../../../arm-none-eabi/lib/thumb/v7e-m+fp/hard\libc_nano.a(libc_a-dtoa.o)
                0x000000000800bee0                _dtoa_r
 .text._free_r  0x000000000800cac4       0x98 C:/ST/STM32CubeIDE_1.14.0/STM32CubeIDE/plugins/com.st.stm32cube.ide.mcu.externaltools.gnu-tools-for-stm32.11.3.rel1.win32_1.1.100.202309141235/tools/bin/../lib/gcc/arm-none-eabi/11.3.1/../../../../arm-none-eabi/lib/thumb/v7e-m+fp/hard\libc_nano.a(libc_a-freer.o)
                0x000000000800cac4                _free_r
 .text.malloc   0x000000000800cb5c       0x10 C:/ST/STM32CubeIDE_1.14.0/STM32CubeIDE/plugins/com.st.stm32cube.ide.mcu.externaltools.gnu-tools-for-stm32.11.3.rel1.win32_1.1.100.202309141235/tools/bin/../lib/gcc/arm-none-eabi/11.3.1/../../../../arm-none-eabi/lib/thumb/v7e-m+fp/hard\libc_nano.a(libc_a-malloc.o)
                0x000000000800cb5c                malloc
 .text.sbrk_aligned
                0x000000000800cb6c       0x40 C:/ST/STM32CubeIDE_1.14.0/STM32CubeIDE/plugins/com.st.stm32cube.ide.mcu.externaltools.gnu-tools-for-stm32.11.3.rel1.win32_1.1.100.202309141235/tools/bin/../lib/gcc/arm-none-eabi/11.3.1/../../../../arm-none-eabi/lib/thumb/v7e-m+fp/hard\libc_nano.a(libc_a-mallocr.o)
 .text._malloc_r
                0x000000000800cbac      0x100 C:/ST/STM32CubeIDE_1.14.0/STM32CubeIDE/plugins/com.st.stm32cube.ide.mcu.externaltools.gnu-tools-for-stm32.11.3.rel1.win32_1.1.100.202309141235/tools/bin/../lib/gcc/arm-none-eabi/11.3.1/../../../../arm-none-eabi/lib/thumb/v7e-m+fp/hard\libc_nano.a(libc_a-mallocr.o)
                0x000000000800cbac                _malloc_r
 .text.__malloc_lock
                0x000000000800ccac        0xc C:/ST/STM32CubeIDE_1.14.0/STM32CubeIDE/plugins/com.st.stm32cube.ide.mcu.externaltools.gnu-tools-for-stm32.11.3.rel1.win32_1.1.100.202309141235/tools/bin/../lib/gcc/arm-none-eabi/11.3.1/../../../../arm-none-eabi/lib/thumb/v7e-m+fp/hard\libc_nano.a(libc_a-mlock.o)
                0x000000000800ccac                __malloc_lock
 .text.__malloc_unlock
                0x000000000800ccb8        0xc C:/ST/STM32CubeIDE_1.14.0/STM32CubeIDE/plugins/com.st.stm32cube.ide.mcu.externaltools.gnu-tools-for-stm32.11.3.rel1.win32_1.1.100.202309141235/tools/bin/../lib/gcc/arm-none-eabi/11.3.1/../../../../arm-none-eabi/lib/thumb/v7e-m+fp/hard\libc_nano.a(libc_a-mlock.o)
                0x000000000800ccb8                __malloc_unlock
 .text._Balloc  0x000000000800ccc4       0x80 C:/ST/STM32CubeIDE_1.14.0/STM32CubeIDE/plugins/com.st.stm32cube.ide.mcu.externaltools.gnu-tools-for-stm32.11.3.rel1.win32_1.1.100.202309141235/tools/bin/../lib/gcc/arm-none-eabi/11.3.1/../../../../arm-none-eabi/lib/thumb/v7e-m+fp/hard\libc_nano.a(libc_a-mprec.o)
                0x000000000800ccc4                _Balloc
 .text._Bfree   0x000000000800cd44       0x44 C:/ST/STM32CubeIDE_1.14.0/STM32CubeIDE/plugins/com.st.stm32cube.ide.mcu.externaltools.gnu-tools-for-stm32.11.3.rel1.win32_1.1.100.202309141235/tools/bin/../lib/gcc/arm-none-eabi/11.3.1/../../../../arm-none-eabi/lib/thumb/v7e-m+fp/hard\libc_nano.a(libc_a-mprec.o)
                0x000000000800cd44                _Bfree
 .text.__multadd
                0x000000000800cd88       0x8c C:/ST/STM32CubeIDE_1.14.0/STM32CubeIDE/plugins/com.st.stm32cube.ide.mcu.externaltools.gnu-tools-for-stm32.11.3.rel1.win32_1.1.100.202309141235/tools/bin/../lib/gcc/arm-none-eabi/11.3.1/../../../../arm-none-eabi/lib/thumb/v7e-m+fp/hard\libc_nano.a(libc_a-mprec.o)
                0x000000000800cd88                __multadd
 .text.__hi0bits
                0x000000000800ce14       0x40 C:/ST/STM32CubeIDE_1.14.0/STM32CubeIDE/plugins/com.st.stm32cube.ide.mcu.externaltools.gnu-tools-for-stm32.11.3.rel1.win32_1.1.100.202309141235/tools/bin/../lib/gcc/arm-none-eabi/11.3.1/../../../../arm-none-eabi/lib/thumb/v7e-m+fp/hard\libc_nano.a(libc_a-mprec.o)
                0x000000000800ce14                __hi0bits
 .text.__lo0bits
                0x000000000800ce54       0x5a C:/ST/STM32CubeIDE_1.14.0/STM32CubeIDE/plugins/com.st.stm32cube.ide.mcu.externaltools.gnu-tools-for-stm32.11.3.rel1.win32_1.1.100.202309141235/tools/bin/../lib/gcc/arm-none-eabi/11.3.1/../../../../arm-none-eabi/lib/thumb/v7e-m+fp/hard\libc_nano.a(libc_a-mprec.o)
                0x000000000800ce54                __lo0bits
 *fill*         0x000000000800ceae        0x2 
 .text.__i2b    0x000000000800ceb0       0x2c C:/ST/STM32CubeIDE_1.14.0/STM32CubeIDE/plugins/com.st.stm32cube.ide.mcu.externaltools.gnu-tools-for-stm32.11.3.rel1.win32_1.1.100.202309141235/tools/bin/../lib/gcc/arm-none-eabi/11.3.1/../../../../arm-none-eabi/lib/thumb/v7e-m+fp/hard\libc_nano.a(libc_a-mprec.o)
                0x000000000800ceb0                __i2b
 .text.__multiply
                0x000000000800cedc      0x154 C:/ST/STM32CubeIDE_1.14.0/STM32CubeIDE/plugins/com.st.stm32cube.ide.mcu.externaltools.gnu-tools-for-stm32.11.3.rel1.win32_1.1.100.202309141235/tools/bin/../lib/gcc/arm-none-eabi/11.3.1/../../../../arm-none-eabi/lib/thumb/v7e-m+fp/hard\libc_nano.a(libc_a-mprec.o)
                0x000000000800cedc                __multiply
 .text.__pow5mult
                0x000000000800d030       0xb4 C:/ST/STM32CubeIDE_1.14.0/STM32CubeIDE/plugins/com.st.stm32cube.ide.mcu.externaltools.gnu-tools-for-stm32.11.3.rel1.win32_1.1.100.202309141235/tools/bin/../lib/gcc/arm-none-eabi/11.3.1/../../../../arm-none-eabi/lib/thumb/v7e-m+fp/hard\libc_nano.a(libc_a-mprec.o)
                0x000000000800d030                __pow5mult
 .text.__lshift
                0x000000000800d0e4       0xd8 C:/ST/STM32CubeIDE_1.14.0/STM32CubeIDE/plugins/com.st.stm32cube.ide.mcu.externaltools.gnu-tools-for-stm32.11.3.rel1.win32_1.1.100.202309141235/tools/bin/../lib/gcc/arm-none-eabi/11.3.1/../../../../arm-none-eabi/lib/thumb/v7e-m+fp/hard\libc_nano.a(libc_a-mprec.o)
                0x000000000800d0e4                __lshift
 .text.__mcmp   0x000000000800d1bc       0x38 C:/ST/STM32CubeIDE_1.14.0/STM32CubeIDE/plugins/com.st.stm32cube.ide.mcu.externaltools.gnu-tools-for-stm32.11.3.rel1.win32_1.1.100.202309141235/tools/bin/../lib/gcc/arm-none-eabi/11.3.1/../../../../arm-none-eabi/lib/thumb/v7e-m+fp/hard\libc_nano.a(libc_a-mprec.o)
                0x000000000800d1bc                __mcmp
 .text.__mdiff  0x000000000800d1f4      0x114 C:/ST/STM32CubeIDE_1.14.0/STM32CubeIDE/plugins/com.st.stm32cube.ide.mcu.externaltools.gnu-tools-for-stm32.11.3.rel1.win32_1.1.100.202309141235/tools/bin/../lib/gcc/arm-none-eabi/11.3.1/../../../../arm-none-eabi/lib/thumb/v7e-m+fp/hard\libc_nano.a(libc_a-mprec.o)
                0x000000000800d1f4                __mdiff
 .text.__d2b    0x000000000800d308       0xb4 C:/ST/STM32CubeIDE_1.14.0/STM32CubeIDE/plugins/com.st.stm32cube.ide.mcu.externaltools.gnu-tools-for-stm32.11.3.rel1.win32_1.1.100.202309141235/tools/bin/../lib/gcc/arm-none-eabi/11.3.1/../../../../arm-none-eabi/lib/thumb/v7e-m+fp/hard\libc_nano.a(libc_a-mprec.o)
                0x000000000800d308                __d2b
 .text.__sfputc_r
                0x000000000800d3bc       0x2e C:/ST/STM32CubeIDE_1.14.0/STM32CubeIDE/plugins/com.st.stm32cube.ide.mcu.externaltools.gnu-tools-for-stm32.11.3.rel1.win32_1.1.100.202309141235/tools/bin/../lib/gcc/arm-none-eabi/11.3.1/../../../../arm-none-eabi/lib/thumb/v7e-m+fp/hard\libc_nano.a(libc_a-nano-vfprintf.o)
 .text.__sfputs_r
                0x000000000800d3ea       0x24 C:/ST/STM32CubeIDE_1.14.0/STM32CubeIDE/plugins/com.st.stm32cube.ide.mcu.externaltools.gnu-tools-for-stm32.11.3.rel1.win32_1.1.100.202309141235/tools/bin/../lib/gcc/arm-none-eabi/11.3.1/../../../../arm-none-eabi/lib/thumb/v7e-m+fp/hard\libc_nano.a(libc_a-nano-vfprintf.o)
                0x000000000800d3ea                __sfputs_r
 *fill*         0x000000000800d40e        0x2 
 .text._vfprintf_r
                0x000000000800d410      0x234 C:/ST/STM32CubeIDE_1.14.0/STM32CubeIDE/plugins/com.st.stm32cube.ide.mcu.externaltools.gnu-tools-for-stm32.11.3.rel1.win32_1.1.100.202309141235/tools/bin/../lib/gcc/arm-none-eabi/11.3.1/../../../../arm-none-eabi/lib/thumb/v7e-m+fp/hard\libc_nano.a(libc_a-nano-vfprintf.o)
                0x000000000800d410                _vfprintf_r
                0x000000000800d410                _vfiprintf_r
 .text.__sflush_r
                0x000000000800d644      0x10c C:/ST/STM32CubeIDE_1.14.0/STM32CubeIDE/plugins/com.st.stm32cube.ide.mcu.externaltools.gnu-tools-for-stm32.11.3.rel1.win32_1.1.100.202309141235/tools/bin/../lib/gcc/arm-none-eabi/11.3.1/../../../../arm-none-eabi/lib/thumb/v7e-m+fp/hard\libc_nano.a(libc_a-fflush.o)
                0x000000000800d644                __sflush_r
 .text._fflush_r
                0x000000000800d750       0x50 C:/ST/STM32CubeIDE_1.14.0/STM32CubeIDE/plugins/com.st.stm32cube.ide.mcu.externaltools.gnu-tools-for-stm32.11.3.rel1.win32_1.1.100.202309141235/tools/bin/../lib/gcc/arm-none-eabi/11.3.1/../../../../arm-none-eabi/lib/thumb/v7e-m+fp/hard\libc_nano.a(libc_a-fflush.o)
                0x000000000800d750                _fflush_r
 .text.__swhatbuf_r
                0x000000000800d7a0       0x4c C:/ST/STM32CubeIDE_1.14.0/STM32CubeIDE/plugins/com.st.stm32cube.ide.mcu.externaltools.gnu-tools-for-stm32.11.3.rel1.win32_1.1.100.202309141235/tools/bin/../lib/gcc/arm-none-eabi/11.3.1/../../../../arm-none-eabi/lib/thumb/v7e-m+fp/hard\libc_nano.a(libc_a-makebuf.o)
                0x000000000800d7a0                __swhatbuf_r
 .text.__smakebuf_r
                0x000000000800d7ec       0x78 C:/ST/STM32CubeIDE_1.14.0/STM32CubeIDE/plugins/com.st.stm32cube.ide.mcu.externaltools.gnu-tools-for-stm32.11.3.rel1.win32_1.1.100.202309141235/tools/bin/../lib/gcc/arm-none-eabi/11.3.1/../../../../arm-none-eabi/lib/thumb/v7e-m+fp/hard\libc_nano.a(libc_a-makebuf.o)
                0x000000000800d7ec                __smakebuf_r
 .text._fstat_r
                0x000000000800d864       0x24 C:/ST/STM32CubeIDE_1.14.0/STM32CubeIDE/plugins/com.st.stm32cube.ide.mcu.externaltools.gnu-tools-for-stm32.11.3.rel1.win32_1.1.100.202309141235/tools/bin/../lib/gcc/arm-none-eabi/11.3.1/../../../../arm-none-eabi/lib/thumb/v7e-m+fp/hard\libc_nano.a(libc_a-fstatr.o)
                0x000000000800d864                _fstat_r
 .text._isatty_r
                0x000000000800d888       0x20 C:/ST/STM32CubeIDE_1.14.0/STM32CubeIDE/plugins/com.st.stm32cube.ide.mcu.externaltools.gnu-tools-for-stm32.11.3.rel1.win32_1.1.100.202309141235/tools/bin/../lib/gcc/arm-none-eabi/11.3.1/../../../../arm-none-eabi/lib/thumb/v7e-m+fp/hard\libc_nano.a(libc_a-isattyr.o)
                0x000000000800d888                _isatty_r
 .text._sbrk_r  0x000000000800d8a8       0x20 C:/ST/STM32CubeIDE_1.14.0/STM32CubeIDE/plugins/com.st.stm32cube.ide.mcu.externaltools.gnu-tools-for-stm32.11.3.rel1.win32_1.1.100.202309141235/tools/bin/../lib/gcc/arm-none-eabi/11.3.1/../../../../arm-none-eabi/lib/thumb/v7e-m+fp/hard\libc_nano.a(libc_a-sbrkr.o)
                0x000000000800d8a8                _sbrk_r
 .text.__assert_func
                0x000000000800d8c8       0x3c C:/ST/STM32CubeIDE_1.14.0/STM32CubeIDE/plugins/com.st.stm32cube.ide.mcu.externaltools.gnu-tools-for-stm32.11.3.rel1.win32_1.1.100.202309141235/tools/bin/../lib/gcc/arm-none-eabi/11.3.1/../../../../arm-none-eabi/lib/thumb/v7e-m+fp/hard\libc_nano.a(libc_a-assert.o)
                0x000000000800d8c8                __assert_func
 .text._calloc_r
                0x000000000800d904       0x2c C:/ST/STM32CubeIDE_1.14.0/STM32CubeIDE/plugins/com.st.stm32cube.ide.mcu.externaltools.gnu-tools-for-stm32.11.3.rel1.win32_1.1.100.202309141235/tools/bin/../lib/gcc/arm-none-eabi/11.3.1/../../../../arm-none-eabi/lib/thumb/v7e-m+fp/hard\libc_nano.a(libc_a-callocr.o)
                0x000000000800d904                _calloc_r
 .text.__ascii_mbtowc
                0x000000000800d930       0x24 C:/ST/STM32CubeIDE_1.14.0/STM32CubeIDE/plugins/com.st.stm32cube.ide.mcu.externaltools.gnu-tools-for-stm32.11.3.rel1.win32_1.1.100.202309141235/tools/bin/../lib/gcc/arm-none-eabi/11.3.1/../../../../arm-none-eabi/lib/thumb/v7e-m+fp/hard\libc_nano.a(libc_a-mbtowc_r.o)
                0x000000000800d930                __ascii_mbtowc
 .text.__ascii_wctomb
                0x000000000800d954       0x1a C:/ST/STM32CubeIDE_1.14.0/STM32CubeIDE/plugins/com.st.stm32cube.ide.mcu.externaltools.gnu-tools-for-stm32.11.3.rel1.win32_1.1.100.202309141235/tools/bin/../lib/gcc/arm-none-eabi/11.3.1/../../../../arm-none-eabi/lib/thumb/v7e-m+fp/hard\libc_nano.a(libc_a-wctomb_r.o)
                0x000000000800d954                __ascii_wctomb
 *fill*         0x000000000800d96e        0x2 
 .text.fprintf  0x000000000800d970       0x24 C:/ST/STM32CubeIDE_1.14.0/STM32CubeIDE/plugins/com.st.stm32cube.ide.mcu.externaltools.gnu-tools-for-stm32.11.3.rel1.win32_1.1.100.202309141235/tools/bin/../lib/gcc/arm-none-eabi/11.3.1/../../../../arm-none-eabi/lib/thumb/v7e-m+fp/hard\libc_nano.a(libc_a-fprintf.o)
                0x000000000800d970                fiprintf
                0x000000000800d970                fprintf
 .text.abort    0x000000000800d994        0xe C:/ST/STM32CubeIDE_1.14.0/STM32CubeIDE/plugins/com.st.stm32cube.ide.mcu.externaltools.gnu-tools-for-stm32.11.3.rel1.win32_1.1.100.202309141235/tools/bin/../lib/gcc/arm-none-eabi/11.3.1/../../../../arm-none-eabi/lib/thumb/v7e-m+fp/hard\libc_nano.a(libc_a-abort.o)
                0x000000000800d994                abort
 .text._raise_r
                0x000000000800d9a2       0x50 C:/ST/STM32CubeIDE_1.14.0/STM32CubeIDE/plugins/com.st.stm32cube.ide.mcu.externaltools.gnu-tools-for-stm32.11.3.rel1.win32_1.1.100.202309141235/tools/bin/../lib/gcc/arm-none-eabi/11.3.1/../../../../arm-none-eabi/lib/thumb/v7e-m+fp/hard\libc_nano.a(libc_a-signal.o)
                0x000000000800d9a2                _raise_r
 *fill*         0x000000000800d9f2        0x2 
 .text.raise    0x000000000800d9f4       0x10 C:/ST/STM32CubeIDE_1.14.0/STM32CubeIDE/plugins/com.st.stm32cube.ide.mcu.externaltools.gnu-tools-for-stm32.11.3.rel1.win32_1.1.100.202309141235/tools/bin/../lib/gcc/arm-none-eabi/11.3.1/../../../../arm-none-eabi/lib/thumb/v7e-m+fp/hard\libc_nano.a(libc_a-signal.o)
                0x000000000800d9f4                raise
 .text._kill_r  0x000000000800da04       0x24 C:/ST/STM32CubeIDE_1.14.0/STM32CubeIDE/plugins/com.st.stm32cube.ide.mcu.externaltools.gnu-tools-for-stm32.11.3.rel1.win32_1.1.100.202309141235/tools/bin/../lib/gcc/arm-none-eabi/11.3.1/../../../../arm-none-eabi/lib/thumb/v7e-m+fp/hard\libc_nano.a(libc_a-signalr.o)
                0x000000000800da04                _kill_r
 .text._getpid_r
                0x000000000800da28        0x4 C:/ST/STM32CubeIDE_1.14.0/STM32CubeIDE/plugins/com.st.stm32cube.ide.mcu.externaltools.gnu-tools-for-stm32.11.3.rel1.win32_1.1.100.202309141235/tools/bin/../lib/gcc/arm-none-eabi/11.3.1/../../../../arm-none-eabi/lib/thumb/v7e-m+fp/hard\libc_nano.a(libc_a-signalr.o)
                0x000000000800da28                _getpid_r
 .text._getpid  0x000000000800da2c       0x10 C:/ST/STM32CubeIDE_1.14.0/STM32CubeIDE/plugins/com.st.stm32cube.ide.mcu.externaltools.gnu-tools-for-stm32.11.3.rel1.win32_1.1.100.202309141235/tools/bin/../lib/gcc/arm-none-eabi/11.3.1/../../../../arm-none-eabi/lib/thumb/v7e-m+fp/hard\libnosys.a(getpid.o)
                0x000000000800da2c                _getpid
 .text._kill    0x000000000800da3c       0x10 C:/ST/STM32CubeIDE_1.14.0/STM32CubeIDE/plugins/com.st.stm32cube.ide.mcu.externaltools.gnu-tools-for-stm32.11.3.rel1.win32_1.1.100.202309141235/tools/bin/../lib/gcc/arm-none-eabi/11.3.1/../../../../arm-none-eabi/lib/thumb/v7e-m+fp/hard\libnosys.a(kill.o)
                0x000000000800da3c                _kill
 .text._exit    0x000000000800da4c        0x2 C:/ST/STM32CubeIDE_1.14.0/STM32CubeIDE/plugins/com.st.stm32cube.ide.mcu.externaltools.gnu-tools-for-stm32.11.3.rel1.win32_1.1.100.202309141235/tools/bin/../lib/gcc/arm-none-eabi/11.3.1/../../../../arm-none-eabi/lib/thumb/v7e-m+fp/hard\libnosys.a(_exit.o)
                0x000000000800da4c                _exit
 *(.glue_7)
 .glue_7        0x000000000800da4e        0x0 linker stubs
 *(.glue_7t)
 .glue_7t       0x000000000800da4e        0x0 linker stubs
 *(.eh_frame)
 *fill*         0x000000000800da4e        0x2 
 .eh_frame      0x000000000800da50        0x0 C:/ST/STM32CubeIDE_1.14.0/STM32CubeIDE/plugins/com.st.stm32cube.ide.mcu.externaltools.gnu-tools-for-stm32.11.3.rel1.win32_1.1.100.202309141235/tools/bin/../lib/gcc/arm-none-eabi/11.3.1/thumb/v7e-m+fp/hard/crtbegin.o
 *(.init)
 .init          0x000000000800da50        0x4 C:/ST/STM32CubeIDE_1.14.0/STM32CubeIDE/plugins/com.st.stm32cube.ide.mcu.externaltools.gnu-tools-for-stm32.11.3.rel1.win32_1.1.100.202309141235/tools/bin/../lib/gcc/arm-none-eabi/11.3.1/thumb/v7e-m+fp/hard/crti.o
                0x000000000800da50                _init
 .init          0x000000000800da54        0x8 C:/ST/STM32CubeIDE_1.14.0/STM32CubeIDE/plugins/com.st.stm32cube.ide.mcu.externaltools.gnu-tools-for-stm32.11.3.rel1.win32_1.1.100.202309141235/tools/bin/../lib/gcc/arm-none-eabi/11.3.1/thumb/v7e-m+fp/hard/crtn.o
 *(.fini)
 .fini          0x000000000800da5c        0x4 C:/ST/STM32CubeIDE_1.14.0/STM32CubeIDE/plugins/com.st.stm32cube.ide.mcu.externaltools.gnu-tools-for-stm32.11.3.rel1.win32_1.1.100.202309141235/tools/bin/../lib/gcc/arm-none-eabi/11.3.1/thumb/v7e-m+fp/hard/crti.o
                0x000000000800da5c                _fini
 .fini          0x000000000800da60        0x8 C:/ST/STM32CubeIDE_1.14.0/STM32CubeIDE/plugins/com.st.stm32cube.ide.mcu.externaltools.gnu-tools-for-stm32.11.3.rel1.win32_1.1.100.202309141235/tools/bin/../lib/gcc/arm-none-eabi/11.3.1/thumb/v7e-m+fp/hard/crtn.o
                0x000000000800da68                . = ALIGN (0x4)
                0x000000000800da68                _etext = .

.vfp11_veneer   0x000000000800da68        0x0
 .vfp11_veneer  0x000000000800da68        0x0 linker stubs

.v4_bx          0x000000000800da68        0x0
 .v4_bx         0x000000000800da68        0x0 linker stubs

.iplt           0x000000000800da68        0x0
 .iplt          0x000000000800da68        0x0 C:/ST/STM32CubeIDE_1.14.0/STM32CubeIDE/plugins/com.st.stm32cube.ide.mcu.externaltools.gnu-tools-for-stm32.11.3.rel1.win32_1.1.100.202309141235/tools/bin/../lib/gcc/arm-none-eabi/11.3.1/thumb/v7e-m+fp/hard/crtbegin.o

.rodata         0x000000000800da68    0x1266c
                0x000000000800da68                . = ALIGN (0x4)
 *(.rodata)
 .rodata        0x000000000800da68       0xcc ./Core/Src/adc_dblbuf.o
 .rodata        0x000000000800db34       0xc8 ./Core/Src/main.o
 .rodata        0x000000000800dbfc      0x2a3 ./Core/Src/s2lp.o
 *fill*         0x000000000800de9f        0x1 
 .rodata        0x000000000800dea0       0x11 ./Core/Src/utils.o
 *(.rodata*)
 *fill*         0x000000000800deb1        0x3 
 .rodata.AES_Key
                0x000000000800deb4       0x10 ./Core/Src/packet.o
                0x000000000800deb4                AES_Key
 .rodata.AHBPrescTable
                0x000000000800dec4       0x10 ./Core/Src/system_stm32l4xx.o
                0x000000000800dec4                AHBPrescTable
 .rodata.APBPrescTable
                0x000000000800ded4        0x8 ./Core/Src/system_stm32l4xx.o
                0x000000000800ded4                APBPrescTable
 .rodata.MSIRangeTable
                0x000000000800dedc       0x30 ./Core/Src/system_stm32l4xx.o
                0x000000000800dedc                MSIRangeTable
 .rodata.arm_cfft_sR_q15_len1024
                0x000000000800df0c       0x10 C:\Users\crens\Documents\M1-Q1\LELEC210X\git\lelec210X_GroupeF\goldenProject\STM\BuildData\ARM_CMSIS\CMSIS\DSP\Lib\GCC\libarm_cortexM4lf_math.a(arm_const_structs.o)
                0x000000000800df0c                arm_cfft_sR_q15_len1024
 .rodata.arm_cfft_sR_q15_len128
                0x000000000800df1c       0x10 C:\Users\crens\Documents\M1-Q1\LELEC210X\git\lelec210X_GroupeF\goldenProject\STM\BuildData\ARM_CMSIS\CMSIS\DSP\Lib\GCC\libarm_cortexM4lf_math.a(arm_const_structs.o)
                0x000000000800df1c                arm_cfft_sR_q15_len128
 .rodata.arm_cfft_sR_q15_len16
                0x000000000800df2c       0x10 C:\Users\crens\Documents\M1-Q1\LELEC210X\git\lelec210X_GroupeF\goldenProject\STM\BuildData\ARM_CMSIS\CMSIS\DSP\Lib\GCC\libarm_cortexM4lf_math.a(arm_const_structs.o)
                0x000000000800df2c                arm_cfft_sR_q15_len16
 .rodata.arm_cfft_sR_q15_len2048
                0x000000000800df3c       0x10 C:\Users\crens\Documents\M1-Q1\LELEC210X\git\lelec210X_GroupeF\goldenProject\STM\BuildData\ARM_CMSIS\CMSIS\DSP\Lib\GCC\libarm_cortexM4lf_math.a(arm_const_structs.o)
                0x000000000800df3c                arm_cfft_sR_q15_len2048
 .rodata.arm_cfft_sR_q15_len256
                0x000000000800df4c       0x10 C:\Users\crens\Documents\M1-Q1\LELEC210X\git\lelec210X_GroupeF\goldenProject\STM\BuildData\ARM_CMSIS\CMSIS\DSP\Lib\GCC\libarm_cortexM4lf_math.a(arm_const_structs.o)
                0x000000000800df4c                arm_cfft_sR_q15_len256
 .rodata.arm_cfft_sR_q15_len32
                0x000000000800df5c       0x10 C:\Users\crens\Documents\M1-Q1\LELEC210X\git\lelec210X_GroupeF\goldenProject\STM\BuildData\ARM_CMSIS\CMSIS\DSP\Lib\GCC\libarm_cortexM4lf_math.a(arm_const_structs.o)
                0x000000000800df5c                arm_cfft_sR_q15_len32
 .rodata.arm_cfft_sR_q15_len4096
                0x000000000800df6c       0x10 C:\Users\crens\Documents\M1-Q1\LELEC210X\git\lelec210X_GroupeF\goldenProject\STM\BuildData\ARM_CMSIS\CMSIS\DSP\Lib\GCC\libarm_cortexM4lf_math.a(arm_const_structs.o)
                0x000000000800df6c                arm_cfft_sR_q15_len4096
 .rodata.arm_cfft_sR_q15_len512
                0x000000000800df7c       0x10 C:\Users\crens\Documents\M1-Q1\LELEC210X\git\lelec210X_GroupeF\goldenProject\STM\BuildData\ARM_CMSIS\CMSIS\DSP\Lib\GCC\libarm_cortexM4lf_math.a(arm_const_structs.o)
                0x000000000800df7c                arm_cfft_sR_q15_len512
 .rodata.arm_cfft_sR_q15_len64
                0x000000000800df8c       0x10 C:\Users\crens\Documents\M1-Q1\LELEC210X\git\lelec210X_GroupeF\goldenProject\STM\BuildData\ARM_CMSIS\CMSIS\DSP\Lib\GCC\libarm_cortexM4lf_math.a(arm_const_structs.o)
                0x000000000800df8c                arm_cfft_sR_q15_len64
 .rodata.armBitRevIndexTable_fixed_1024
                0x000000000800df9c      0x7c0 C:\Users\crens\Documents\M1-Q1\LELEC210X\git\lelec210X_GroupeF\goldenProject\STM\BuildData\ARM_CMSIS\CMSIS\DSP\Lib\GCC\libarm_cortexM4lf_math.a(arm_common_tables.o)
                0x000000000800df9c                armBitRevIndexTable_fixed_1024
 .rodata.armBitRevIndexTable_fixed_128
                0x000000000800e75c       0xe0 C:\Users\crens\Documents\M1-Q1\LELEC210X\git\lelec210X_GroupeF\goldenProject\STM\BuildData\ARM_CMSIS\CMSIS\DSP\Lib\GCC\libarm_cortexM4lf_math.a(arm_common_tables.o)
                0x000000000800e75c                armBitRevIndexTable_fixed_128
 .rodata.armBitRevIndexTable_fixed_16
                0x000000000800e83c       0x18 C:\Users\crens\Documents\M1-Q1\LELEC210X\git\lelec210X_GroupeF\goldenProject\STM\BuildData\ARM_CMSIS\CMSIS\DSP\Lib\GCC\libarm_cortexM4lf_math.a(arm_common_tables.o)
                0x000000000800e83c                armBitRevIndexTable_fixed_16
 .rodata.armBitRevIndexTable_fixed_2048
                0x000000000800e854      0xf80 C:\Users\crens\Documents\M1-Q1\LELEC210X\git\lelec210X_GroupeF\goldenProject\STM\BuildData\ARM_CMSIS\CMSIS\DSP\Lib\GCC\libarm_cortexM4lf_math.a(arm_common_tables.o)
                0x000000000800e854                armBitRevIndexTable_fixed_2048
 .rodata.armBitRevIndexTable_fixed_256
                0x000000000800f7d4      0x1e0 C:\Users\crens\Documents\M1-Q1\LELEC210X\git\lelec210X_GroupeF\goldenProject\STM\BuildData\ARM_CMSIS\CMSIS\DSP\Lib\GCC\libarm_cortexM4lf_math.a(arm_common_tables.o)
                0x000000000800f7d4                armBitRevIndexTable_fixed_256
 .rodata.armBitRevIndexTable_fixed_32
                0x000000000800f9b4       0x30 C:\Users\crens\Documents\M1-Q1\LELEC210X\git\lelec210X_GroupeF\goldenProject\STM\BuildData\ARM_CMSIS\CMSIS\DSP\Lib\GCC\libarm_cortexM4lf_math.a(arm_common_tables.o)
                0x000000000800f9b4                armBitRevIndexTable_fixed_32
 .rodata.armBitRevIndexTable_fixed_4096
                0x000000000800f9e4     0x1f80 C:\Users\crens\Documents\M1-Q1\LELEC210X\git\lelec210X_GroupeF\goldenProject\STM\BuildData\ARM_CMSIS\CMSIS\DSP\Lib\GCC\libarm_cortexM4lf_math.a(arm_common_tables.o)
                0x000000000800f9e4                armBitRevIndexTable_fixed_4096
 .rodata.armBitRevIndexTable_fixed_512
                0x0000000008011964      0x3c0 C:\Users\crens\Documents\M1-Q1\LELEC210X\git\lelec210X_GroupeF\goldenProject\STM\BuildData\ARM_CMSIS\CMSIS\DSP\Lib\GCC\libarm_cortexM4lf_math.a(arm_common_tables.o)
                0x0000000008011964                armBitRevIndexTable_fixed_512
 .rodata.armBitRevIndexTable_fixed_64
                0x0000000008011d24       0x70 C:\Users\crens\Documents\M1-Q1\LELEC210X\git\lelec210X_GroupeF\goldenProject\STM\BuildData\ARM_CMSIS\CMSIS\DSP\Lib\GCC\libarm_cortexM4lf_math.a(arm_common_tables.o)
                0x0000000008011d24                armBitRevIndexTable_fixed_64
 .rodata.realCoefAQ15
                0x0000000008011d94     0x4000 C:\Users\crens\Documents\M1-Q1\LELEC210X\git\lelec210X_GroupeF\goldenProject\STM\BuildData\ARM_CMSIS\CMSIS\DSP\Lib\GCC\libarm_cortexM4lf_math.a(arm_common_tables.o)
                0x0000000008011d94                realCoefAQ15
 .rodata.realCoefBQ15
                0x0000000008015d94     0x4000 C:\Users\crens\Documents\M1-Q1\LELEC210X\git\lelec210X_GroupeF\goldenProject\STM\BuildData\ARM_CMSIS\CMSIS\DSP\Lib\GCC\libarm_cortexM4lf_math.a(arm_common_tables.o)
                0x0000000008015d94                realCoefBQ15
 .rodata.twiddleCoef_1024_q15
                0x0000000008019d94      0xc00 C:\Users\crens\Documents\M1-Q1\LELEC210X\git\lelec210X_GroupeF\goldenProject\STM\BuildData\ARM_CMSIS\CMSIS\DSP\Lib\GCC\libarm_cortexM4lf_math.a(arm_common_tables.o)
                0x0000000008019d94                twiddleCoef_1024_q15