../Core/Inc/spectrogram.h:13:21:q15_to_float	24	static
../Core/Src/adc_dblbuf.c:27:5:StartADCAcq	16	static
../Core/Src/adc_dblbuf.c:38:5:IsADCFinished	4	static
../Core/Src/adc_dblbuf.c:42:13:StopADCAcq	8	static
../Core/Src/adc_dblbuf.c:46:13:print_spectrogram	16	static
../Core/Src/adc_dblbuf.c:61:13:print_encoded_packet	1672	static
../Core/Src/adc_dblbuf.c:69:13:encode_packet	24	static
../Core/Src/adc_dblbuf.c:87:13:send_spectrogram	832	static
../Core/Src/adc_dblbuf.c:102:10:get_signal_power	120	static
../Core/Src/adc_dblbuf.c:112:13:ADC_Callback	24	static
../Core/Src/adc_dblbuf.c:178:6:HAL_ADC_ConvCpltCallback	16	static
../Core/Src/adc_dblbuf.c:183:6:HAL_ADC_ConvHalfCpltCallback	16	static
