../Core/Inc/spectrogram.h:13:21:q15_to_float	24	static
../Core/Src/adc_dblbuf.c:25:5:StartADCAcq	16	static
../Core/Src/adc_dblbuf.c:36:5:IsADCFinished	4	static
../Core/Src/adc_dblbuf.c:40:13:StopADCAcq	8	static
../Core/Src/adc_dblbuf.c:44:13:print_spectrogram	16	static
../Core/Src/adc_dblbuf.c:59:13:print_encoded_packet	1672	static
../Core/Src/adc_dblbuf.c:67:13:encode_packet	24	static
../Core/Src/adc_dblbuf.c:85:13:send_spectrogram	832	static
../Core/Src/adc_dblbuf.c:99:10:get_signal_power	120	static
../Core/Src/adc_dblbuf.c:109:13:ADC_Callback	24	static
../Core/Src/adc_dblbuf.c:147:6:HAL_ADC_ConvCpltCallback	16	static
../Core/Src/adc_dblbuf.c:152:6:HAL_ADC_ConvHalfCpltCallback	16	static
