../Core/Inc/spectrogram.h:13:21:q15_to_float	24	static
../Core/Src/adc_dblbuf.c:22:5:StartADCAcq	16	static
../Core/Src/adc_dblbuf.c:33:5:IsADCFinished	4	static
../Core/Src/adc_dblbuf.c:37:13:StopADCAcq	8	static
../Core/Src/adc_dblbuf.c:41:13:print_spectrogram	1624	static
../Core/Src/adc_dblbuf.c:61:13:print_encoded_packet	1672	static
../Core/Src/adc_dblbuf.c:69:13:encode_packet	24	static
../Core/Src/adc_dblbuf.c:87:13:send_spectrogram	832	static
../Core/Src/adc_dblbuf.c:101:13:ADC_Callback	16	static
../Core/Src/adc_dblbuf.c:128:6:HAL_ADC_ConvCpltCallback	16	static
../Core/Src/adc_dblbuf.c:133:6:HAL_ADC_ConvHalfCpltCallback	16	static
